Open Watcom Linker Version 1.9
Portions Copyright (c) 1985-2002 Sybase, Inc. All Rights Reserved.
Created on:       22/03/31 07:43:00
Executable Image: testobject.exe
creating a Windows NT character-mode executable


                        +------------+
                        |   Groups   |
                        +------------+

Group                           Address              Size
=====                           =======              ====

.idata                          0042d000             00000518
DGROUP                          0042e000             00015cc0



                        +--------------+
                        |   Segments   |
                        +--------------+

Segment                Class          Group          Address         Size
=======                =====          =====          =======         ====

BEGTEXT                CODE           AUTO           00401000        00000007
_TEXT                  CODE           AUTO           00401010        0002b5d5
CODE32                 CODE           AUTO           0042c5e8        00000575
TRANSFER CODE          CODE           AUTO           0042cb60        00000114
.idata                 .idata         .idata         0042d000        00000518
_NULL                  BEGDATA        DGROUP         0042e000        00000004
_AFTERNULL             BEGDATA        DGROUP         0042e004        00000000
CONST                  DATA           DGROUP         0042e004        000012c4
CONST2                 DATA           DGROUP         0042f2d0        000018bc
_DATA                  DATA           DGROUP         00430b90        00001a30
XIB                    DATA           DGROUP         004325c0        00000000
XI                     DATA           DGROUP         004325c0        0000004e
XIE                    DATA           DGROUP         0043260e        00000000
YIB                    DATA           DGROUP         0043260e        00000000
YI                     DATA           DGROUP         0043260e        00000024
YIE                    DATA           DGROUP         00432632        00000000
DATA32                 DATA           DGROUP         00432634        00000310
TIB                    DATA           DGROUP         00432944        00000000
TI                     DATA           DGROUP         00432944        00000000
TIE                    DATA           DGROUP         00432944        00000000
DATA                   DATA           DGROUP         00432944        00000000
CONST32                CONST          DGROUP         00433000        00000000
_BSS                   BSS            DGROUP         00433000        00000cb8
BSS32                  BSS            DGROUP         00433cb8        00000000
STACK                  STACK          DGROUP         00433cc0        00010000


                        +----------------+
                        |   Memory Map   |
                        +----------------+

* = unreferenced symbol
+ = symbol only referenced locally

Address        Symbol
=======        ======

Module: be_eu.obj(C:\Users\jc410\Documents\CPPEuObject\be_eu.c)
00401010+      Cleanup_
0040103c       UserCleanup_
00401068+      SimpleRTFatal_
004010c1       RTFatal_
004010ed+      SpaceMessage_
00401118+      EMalloc_
00401169+      ERealloc_
004011be       NewS1_
00401254       NewString_
004012c9+      SequenceCopy_
00401386       NewDouble_
004013e2*      Dadd_
00401422*      Dminus_
00401462*      Dmultiply_
004014a2       doChar_
0040150f       Prepend_
00401664       Append_
00401849       Concat_
00401b00       Concat_N_
00401c69*      Concat_Ni_
00401dd6*      RepeatElem_
00401e2a       Repeat_
00401fab       de_reference_
0040213e*      DeRef1_
00402182*      DeRef5_
0040224b*      de_reference_i_
004022f6       DoubleToInt_
0040237d*      x_
004023b2*      add_
00402408*      minus_
0040245e*      multiply_
00402534*      divide_
00402599*      Ddivide_
004025f7       eremainder_
00402639+      check_bits_
004026ac       and_bits_
004026dd       Dand_bits_
0040276c       or_bits_
0040279d       Dor_bits_
0040282c       xor_bits_
0040285d       Dxor_bits_
004028ec       not_bits_
0040291c       Dnot_bits_
004029b7*      equals_
004029f7*      Dequals_
00402a3e*      less_
00402a7e*      Dless_
00402ac5*      greater_
00402b05*      Dgreater_
00402b4c*      noteq_
00402b8c*      Dnoteq_
00402bd3*      lesseq_
00402c13*      Dlesseq_
00402c5a*      greatereq_
00402c9a*      Dgreatereq_
00402ce1*      Band_
00402d27*      Dand_
00402d89*      Bor_
00402dcd*      Dor_
00402e2d*      Bxor_
00402e99*      Dxor_
00402f21*      uminus_
00402f6b*      Duminus_
00402fa7*      unot_
00402fe4*      Dnot_
0040302f       compare_
00403244       find_
004033d5       e_match_
0040353b+      CheckSlice_
00403667*      RHS_Slice_
00403920*      AssignSlice_
00403b5d       MakeCString_
00403c05       make_atom32_
00403c5b       find_from_
00403e5f       e_match_from_
00404035+      screen_output_
00433000+      _TempBuff
00433410+      _assign_slice_seq
00433414+      _rhs_slice_target
Module: be_funcs.obj(C:\Users\jc410\Documents\CPPEuObject\be_funcs.c)
00404065*      Date_
00404123+      setran32_
00404207+      good_rand32_
0040433d       Random32_
00404382       DRandom32_
0040442f+      calc_hash32_
00404a9c+      get_int32_
00404b27       get_rand32_
00404b82       set_rand32_
00430b90+      _rand_was_set
00433418+      _seed2
0043341c+      _seed1
Module: be_math.obj(C:\Users\jc410\Documents\CPPEuObject\be_math.c)
00404ce2       Dremainder_
00404d51       power_
00404e4f       Dpower_
00404efe       e_sqrt_
00404f51       De_sqrt_
00404fac       e_sin_
00404fef       De_sin_
00405034       e_cos_
00405077       De_cos_
004050bc       e_tan_
004050ff       De_tan_
00405144       e_arctan_
00405187       De_arctan_
004051cc       e_log_
0040521f       De_log_
0040527a       e_floor_
004052a7       De_floor_
Module: test.obj(C:\Users\jc410\Documents\CPPEuObject\test.cpp)
0041d6ea+      void near eu::base_class::ShowDebug()
0041d815+      near eu::base_class::~base_class()
0041d9c8+      void near eu::base_class::println( int, int, char const near *, int )
0041da08+      near eu::Integer::Integer()
0041da5f+      near eu::Integer::~Integer()
0041de20+      near eu::Integer::Integer( eu::Integer const near & )
0041e031+      near eu::Atom::Atom()
0041e088+      near eu::Atom::~Atom()
0041e449+      near eu::Atom::Atom( eu::Atom const near & )
0040530f+      long near eu::is_seq_string( long, long, long )
004053b0+      long near eu::RefRet( long )
004053e6*      int near eu::Version()
00405411*      void near eu::Abort( long )
0040543d+      void near eu::print( long, int, int, char const near *, int )
004056b2+      void near eu::println( long, int, int, char const near *, int )
004056fe+      long near eu::seq( long, ... )
00405804*      eu::Atom near eu::A_not_bits( eu::Atom )
0041e65a+      near eu::Sequence::Sequence()
0041e6b1+      near eu::Sequence::~Sequence()
0041ea72+      near eu::Sequence::Sequence( eu::Sequence const near & )
004069d0*      eu::Atom near eu::A_and_bits( eu::Atom, eu::Atom )
00407abc*      eu::Atom near eu::A_or_bits( eu::Atom, eu::Atom )
00408ba8*      eu::Atom near eu::A_xor_bits( eu::Atom, eu::Atom )
00409c94*      void near eu::S_concatN( eu::Sequence, eu::Sequence )
00409cd7*      long near eu::E_compare( long, long )
00409d0d*      long near eu::E_find( long, eu::Sequence )
00409d45*      long near eu::E_match( eu::Sequence, eu::Sequence )
00409d7f*      long near eu::E_find_from( long, eu::Sequence, long )
00409dbb*      long near eu::E_match_from( eu::Sequence, eu::Sequence, long )
00409df9+      long near eu::Sequence::E_at( long )
00409ec8*      eu::Sequence near eu::S_repeat( long, long )
0040a69a*      void near eu::Sequence::prepend( long )
0040a6e1*      void near eu::Sequence::append( long )
0040a728*      void near eu::S_prepend( eu::Sequence, eu::Sequence, long )
0040a770*      void near eu::S_append( eu::Sequence, eu::Sequence, long )
0041ec83+      near eu::Dbl::Dbl()
0041ecda+      near eu::Dbl::~Dbl()
0041f09b+      near eu::Dbl::Dbl( eu::Dbl const near & )
0040a7b8*      void near eu::S_concat( eu::Sequence, long, long )
0040a894*      eu::Dbl near eu::A_remainder( eu::Dbl, eu::Dbl )
0040b980*      eu::Dbl near eu::A_power( eu::Dbl, eu::Dbl )
0040ca6c*      eu::Dbl near eu::A_sqrt( eu::Dbl )
0040dc38*      eu::Dbl near eu::A_sin( eu::Dbl )
0040ee04*      eu::Dbl near eu::A_cos( eu::Dbl )
0040ffd0*      eu::Dbl near eu::A_tan( eu::Dbl )
0041119c*      eu::Dbl near eu::A_arctan( eu::Dbl )
00412368*      eu::Dbl near eu::A_log( eu::Dbl )
00413534*      eu::Dbl near eu::A_floor( eu::Dbl )
00414700*      eu::Integer near eu::IntegerRandom32( eu::Integer )
00414926*      eu::Atom near eu::AtomRandom32( eu::Atom )
00414e34*      eu::Sequence near eu::GetRand32()
0041503f*      void near eu::SetRand32( long )
0041506e+      void near myShowDebug( eu::base_class near * )
004151a4       main_
Module: C:\Users\jc410\OneDrive\euphoria\watcom/lib386/nt\clib3r.lib(stk)
0041f2ad       __CHK
0041f2bd*      __STK
0041f2dc*      __STKOVERFLOW_
0041f2ec       __GRO
0041f30c*      __alloca_probe
Module: C:\Users\jc410\OneDrive\euphoria\watcom/lib386/nt\clib3r.lib(exit.c)
0041f320+      __null_int23_exit_
0041f321       exit_
0041f371*      _exit_
00430bf0+      ___int23_exit
00430bf4+      ___FPE_handler_exit
Module: C:\Users\jc410\OneDrive\euphoria\watcom/lib386/nt\clib3r.lib(iob.c)
00430bf8       ___iob
00430e00*      __fmode
00433420       ___OpenStreams
00433424       ___ClosedStreams
Module: C:\Users\jc410\OneDrive\euphoria\watcom/lib386/nt\clib3r.lib(nmalloc.c)
0041f390       _nmalloc_
0041f390       malloc_
00430e04       ___nheapbeg
00430e08       ___MiniHeapRover
00430e0c       ___LargestSizeB4MiniHeapRover
Module: C:\Users\jc410\OneDrive\euphoria\watcom/lib386/nt\clib3r.lib(nrealloc.c)
0041f490*      _nrealloc_
0041f490       realloc_
Module: C:\Users\jc410\OneDrive\euphoria\watcom/lib386/nt\clib3r.lib(strlen.c)
0041f510       strlen_
Module: C:\Users\jc410\OneDrive\euphoria\watcom/lib386\math387r.lib(fchop87)
0041f524       __CHP
Module: C:\Users\jc410\OneDrive\euphoria\watcom/lib386/nt\clib3r.lib(nfree.c)
0041f540       _nfree_
0041f540       free_
00433428       ___MiniHeapFreeRover
Module: C:\Users\jc410\OneDrive\euphoria\watcom/lib386/nt\clib3r.lib(sprintf.c)
0041f650       sprintf_
Module: C:\Users\jc410\OneDrive\euphoria\watcom/lib386/nt\clib3r.lib(fputs.c)
0041f680       fputs_
Module: C:\Users\jc410\OneDrive\euphoria\watcom/lib386/nt\clib3r.lib(fltused.c)
00430e10       _fltused_
Module: C:\Users\jc410\OneDrive\euphoria\watcom/lib386/nt\emu387.lib(386)
0041f720       __init_387_emulator
0041f721*      __fini_387_emulator
Module: C:\Users\jc410\OneDrive\euphoria\watcom/lib386/nt\clib3r.lib(_8087)
00430e14       __8087
00430e15       __real87
Module: C:\Users\jc410\OneDrive\euphoria\watcom/lib386/nt\clib3r.lib(time.c)
0041f730       time_
Module: C:\Users\jc410\OneDrive\euphoria\watcom/lib386/nt\clib3r.lib(localtim.c)
0041f770+      _localtime_
0041f7d0       localtime_
Module: C:\Users\jc410\OneDrive\euphoria\watcom/lib386\math387r.lib(fmod87)
0041f803       fmod_
0041f7e8*      IF@DFMOD
0041f7e8*      IF@FMOD
Module: C:\Users\jc410\OneDrive\euphoria\watcom/lib386\math387r.lib(pow87)
0041f96d       pow_
0041f814*      IF@DPOW
0041f814*      IF@POW
Module: C:\Users\jc410\OneDrive\euphoria\watcom/lib386\math387r.lib(floor.c)
0041f97d       floor_
Module: C:\Users\jc410\OneDrive\euphoria\watcom/lib386\math387r.lib(sqrt87)
0041f9b8       sqrt_
0041f9e8*      IF@SQRT
0041f9e8*      IF@DSQRT
0041f9ea*      __@DSQRT
Module: C:\Users\jc410\OneDrive\euphoria\watcom/lib386\math387r.lib(trig87)
0041fa69       sin_
0041fa5d       cos_
0041fa8a       tan_
0041fa1c*      IF@COS
0041fa1c*      IF@DCOS
0041fa26*      IF@SIN
0041fa26*      IF@DSIN
0041fa75*      IF@TAN
0041fa75*      IF@DTAN
Module: C:\Users\jc410\OneDrive\euphoria\watcom/lib386\math387r.lib(atan87)
0041fac2       atan_
0041face*      atan2_
0041fa98*      IF@ATAN
0041fa98*      IF@DATAN
0041faad*      IF@ATAN2
0041faad*      IF@DATAN2
Module: C:\Users\jc410\OneDrive\euphoria\watcom/lib386\math387r.lib(log87)
0041fb34       log_
0041fb4c*      log2_
0041fb40*      log10_
0041fae0*      IF@LOG
0041fae0*      IF@DLOG
0041fb20*      IF@LOG2
0041fb20*      IF@DLOG2
0041fb2a*      IF@LOG10
0041fb2a*      IF@DLOG10
Module: C:\Users\jc410\OneDrive\euphoria\watcom/lib386/nt\clib3r.lib(printf.c)
0041fb60       printf_
Module: C:\Users\jc410\OneDrive\euphoria\watcom/lib386/nt\plbx3r.lib(FSHAND)
0041fb82       ___wcpp_4_fs_handler_
Module: C:\Users\jc410\OneDrive\euphoria\watcom/lib386/nt\plbx3r.lib(stabdtor.cpp)
0041fe30       __wcpp_4_destruct_internal__
0041fe50       __wcpp_4_destruct_all__
0041fe54*      __wcpp_4_destruct__
Module: C:\Users\jc410\OneDrive\euphoria\watcom/lib386/nt\clib3r.lib(puts.c)
0041fe80       puts_
Module: C:\Users\jc410\OneDrive\euphoria\watcom/lib386/nt\plbx3r.lib(manendl.cpp)
0041feb0       std::ostream near & near std::endl( std::ostream near & )
Module: C:\Users\jc410\OneDrive\euphoria\watcom/lib386/nt\plbx3r.lib(ioicout.cpp)
00433468       std::ostream near std::cout
0041ff24+      near cout_initfini::cout_initfini()
0041ff2c+      near cout_initfini::~cout_initfini()
Module: C:\Users\jc410\OneDrive\euphoria\watcom/lib386/nt\plbx3r.lib(ostincch.cpp)
0041ff60       std::ostream near & near std::ostream::operator <<( char const near * )
Module: C:\Users\jc410\OneDrive\euphoria\watcom/lib386/nt\plbx3r.lib(ostinomn.cpp)
0041ffe0       std::ostream near & near std::ostream::operator <<( std::ostream near & (near *)())
Module: C:\Users\jc410\OneDrive\euphoria\watcom/lib386/nt\plbx3r.lib(ioicin.cpp)
004334e8       std::istream near std::cin
00420038*      near cin_initfini::cin_initfini()
Module: C:\Users\jc410\OneDrive\euphoria\watcom/lib386/nt\plbx3r.lib(istexcha.cpp)
00420060       std::istream near & near std::istream::operator >>( char near & )
Module: C:\Users\jc410\OneDrive\euphoria\watcom/lib386/nt\clib3r.lib(cstrtwnt)
004200ee       _cstart_
004200ee*      mainCRTStartup
Module: C:\Users\jc410\OneDrive\euphoria\watcom/lib386/nt\plbx3r.lib(iofefg.cpp)
004325ea       __ppfltused_
Module: C:\Users\jc410\OneDrive\euphoria\watcom/lib386/nt\plbx3r.lib(fsroot.cpp)
004325f0       ___wcpp_4_data_init_fs_root_
Module: C:\Users\jc410\OneDrive\euphoria\watcom/lib386/nt\plbx3r.lib(cppdata.cpp)
00433528       __wint_thread_data
0043354c       __compiled_under_NT
Module: C:\Users\jc410\OneDrive\euphoria\watcom/lib386/nt\clib3r.lib(xmsgwnt.c)
004201a0       __exit_with_msg_
00420200       __fatal_runtime_error_
Module: C:\Users\jc410\OneDrive\euphoria\watcom/lib386/nt\clib3r.lib(mainwnt.c)
00430ec4*      ___TlsIndex
00430ec8+      ___FirstThreadData
00430ecc       ___GetThreadPtr
00430ed0       __AccessFileH
00430ed4       __ReleaseFileH
00430ed8       __AccessIOB
00430edc       __ReleaseIOB
00430ee0       __AccessNHeap
00430ee4*      __AccessFHeap
00430ee8       __ReleaseNHeap
00420230*      __threadid_
00420250+      __sig_null_rtn_
00420260+      __NTInit_
00420440+      __NTFini_
004204a0       __NTMainInit_
00420500       __exit_
00430eec*      __ReleaseFHeap
00430ef0*      __AccessTDList
00430ef4*      __ReleaseTDList
00430ef8       __AccessFList
00430efc       __ReleaseFList
00430f00+      __ThreadExitRtn
00430f04       ___sig_init_rtn
00430f08       ___sig_fini_rtn
00430f0c       ___process_fini
00433558       ___Is_DLL
Module: C:\Users\jc410\OneDrive\euphoria\watcom/lib386/nt\clib3r.lib(initrtns.c)
00420560       __InitRtns
004205b0       __FiniRtns
Module: C:\Users\jc410\OneDrive\euphoria\watcom/lib386/nt\clib3r.lib(initfile.c)
00420640       __InitFiles_
Module: C:\Users\jc410\OneDrive\euphoria\watcom/lib386/nt\clib3r.lib(ioexit.c)
00420740*      fcloseall_
00420750       __full_io_exit_
Module: C:\Users\jc410\OneDrive\euphoria\watcom/lib386/nt\clib3r.lib(nmemneed.c)
00420760       __nmemneed_
Module: C:\Users\jc410\OneDrive\euphoria\watcom/lib386/nt\clib3r.lib(mem.c)
00420770       __MemAllocator
00420820       __MemFree
Module: C:\Users\jc410\OneDrive\euphoria\watcom/lib386/nt\clib3r.lib(grownear.c)
00420ac0       __ExpandDGROUP_
Module: C:\Users\jc410\OneDrive\euphoria\watcom/lib386/nt\clib3r.lib(nmsize.c)
00420ae0       _nmsize_
00420ae0*      _msize_
Module: C:\Users\jc410\OneDrive\euphoria\watcom/lib386/nt\clib3r.lib(nexpand.c)
00420af0       _nexpand_
00420af0*      _expand_
00420b30+      __HeapManager_expand_
Module: C:\Users\jc410\OneDrive\euphoria\watcom/lib386/nt\clib3r.lib(vsprintf.c)
00420d10       vsprintf_
Module: C:\Users\jc410\OneDrive\euphoria\watcom/lib386/nt\clib3r.lib(fputc.c)
00420d30       fputc_
Module: C:\Users\jc410\OneDrive\euphoria\watcom/lib386/nt\clib3r.lib(flush.c)
00420e10       __flush_
Module: C:\Users\jc410\OneDrive\euphoria\watcom/lib386/nt\clib3r.lib(ioalloc.c)
00420f10       __ioalloc_
Module: C:\Users\jc410\OneDrive\euphoria\watcom/lib386/nt\clib3r.lib(setefg.c)
00420fb0       __setEFGfmt_
Module: C:\Users\jc410\OneDrive\euphoria\watcom/lib386/nt\clib3r.lib(chk8087.c)
00420ff0*      _fpreset_
00421030       __chk8087_
00421040*      __init_8087_
Module: C:\Users\jc410\OneDrive\euphoria\watcom/lib386/nt\clib3r.lib(crwdata)
00430f54       __osmajor
00430f55       __osminor
00430f56       __osbuild
00430f58       __osver
00430f5c       __winmajor
00430f60       __winminor
00430f64       __winver
00430f20       __LpDllName
00430f24       __LpwCmdLine
00430f28       __LpwPgmName
00430f2c       __LpwDllName
00430f18       __LpCmdLine
00430f1c       __LpPgmName
00430f10*      __dynend
00430f14       __curbrk
00430f30*      __STACKLOW
00430f34       __STACKTOP
00430f38       __ASTACKSIZ
00430f3c       __ASTACKPTR
00430f40       __cbyte
00430f44*      __cbyte2
00430f48*      __child
00430f4e       __Envptr
00430f52*      __Envseg
00430f4c       __no87
00430f68       ___FPE_handler
Module: C:\Users\jc410\OneDrive\euphoria\watcom/lib386/nt\clib3r.lib(gtctmwnt.c)
00421060       __getctime_
Module: C:\Users\jc410\OneDrive\euphoria\watcom/lib386/nt\clib3r.lib(mktime.c)
004210d0       mktime_
Module: C:\Users\jc410\OneDrive\euphoria\watcom/lib386/nt\clib3r.lib(tzset.c)
00430f6c       ___start_dst
00430f90       ___end_dst
004310b8*      _tzname
004310c0       _timezone
004310c4       _daylight
004310c8       ___dst_adjust
004211b0*      __DontCacheOSTZ_
004211c0*      __CacheOSTZ_
004216a0+      __parse_tz_
00421a90       tzset_
Module: C:\Users\jc410\OneDrive\euphoria\watcom/lib386/nt\clib3r.lib(gmtime.c)
00421b00       __brktime_
00421c00+      _gmtime_
00421c20*      gmtime_
Module: C:\Users\jc410\OneDrive\euphoria\watcom/lib386/nt\clib3r.lib(timeutil.c)
00421d80       __isindst_
Module: C:\Users\jc410\OneDrive\euphoria\watcom/lib386/nt\clib3r.lib(chipvar)
004310d0       ___chipbug
004310d0       __chipbug
Module: C:\Users\jc410\OneDrive\euphoria\watcom/lib386/nt\clib3r.lib(chipr32.asm)
0042c7ef       __fprem_chk
0042caa8*      __fprem1_chk
Module: C:\Users\jc410\OneDrive\euphoria\watcom/lib386\math387r.lib(pow87e.c)
004220b0       __pow87_err_
Module: C:\Users\jc410\OneDrive\euphoria\watcom/lib386\math387r.lib(exp87)
0042219f*      exp_
00422138*      __@DEXP1
00422140*      IF@EXP
00422140*      IF@DEXP
00422142       __@DEXP
Module: C:\Users\jc410\OneDrive\euphoria\watcom/lib386/nt\clib3r.lib(chipd32.asm)
004222c3       __fdiv_fpr
00422785*      __fdiv_chk
00422798*      __fdiv_m32
004227e5*      __fdiv_m64
00422832*      __fdiv_m32r
0042287f*      __fdiv_m64r
Module: C:\Users\jc410\OneDrive\euphoria\watcom/lib386\math387r.lib(modf87)
004228cc       modf_
Module: C:\Users\jc410\OneDrive\euphoria\watcom/lib386\math387r.lib(math87e.c)
004228e5       __math87_err_
Module: C:\Users\jc410\OneDrive\euphoria\watcom/lib386/nt\clib3r.lib(chipt32.asm)
00422950       __fptan_chk
Module: C:\Users\jc410\OneDrive\euphoria\watcom/lib386/nt\clib3r.lib(chipw32.asm)
00422a04       __fpatan_wrap
Module: C:\Users\jc410\OneDrive\euphoria\watcom/lib386\math387r.lib(log87e.c)
00422a39       __log87_err_
Module: C:\Users\jc410\OneDrive\euphoria\watcom/lib386/nt\clib3r.lib(fprtf.c)
00422a90       __fprtf_
Module: C:\Users\jc410\OneDrive\euphoria\watcom/lib386/nt\plbx3r.lib(fsregist.cpp)
00422b50+      char unsigned near * near findHandler( char unsigned near * )
00422b68+      __wcpp_4_dispatch_dummy__
00422b8c       __wcpp_4_fs_lookup__
00422c5c       ___wcpp_4_fs_handler_rtn_
Module: C:\Users\jc410\OneDrive\euphoria\watcom/lib386/nt\plbx3r.lib(stabtrav.cpp)
00422d30       __wcpp_4_stab_entry__
00422d48*      __wcpp_4_stab_trav_comp__
00422e2c       __wcpp_4_stab_trav_init__
00422e50       __wcpp_4_stab_trav_next__
00422ea8       __wcpp_4_stab_trav_move__
Module: C:\Users\jc410\OneDrive\euphoria\watcom/lib386/nt\plbx3r.lib(callterm.cpp)
00422ec0       __wcpp_4_corrupted_stack__
00422ed4       __wcpp_4_call_terminate__
Module: C:\Users\jc410\OneDrive\euphoria\watcom/lib386/nt\plbx3r.lib(allocexc.cpp)
00422f24       __wcpp_4_alloc_exc__
00423178       __wcpp_4_free_exc__
004231b0       __wcpp_4_find_active__
004231cc       __wcpp_4_dtor_free_exc__
Module: C:\Users\jc410\OneDrive\euphoria\watcom/lib386/nt\plbx3r.lib(stabadt.cpp)
00423290+      void near * near dtor_the_array( _RTARCTOR near * )
004232d4+      near _RTARCTOR::~_RTARCTOR()
004232ec       __wcpp_4_dtor_array__
Module: C:\Users\jc410\OneDrive\euphoria\watcom/lib386/nt\plbx3r.lib(pgmthrd.cpp)
00423360       __wcpp_4_pgm_thread__
Module: C:\Users\jc410\OneDrive\euphoria\watcom/lib386/nt\plbx3r.lib(ostput.cpp)
00423390       std::ostream near & near std::ostream::put( char )
Module: C:\Users\jc410\OneDrive\euphoria\watcom/lib386/nt\plbx3r.lib(ostflush.cpp)
00423430       std::ostream near & near std::ostream::flush()
Module: C:\Users\jc410\OneDrive\euphoria\watcom/lib386/nt\plbx3r.lib(undefed.cpp)
00423470       __wcpp_4_undefed_cdtor__
Module: C:\Users\jc410\OneDrive\euphoria\watcom/lib386/nt\clib3r.lib(iobaddr.c)
00423490       __get_std_stream_
00423490*      __get_std_file_
Module: C:\Users\jc410\OneDrive\euphoria\watcom/lib386/nt\plbx3r.lib(sdfconfp.cpp)
004234b0       near stdiobuf::stdiobuf( __iobuf near * )
Module: C:\Users\jc410\OneDrive\euphoria\watcom/lib386/nt\plbx3r.lib(stablcl.cpp)
004234c0       __wcpp_4_lcl_register__
Module: C:\Users\jc410\OneDrive\euphoria\watcom/lib386/nt\plbx3r.lib(ostconsf.cpp)
004234d0       near std::ostream::ostream( std::streambuf near * )
Module: C:\Users\jc410\OneDrive\euphoria\watcom/lib386/nt\plbx3r.lib(ostdestr.cpp)
00423590       near std::ostream::~ostream()
Module: C:\Users\jc410\OneDrive\euphoria\watcom/lib386/nt\plbx3r.lib(sdfdestr.cpp)
00423660       near stdiobuf::~stdiobuf()
Module: C:\Users\jc410\OneDrive\euphoria\watcom/lib386/nt\plbx3r.lib(moddtorr.cpp)
0043261a       ___wcpp_4_data_module_dtor_ref_
Module: C:\Users\jc410\OneDrive\euphoria\watcom/lib386/nt\plbx3r.lib(ostopfx.cpp)
00423740       int near std::ostream::do_opfx()
Module: C:\Users\jc410\OneDrive\euphoria\watcom/lib386/nt\plbx3r.lib(iouwrtit.cpp)
004237b0       int near __WATCOM_ios::writeitem( std::ostream near &, char const near *, int, int )
Module: C:\Users\jc410\OneDrive\euphoria\watcom/lib386/nt\plbx3r.lib(iossetst.cpp)
00423b30+      near std::ios::failure::failure( std::ios::failure const near & )
00423b40+      near std::ios::failure::~failure()
00423b50+      near __WATCOM_exception::__WATCOM_exception( __WATCOM_exception const near & )
00423b60+      near __WATCOM_exception::~__WATCOM_exception()
00423b00       void near std::ios::setstate( int )
Module: C:\Users\jc410\OneDrive\euphoria\watcom/lib386/nt\plbx3r.lib(istconsf.cpp)
00423b70       near std::istream::istream( std::streambuf near * )
Module: C:\Users\jc410\OneDrive\euphoria\watcom/lib386/nt\plbx3r.lib(istdestr.cpp)
00423c30       near std::istream::~istream()
Module: C:\Users\jc410\OneDrive\euphoria\watcom/lib386/nt\plbx3r.lib(pure_err.cpp)
00423d00       __wcpp_4_pure_error__
Module: C:\Users\jc410\OneDrive\euphoria\watcom/lib386/nt\plbx3r.lib(istdipfx.cpp)
00423d30       int near std::istream::do_ipfx( int )
Module: C:\Users\jc410\OneDrive\euphoria\watcom/lib386/nt\plbx3r.lib(istdrshf.cpp)
00423dc0       std::istream near & near std::istream::do_rshift( char near & )
Module: C:\Users\jc410\OneDrive\euphoria\watcom/lib386/nt\clib3r.lib(main2wnt.c)
00423e30       __NTMain
Module: C:\Users\jc410\OneDrive\euphoria\watcom/lib386/nt\clib3r.lib(segdefns)
00401003       ___begtext
0042e000*      __nullarea
004325c0       __Start_XI
0043260e       __End_XI
0043260e       __Start_YI
00432632       __End_YI
Module: C:\Users\jc410\OneDrive\euphoria\watcom/lib386/nt\plbx3r.lib(iofnoefg.cpp)
00431168       void (near * near __EFG_cnvs2d)( char near *, double near * )
0043116c       int (near * near __EFG_cnvd2f)( double near *, float near * )
00431170       void (near * near __EFG_LDcvt)( __6ks9tmlong_double near *, cvt_info near *, char near * )
00431174       char near * (near * near __EFG_fcvt)( double, int, int near *, int near * )
00431178       void (near * near __EFG__FDLD)( double near *, __6ks9tmlong_double near * )
Module: C:\Users\jc410\OneDrive\euphoria\watcom/lib386\math387r.lib(cnvs2d.c)
00423ea2       __cnvs2d_
Module: C:\Users\jc410\OneDrive\euphoria\watcom/lib386\math387r.lib(cnvd2f.c)
00423eb0       __cnvd2f_
Module: C:\Users\jc410\OneDrive\euphoria\watcom/lib386\math387r.lib(ldcvt.c)
00424002       _LDScale10x_
004245a9       __LDcvt_
Module: C:\Users\jc410\OneDrive\euphoria\watcom/lib386\math387r.lib(_i_fcvt_.asm)
004249f8       _fcvt_
Module: C:\Users\jc410\OneDrive\euphoria\watcom/lib386\math387r.lib(cnvd2ld.c)
004249fd       __cnvd2ld_
Module: C:\Users\jc410\OneDrive\euphoria\watcom/lib386/nt\clib3r.lib(enterdb.c)
00424a10       __EnterWVIDEO_
00431224+      ___WD_Present
Module: C:\Users\jc410\OneDrive\euphoria\watcom/lib386/nt\clib3r.lib(hdlman.c)
00431228+      ___NHandles
0043122c+      ___OSHandles
00431230+      ___FakeHandles
00424a40+      __growPOSIXHandles_
00424ae0+      __allocPOSIXHandle_
00424ba0       __freePOSIXHandle_
00424bc0       __getOSHandle_
00424bd0       __setOSHandle_
00424c20+      __NTGetFakeHandle_
00424c90       __initPOSIXHandles_
00424d70*      __set_handles_
00424d80*      _grow_handles_
Module: C:\Users\jc410\OneDrive\euphoria\watcom/lib386/nt\clib3r.lib(environ.c)
00433b74       ___env_mask
00433b78       _environ
00433b7c       __wenviron
Module: C:\Users\jc410\OneDrive\euphoria\watcom/lib386/nt\clib3r.lib(getmodfn.c)
00424dc0       __lib_GetModuleFileNameW_
Module: C:\Users\jc410\OneDrive\euphoria\watcom/lib386/nt\clib3r.lib(strdup.c)
00424e60       __clib_strdup_
Module: C:\Users\jc410\OneDrive\euphoria\watcom/lib386/nt\clib3r.lib(istable.c)
00424ea0       __IsTable
Module: C:\Users\jc410\OneDrive\euphoria\watcom/lib386/nt\clib3r.lib(ustrdup.c)
00424fa1       __clib_wcsdup_
Module: C:\Users\jc410\OneDrive\euphoria\watcom/lib386/nt\clib3r.lib(excptwnt.c)
00425630+      ___ReportException@4
00425a80       __DefaultExceptionHandler_
00425ac0+      ___ExceptionFilter
00425cd0       __NewExceptionFilter_
00425d00       __DoneExceptionFilter_
0043123c       ___oscode_check_func
00431240       ___raise_func
00433b80*      _sw
00433b84+      ___ExceptionHandled
00433b85+      ___ReportInvoked
Module: C:\Users\jc410\OneDrive\euphoria\watcom/lib386/nt\clib3r.lib(stklmwnt.c)
00425d40       __init_stack_limits_
Module: C:\Users\jc410\OneDrive\euphoria\watcom/lib386/nt\clib3r.lib(fclose.c)
00425db0+      __doclose_
00425e50       __shutdown_stream_
00425e70*      fclose_
00433b88+      ___RmTmpFileFn
Module: C:\Users\jc410\OneDrive\euphoria\watcom/lib386/nt\clib3r.lib(freefp.c)
00425ec0       __freefp_
00425f10       __purgefp_
Module: C:\Users\jc410\OneDrive\euphoria\watcom/lib386/nt\clib3r.lib(amblksiz.c)
00431258       __amblksiz
Module: C:\Users\jc410\OneDrive\euphoria\watcom/lib386/nt\clib3r.lib(heapen.c)
00425f40*      _heapenable_
0043125c       ___heap_enabled
Module: C:\Users\jc410\OneDrive\euphoria\watcom/lib386/nt\clib3r.lib(nheapmin.c)
00425f70       _nheapshrink_
00425f70*      _nheapmin_
00425f70*      _heapmin_
00425f70*      _heapshrink_
Module: C:\Users\jc410\OneDrive\euphoria\watcom/lib386/nt\clib3r.lib(prtf.c)
00426060       __prtf_
Module: C:\Users\jc410\OneDrive\euphoria\watcom/lib386/nt\clib3r.lib(seterrno.c)
00426d24       __set_errno_
00426d32       __set_EDOM_
00426d40       __set_ERANGE_
00426d4e*      __set_EINVAL_
00426d61       __set_doserrno_
Module: C:\Users\jc410\OneDrive\euphoria\watcom/lib386/nt\clib3r.lib(__lseek.c)
00426d70       __lseek_
Module: C:\Users\jc410\OneDrive\euphoria\watcom/lib386/nt\clib3r.lib(fsync.c)
00426db0       fsync_
Module: C:\Users\jc410\OneDrive\euphoria\watcom/lib386/nt\clib3r.lib(qwrit.c)
00426e00       __qwrite_
Module: C:\Users\jc410\OneDrive\euphoria\watcom/lib386/nt\clib3r.lib(chktty.c)
00426ee0       __chktty_
Module: C:\Users\jc410\OneDrive\euphoria\watcom/lib386/nt\clib3r.lib(noefgfmt.c)
00431260       ___EFG_printf
00431264       ___EFG_scanf
Module: C:\Users\jc410\OneDrive\euphoria\watcom/lib386\math387r.lib(efgfmt.c)
00426f62       _EFG_Format_
Module: C:\Users\jc410\OneDrive\euphoria\watcom/lib386/nt\clib3r.lib(8087cw.c)
00431268       __8087cw
Module: C:\Users\jc410\OneDrive\euphoria\watcom/lib386/nt\clib3r.lib(save8087.c)
0043126c       ___Save8087
00431270       ___Rest8087
Module: C:\Users\jc410\OneDrive\euphoria\watcom/lib386/nt\clib3r.lib(init8087)
004270d4       __x87id
Module: C:\Users\jc410\OneDrive\euphoria\watcom/lib386/nt\clib3r.lib(locmktim.c)
00427110       __local_mktime_
Module: C:\Users\jc410\OneDrive\euphoria\watcom/lib386/nt\clib3r.lib(leapyear.c)
00427250       __leapyear_
0042f024       ___diyr
0042f03e       ___dilyr
Module: C:\Users\jc410\OneDrive\euphoria\watcom/lib386/nt\clib3r.lib(wcstombs.c)
00427290       wcstombs_
Module: C:\Users\jc410\OneDrive\euphoria\watcom/lib386/nt\clib3r.lib(getenv.c)
00427330       getenv_
Module: C:\Users\jc410\OneDrive\euphoria\watcom/lib386/nt\clib3r.lib(chipbug.c)
004273c0       __verify_pentium_fdiv_bug_
Module: C:\Users\jc410\OneDrive\euphoria\watcom/lib386\math387r.lib(math2err.c)
00427482       __math1err_
0042748c       __math2err_
Module: C:\Users\jc410\OneDrive\euphoria\watcom/lib386/nt\clib3r.lib(chipa32.asm)
00427590       __fpatan_chk
Module: C:\Users\jc410\OneDrive\euphoria\watcom/lib386/nt\plbx3r.lib(stabdisp.cpp)
0042799c       __wcpp_4_dispatchable__
Module: C:\Users\jc410\OneDrive\euphoria\watcom/lib386/nt\plbx3r.lib(bittest.cpp)
004279f0       __wcpp_4_bit_test__
00427a10       __wcpp_4_bit_off__
Module: C:\Users\jc410\OneDrive\euphoria\watcom/lib386/nt\plbx3r.lib(termnate.cpp)
00427a30       void near std::terminate()
Module: C:\Users\jc410\OneDrive\euphoria\watcom/lib386/nt\plbx3r.lib(fatalerr.cpp)
00427a70       __wcpp_4_fatal_runtime_error__
Module: C:\Users\jc410\OneDrive\euphoria\watcom/lib386/nt\plbx3r.lib(exc_pr.cpp)
00427aa0       near _EXC_PR::_EXC_PR( _RTCTL near *, RW_DTREG near *, EXCSTATE )
00427acc       near _EXC_PR::~_EXC_PR()
00427adc       near _EXC_PR_FREE::_EXC_PR_FREE( _RTCTL near *, RW_DTREG near *, EXCSTATE, ACTIVE_EXC near * )
00427af0       near _EXC_PR_FREE::~_EXC_PR_FREE()
00427b28       near _EXC_PR_DTOR::_EXC_PR_DTOR( _RTCTL near *, RW_DTREG near *, EXCSTATE, ACTIVE_EXC near * )
00427b38       near _EXC_PR_FNEXC::_EXC_PR_FNEXC( _RTCTL near *, RW_DTREG near *, RW_DTREG near *, ACTIVE_EXC near * )
00427b58       near _EXC_PR_FNEXC::~_EXC_PR_FNEXC()
00427b60       near _EXC_PR_DTOR::~_EXC_PR_DTOR()
Module: C:\Users\jc410\OneDrive\euphoria\watcom/lib386/nt\plbx3r.lib(areaexc.cpp)
004312e0       ___EXC_AREA
Module: C:\Users\jc410\OneDrive\euphoria\watcom/lib386/nt\plbx3r.lib(tsequiv.cpp)
00427b90       __wcpp_4_ts_refed__
00427ba8+      __wcpp_4_ts_pnted__
00427bdc       __wcpp_4_ts_equiv__
Module: C:\Users\jc410\OneDrive\euphoria\watcom/lib386/nt\plbx3r.lib(tssize.cpp)
00427ce4       __wcpp_4_ts_size__
Module: C:\Users\jc410\OneDrive\euphoria\watcom/lib386/nt\plbx3r.lib(vfun_err.cpp)
00427d20       __wcpp_4_undef_vfun__
Module: C:\Users\jc410\OneDrive\euphoria\watcom/lib386/nt\plbx3r.lib(stfdsgtn.cpp)
00427d50       int near std::streambuf::do_sgetn( char near *, int )
Module: C:\Users\jc410\OneDrive\euphoria\watcom/lib386/nt\plbx3r.lib(stfdspun.cpp)
00427dd0       int near std::streambuf::do_sputn( char const near *, int )
Module: C:\Users\jc410\OneDrive\euphoria\watcom/lib386/nt\plbx3r.lib(stfpbfai.cpp)
00427e70       int near std::streambuf::pbackfail( int )
Module: C:\Users\jc410\OneDrive\euphoria\watcom/lib386/nt\plbx3r.lib(sdfoverf.cpp)
00427e80       int near stdiobuf::overflow( int )
Module: C:\Users\jc410\OneDrive\euphoria\watcom/lib386/nt\plbx3r.lib(sdfundrf.cpp)
00427fe0       int near stdiobuf::underflow()
Module: C:\Users\jc410\OneDrive\euphoria\watcom/lib386/nt\plbx3r.lib(stfsbuf.cpp)
00428100       std::streambuf near * near std::streambuf::setbuf( char near *, int )
Module: C:\Users\jc410\OneDrive\euphoria\watcom/lib386/nt\plbx3r.lib(stfseeko.cpp)
00428150       long near std::streambuf::seekoff( long, int, int )
Module: C:\Users\jc410\OneDrive\euphoria\watcom/lib386/nt\plbx3r.lib(stfseekp.cpp)
00428160       long near std::streambuf::seekpos( long, int )
Module: C:\Users\jc410\OneDrive\euphoria\watcom/lib386/nt\plbx3r.lib(sdfsync.cpp)
00428170       int near stdiobuf::sync()
Module: C:\Users\jc410\OneDrive\euphoria\watcom/lib386/nt\plbx3r.lib(stfdoall.cpp)
004281a0       int near std::streambuf::doallocate()
Module: C:\Users\jc410\OneDrive\euphoria\watcom/lib386/nt\plbx3r.lib(stfconde.cpp)
004281e0       near std::streambuf::streambuf()
Module: C:\Users\jc410\OneDrive\euphoria\watcom/lib386/nt\plbx3r.lib(stabmod.cpp)
00428230       __wcpp_4_module_dtor__
0042825c       __wcpp_4_mod_register__
Module: C:\Users\jc410\OneDrive\euphoria\watcom/lib386/nt\plbx3r.lib(iosinit.cpp)
00428270       void near std::ios::init( std::streambuf near * )
Module: C:\Users\jc410\OneDrive\euphoria\watcom/lib386/nt\plbx3r.lib(iosconde.cpp)
004282c0       near std::ios::ios()
Module: C:\Users\jc410\OneDrive\euphoria\watcom/lib386/nt\plbx3r.lib(iosdestr.cpp)
004282d0       near std::ios::~ios()
Module: C:\Users\jc410\OneDrive\euphoria\watcom/lib386/nt\plbx3r.lib(opdel.cpp)
00428360       void near operator delete( void near * )
Module: C:\Users\jc410\OneDrive\euphoria\watcom/lib386/nt\plbx3r.lib(dtorarst.cpp)
00428370       __wcpp_4_dtor_array_store__
Module: C:\Users\jc410\OneDrive\euphoria\watcom/lib386/nt\plbx3r.lib(opdelarr.cpp)
004283a0       void near operator delete []( void near * )
Module: C:\Users\jc410\OneDrive\euphoria\watcom/lib386/nt\plbx3r.lib(stfdestr.cpp)
004283b0       near std::streambuf::~streambuf()
Module: C:\Users\jc410\OneDrive\euphoria\watcom/lib386/nt\plbx3r.lib(opnewarr.cpp)
004283d0       void near * near operator new []( int unsigned )
Module: C:\Users\jc410\OneDrive\euphoria\watcom/lib386/nt\clib3r.lib(memset.c)
004283e0       memset_
Module: C:\Users\jc410\OneDrive\euphoria\watcom/lib386/nt\plbx3r.lib(iosfail.cpp)
00428400       near std::ios::failure::failure( int )
Module: C:\Users\jc410\OneDrive\euphoria\watcom/lib386/nt\plbx3r.lib(stabthrw.cpp)
00428bf0+      near std::exception::exception()
00428c40+      near std::exception::exception( std::exception const near & )
00428c90+      near std::exception::exception( char const near * )
00428ce0+      near std::exception::~exception()
00428d70+      char const near * near std::exception::what() const
00428db0+      near std::bad_exception::bad_exception()
00428e10+      near std::bad_exception::bad_exception( std::bad_exception const near & )
00428e60+      near std::bad_exception::~bad_exception()
00428ab0*      __wcpp_4_rethrow__
00428af4*      __wcpp_4_catch_done__
00428b5c       __wcpp_4_throw__
00428ba4*      __wcpp_4_throw_zero__
Module: C:\Users\jc410\OneDrive\euphoria\watcom/lib386/nt\plbx3r.lib(prwdata.cpp)
00433b8c       __wint_pure_error_flag
00433b8e       __wint_undef_vfun_flag
00433b90       __wint_module_init
Module: C:\Users\jc410\OneDrive\euphoria\watcom/lib386/nt\plbx3r.lib(manws.cpp)
00428f40       std::istream near & near std::ws( std::istream near & )
Module: C:\Users\jc410\OneDrive\euphoria\watcom/lib386/nt\clib3r.lib(mthrdini.c)
00428f70       __InitThreadData_
00432348       ___ThreadDataSize
Module: C:\Users\jc410\OneDrive\euphoria\watcom/lib386/nt\clib3r.lib(cmain386.c)
00428fa0       __CMain
Module: C:\Users\jc410\OneDrive\euphoria\watcom/lib386/nt\clib3r.lib(dosseg)
00001234       __DOSseg__
Module: C:\Users\jc410\OneDrive\euphoria\watcom/lib386\math387r.lib(strtod.c)
004294f4+      __Strtold_
0042965b       strtod_
Module: C:\Users\jc410\OneDrive\euphoria\watcom/lib386\math387r.lib(ldclass.c)
0042979f       __LDClass_
004297ef*      _FLClass_
Module: C:\Users\jc410\OneDrive\euphoria\watcom/lib386\math387r.lib(efcvt.c)
0042982f*      ecvt_
00429866       fcvt_
Module: C:\Users\jc410\OneDrive\euphoria\watcom/lib386/nt\clib3r.lib(iomode.c)
004298a0       __GetIOMode_
004298c0       __SetIOMode_nogrow_
0043234c       ___NFiles
00432350       ___init_mode
004323a0       ___io_mode
Module: C:\Users\jc410\OneDrive\euphoria\watcom/lib386/nt\clib3r.lib(stiomode.c)
004298e0       __grow_iomode_
004299b0+      __shrink_iomode_
004299f0       __SetIOMode_
Module: C:\Users\jc410\OneDrive\euphoria\watcom/lib386/nt\clib3r.lib(setenvp.c)
00429a60       __setenvp_
00429b20       __freeenvp_
Module: C:\Users\jc410\OneDrive\euphoria\watcom/lib386/nt\clib3r.lib(ustrlen.c)
00429b6d       wcslen_
Module: C:\Users\jc410\OneDrive\euphoria\watcom/lib386/nt\clib3r.lib(memcpy.c)
00429b80       memcpy_
Module: C:\Users\jc410\OneDrive\euphoria\watcom/lib386/nt\clib3r.lib(conutwnt.c)
00429bb0       __NTRealKey_
00429c60       __NTConsoleInput_
00429c70       __NTConsoleOutput_
Module: C:\Users\jc410\OneDrive\euphoria\watcom/lib386/nt\clib3r.lib(fclex387.c)
00429c80       _ClearFPE_
Module: C:\Users\jc410\OneDrive\euphoria\watcom/lib386/nt\clib3r.lib(signlwnt.c)
004323ac+      __SignalTable
00429c90+      __SetSignalFunc_
00429ce0+      __GetSignalFunc_
00429d10+      __GetSignalOSCode_
00429d40+      __CheckSignalExCode_
00429e80+      __sigabort_
00429e90       __sigfpe_handler_
00429ee0*      signal_
00429f70+      raise_
00429fe0+      __SigInit_
0042a030+      __SigFini_
0042a070+      __sig_init_
Module: C:\Users\jc410\OneDrive\euphoria\watcom/lib386/nt\clib3r.lib(_clsewnt.c)
0042a090       __close_
Module: C:\Users\jc410\OneDrive\euphoria\watcom/lib386/nt\clib3r.lib(wctomb.c)
0042a0f0       wctomb_
Module: C:\Users\jc410\OneDrive\euphoria\watcom/lib386/nt\clib3r.lib(itoa.c)
0042a130+      utoa_
0042a180       itoa_
Module: C:\Users\jc410\OneDrive\euphoria\watcom/lib386/nt\clib3r.lib(strupr.c)
0042a1b0       strupr_
Module: C:\Users\jc410\OneDrive\euphoria\watcom/lib386/nt\clib3r.lib(lltoa.c)
0042a1d0       ulltoa_
0042a240*      lltoa_
Module: C:\Users\jc410\OneDrive\euphoria\watcom/lib386/nt\clib3r.lib(ltoa.c)
0042a270       ultoa_
0042a2c0*      ltoa_
Module: C:\Users\jc410\OneDrive\euphoria\watcom/lib386/nt\clib3r.lib(mbisdbcs.c)
00433b9c       ___IsDBCS
Module: C:\Users\jc410\OneDrive\euphoria\watcom/lib386/nt\clib3r.lib(mbislead.c)
0042a2f0*      _ismbblead_
00433ba0       ___MBCSIsTable
Module: C:\Users\jc410\OneDrive\euphoria\watcom/lib386/nt\clib3r.lib(dosret.c)
0042a310*      _dosretax_
0042a320*      _dosret0_
0042a330       __set_errno_dos_
0042a360*      __set_errno_dos_reterr_
0042a370       __set_errno_nt_
0042a380*      __set_errno_nt_reterr_
Module: C:\Users\jc410\OneDrive\euphoria\watcom/lib386/nt\clib3r.lib(isattwnt.c)
0042a3a0       isatty_
Module: C:\Users\jc410\OneDrive\euphoria\watcom/lib386/nt\clib3r.lib(rtcntrl.c)
0042a3c0*      _SetLD64bit_
0042a3d0*      _SetLD80bit_
0042a3e0       _LDisDouble_
Module: C:\Users\jc410\OneDrive\euphoria\watcom/lib386/nt\clib3r.lib(mbterm.c)
0042a3f0       _mbterm_
Module: C:\Users\jc410\OneDrive\euphoria\watcom/lib386/nt\clib3r.lib(mbsnextc.c)
0042a430       _mbsnextc_
Module: C:\Users\jc410\OneDrive\euphoria\watcom/lib386/nt\clib3r.lib(mbcupper.c)
0042a470       _mbctoupper_
Module: C:\Users\jc410\OneDrive\euphoria\watcom/lib386/nt\clib3r.lib(mbsinc.c)
0042a4a0       _mbsinc_
Module: C:\Users\jc410\OneDrive\euphoria\watcom/lib386/nt\clib3r.lib(hugeval.c)
0042a4d0       __HugeValue
Module: C:\Users\jc410\OneDrive\euphoria\watcom/lib386\math387r.lib(_matherr.c)
0042a57e*      _set_matherr_
0042a584+      __rterrmsg_
0042a5cc       _matherr_
00432520+      ___matherr_handler
Module: C:\Users\jc410\OneDrive\euphoria\watcom/lib386/nt\clib3r.lib(_strcmp)
0042a600       strcmp_
Module: C:\Users\jc410\OneDrive\euphoria\watcom/lib386/nt\clib3r.lib(fwrite.c)
0042a740       fwrite_
Module: C:\Users\jc410\OneDrive\euphoria\watcom/lib386/nt\clib3r.lib(memmove.c)
0042a950       memmove_
Module: C:\Users\jc410\OneDrive\euphoria\watcom/lib386/nt\clib3r.lib(fgetc.c)
0042a9b0+      __fill_buffer_
0042aab0       fgetc_
Module: C:\Users\jc410\OneDrive\euphoria\watcom/lib386/nt\plbx3r.lib(stfsetb.cpp)
0042ab70       void near std::streambuf::setb( char near *, char near *, int )
Module: C:\Users\jc410\OneDrive\euphoria\watcom/lib386/nt\clib3r.lib(liballoc.c)
0042abd0       _plib_malloc_
0042abe0       _plib_free_
Module: C:\Users\jc410\OneDrive\euphoria\watcom/lib386/nt\plbx3r.lib(ioufrxal.cpp)
0042abf0       void near __WATCOM_ios::free_xalloc_storage( std::ios near * )
Module: C:\Users\jc410\OneDrive\euphoria\watcom/lib386/nt\plbx3r.lib(opnew.cpp)
0042ac10       void near * near operator new( int unsigned )
Module: C:\Users\jc410\OneDrive\euphoria\watcom/lib386/nt\clib3r.lib(__stos)
0042ac60       __STOSB
0042ac97*      __STOSD
Module: C:\Users\jc410\OneDrive\euphoria\watcom/lib386/nt\plbx3r.lib(unexpect.cpp)
0042ad10       void near std::unexpected()
Module: C:\Users\jc410\OneDrive\euphoria\watcom/lib386/nt\clib3r.lib(setjmp)
0042ada8*      _setjmp_
0042ade1       longjmp_
Module: C:\Users\jc410\OneDrive\euphoria\watcom/lib386/nt\plbx3r.lib(stabinit.cpp)
0042ae70       __wcpp_4_exc_setup__
Module: C:\Users\jc410\OneDrive\euphoria\watcom/lib386/nt\clib3r.lib(stackwnt.c)
0042af10       stackavail_
Module: C:\Users\jc410\OneDrive\euphoria\watcom/lib386/nt\plbx3r.lib(istpeek.cpp)
0042af20       int near std::istream::peek()
Module: C:\Users\jc410\OneDrive\euphoria\watcom/lib386/nt\clib3r.lib(isspace.c)
0042af80       isspace_
Module: C:\Users\jc410\OneDrive\euphoria\watcom/lib386/nt\plbx3r.lib(istget.cpp)
0042af90       int near std::istream::get()
Module: C:\Users\jc410\OneDrive\euphoria\watcom/lib386/nt\clib3r.lib(cinit.c)
0042b010       __CommonInit_
Module: C:\Users\jc410\OneDrive\euphoria\watcom/lib386/nt\clib3r.lib(___argc.c)
00433ca4       ____Argc
00433ca8       ____Argv
Module: C:\Users\jc410\OneDrive\euphoria\watcom/lib386/nt\clib3r.lib(tolower.c)
0042b020       tolower_
Module: C:\Users\jc410\OneDrive\euphoria\watcom/lib386\math387r.lib(bufld386)
0042b030       __ZBuf2LD
Module: C:\Users\jc410\OneDrive\euphoria\watcom/lib386\math387r.lib(inf_nan.c)
0042b0d3*      ___f_infinity
0042b0d7*      ___f_posqnan
0042b0db       ___d_infinity
0042b0e3       ___d_posqnan
0042b0eb*      ___ld_infinity
0042b0f3*      ___ld_posqnan
Module: C:\Users\jc410\OneDrive\euphoria\watcom/lib386/nt\clib3r.lib(cvtbuf.c)
0042b100       __CVTBuffer_
Module: C:\Users\jc410\OneDrive\euphoria\watcom/lib386\math387r.lib(cvt.c)
0042b10c       __cvt_
Module: C:\Users\jc410\OneDrive\euphoria\watcom/lib386/nt\clib3r.lib(iomodtty.c)
0042b190       __ChkTTYIOMode_
0042b1d0*      __IOMode_
Module: C:\Users\jc410\OneDrive\euphoria\watcom/lib386/nt\clib3r.lib(dofilstr.c)
0042b210       __ParsePosixHandleStr_
Module: C:\Users\jc410\OneDrive\euphoria\watcom/lib386/nt\clib3r.lib(clearenv.c)
0042b330       clearenv_
Module: C:\Users\jc410\OneDrive\euphoria\watcom/lib386/nt\clib3r.lib(abort.c)
0042b3d5*      abort_
0042b3e7       __terminate_
00432524       ___abort
Module: C:\Users\jc410\OneDrive\euphoria\watcom/lib386/nt\clib3r.lib(mbinit.c)
0042b433       __mbinit_
00432528       ___MBCodePage
Module: C:\Users\jc410\OneDrive\euphoria\watcom/lib386/nt\clib3r.lib(alphabet.c)
0042f2a0       ___Alphabet
Module: C:\Users\jc410\OneDrive\euphoria\watcom/lib386/nt\clib3r.lib(mbconv.c)
0042b530       _mbvtop_
Module: C:\Users\jc410\OneDrive\euphoria\watcom/lib386\math387r.lib(__mtherr)
0042b54c       __matherr
Module: C:\Users\jc410\OneDrive\euphoria\watcom/lib386/nt\clib3r.lib(flushall.c)
0042b560       __flushall_
0042b5a0*      flushall_
Module: C:\Users\jc410\OneDrive\euphoria\watcom/lib386/nt\clib3r.lib(gtchewnt.c)
0042b5b0       getche_
Module: C:\Users\jc410\OneDrive\euphoria\watcom/lib386/nt\clib3r.lib(qread.c)
0042b5e0       __qread_
Module: C:\Users\jc410\OneDrive\euphoria\watcom/lib386/nt\clib3r.lib(ljmphdl.c)
0043252c       ___longjmp_handler
Module: C:\Users\jc410\OneDrive\euphoria\watcom/lib386/nt\plbx3r.lib(istipfx.cpp)
0042b660       int near std::istream::ipfx( int )
Module: C:\Users\jc410\OneDrive\euphoria\watcom/lib386/nt\clib3r.lib(strncpy.c)
0042b6a0       strncpy_
Module: C:\Users\jc410\OneDrive\euphoria\watcom/lib386/nt\clib3r.lib(strtol.c)
0042b900*      strtoul_
0042b910       strtol_
Module: C:\Users\jc410\OneDrive\euphoria\watcom/lib386/nt\clib3r.lib(putenv.c)
0042b920       putenv_
0042bbb0       __putenv_
Module: C:\Users\jc410\OneDrive\euphoria\watcom/lib386\math387r.lib(matherr.c)
0042bd19       matherr_
Module: C:\Users\jc410\OneDrive\euphoria\watcom/lib386/nt\clib3r.lib(getchwnt.c)
0042be20       getch_
Module: C:\Users\jc410\OneDrive\euphoria\watcom/lib386/nt\clib3r.lib(putchwnt.c)
0042be90       putch_
Module: C:\Users\jc410\OneDrive\euphoria\watcom/lib386/nt\clib3r.lib(mbschr.c)
0042bee0       _mbschr_
Module: C:\Users\jc410\OneDrive\euphoria\watcom/lib386/nt\clib3r.lib(mbslen.c)
0042bf40       _mbslen_
Module: C:\Users\jc410\OneDrive\euphoria\watcom/lib386/nt\clib3r.lib(mbstowcs.c)
0042bf70       mbstowcs_
Module: C:\Users\jc410\OneDrive\euphoria\watcom/lib386/nt\clib3r.lib(uputenv.c)
0042bff0*      _wputenv_
0042c210       __wputenv_
Module: C:\Users\jc410\OneDrive\euphoria\watcom/lib386/nt\clib3r.lib(toupper.c)
0042c310       toupper_
Module: C:\Users\jc410\OneDrive\euphoria\watcom/lib386/nt\clib3r.lib(mbclen.c)
0042c320       _mbclen_
Module: C:\Users\jc410\OneDrive\euphoria\watcom/lib386/nt\clib3r.lib(mbccmp.c)
0042c350       _mbccmp_
Module: C:\Users\jc410\OneDrive\euphoria\watcom/lib386/nt\clib3r.lib(mbtowc.c)
0042c390       mbtowc_
Module: C:\Users\jc410\OneDrive\euphoria\watcom/lib386/nt\clib3r.lib(ustrchr.c)
0042c420       wcschr_
Module: C:\Users\jc410\OneDrive\euphoria\watcom/lib386/nt\clib3r.lib(setenvar.c)
0042c440       __lib_SetEnvironmentVariableW_
Module: C:\Users\jc410\OneDrive\euphoria\watcom/lib386/nt\clib3r.lib(crtwenv.c)
0042c530       __create_wide_environment_
Module: C:\Users\jc410\OneDrive\euphoria\watcom/lib386/nt\clib3r.lib(utoupper.c)
0042c598       towupper_
Module: C:\Users\jc410\OneDrive\euphoria\watcom/lib386/nt\plbx3r.lib(stfsync.cpp)
0042c5b0       int near std::streambuf::sync()


                        +----------------------+
                        |   Imported Symbols   |
                        +----------------------+

Symbol                              Module
======                              ======

_GetTickCount@0                     KERNEL32.DLL
_GetStdHandle@4                     KERNEL32.DLL
_WriteFile@20                       KERNEL32.DLL
_GetEnvironmentStringsA@0           KERNEL32.DLL
_GetVersion@0                       KERNEL32.DLL
_GetModuleFileNameA@12              KERNEL32.DLL
_GetCommandLineA@0                  KERNEL32.DLL
_GetCommandLineW@0                  KERNEL32.DLL
_FreeEnvironmentStringsA@4          KERNEL32.DLL
_GetModuleHandleA@4                 KERNEL32.DLL
_ExitProcess@4                      KERNEL32.DLL
_VirtualAlloc@16                    KERNEL32.DLL
_GetLocalTime@4                     KERNEL32.DLL
_GetTimeZoneInformation@4           KERNEL32.DLL
_SetStdHandle@8                     KERNEL32.DLL
_CreateEventA@16                    KERNEL32.DLL
_CloseHandle@4                      KERNEL32.DLL
_GetModuleFileNameW@12              KERNEL32.DLL
_MultiByteToWideChar@24             KERNEL32.DLL
_LoadLibraryA@4                     KERNEL32.DLL
_GetProcAddress@8                   KERNEL32.DLL
_SetUnhandledExceptionFilter@4      KERNEL32.DLL
_UnhandledExceptionFilter@4         KERNEL32.DLL
_VirtualQuery@12                    KERNEL32.DLL
_VirtualFree@12                     KERNEL32.DLL
_SetFilePointer@16                  KERNEL32.DLL
_FlushFileBuffers@4                 KERNEL32.DLL
_GetLastError@0                     KERNEL32.DLL
_RtlUnwind@16                       KERNEL32.DLL
_RaiseException@16                  KERNEL32.DLL
_GetCurrentThreadId@0               KERNEL32.DLL
_CreateFileA@28                     KERNEL32.DLL
_SetConsoleCtrlHandler@8            KERNEL32.DLL
_WideCharToMultiByte@32             KERNEL32.DLL
_GetFileType@4                      KERNEL32.DLL
_CharUpperA@4                       USER32.DLL
_GetACP@0                           KERNEL32.DLL
_GetOEMCP@0                         KERNEL32.DLL
_GetCPInfo@8                        KERNEL32.DLL
_ReadFile@20                        KERNEL32.DLL
_SetEnvironmentVariableA@8          KERNEL32.DLL
_ReadConsoleInputA@16               KERNEL32.DLL
_GetConsoleMode@8                   KERNEL32.DLL
_SetConsoleMode@8                   KERNEL32.DLL
_WriteConsoleA@20                   KERNEL32.DLL
_SetEnvironmentVariableW@8          KERNEL32.DLL


                        +--------------------+
                        |   Libraries Used   |
                        +--------------------+

C:\Users\jc410\OneDrive\euphoria\watcom/lib386/nt\kernel32.lib
C:\Users\jc410\OneDrive\euphoria\watcom/lib386/nt\user32.lib
C:\Users\jc410\OneDrive\euphoria\watcom/lib386\math387r.lib
C:\Users\jc410\OneDrive\euphoria\watcom/lib386/nt\emu387.lib
C:\Users\jc410\OneDrive\euphoria\watcom/lib386/nt\clib3r.lib
C:\Users\jc410\OneDrive\euphoria\watcom/lib386/nt\plbx3r.lib


                        +-----------------------+
                        |   Linker Statistics   |
                        +-----------------------+

Stack size:  00010000 (65536.)
Memory size:  00041e4c (269900.)
Entry point address: 004200ee
Link time: 00:00.03
