Open Watcom Linker Version 1.9
Portions Copyright (c) 1985-2002 Sybase, Inc. All Rights Reserved.
Created on:       22/04/02 18:24:31
Executable Image: testobject.exe
creating a Windows NT character-mode executable


                        +------------+
                        |   Groups   |
                        +------------+

Group                           Address              Size
=====                           =======              ====

.idata                          0042f000             00000518
DGROUP                          00430000             00015cc0



                        +--------------+
                        |   Segments   |
                        +--------------+

Segment                Class          Group          Address         Size
=======                =====          =====          =======         ====

BEGTEXT                CODE           AUTO           00401000        00000007
_TEXT                  CODE           AUTO           00401010        0002d535
CODE32                 CODE           AUTO           0042e548        00000575
TRANSFER CODE          CODE           AUTO           0042eac0        00000114
.idata                 .idata         .idata         0042f000        00000518
_NULL                  BEGDATA        DGROUP         00430000        00000004
_AFTERNULL             BEGDATA        DGROUP         00430004        00000000
CONST                  DATA           DGROUP         00430004        00001390
CONST2                 DATA           DGROUP         004313a0        000019ec
_DATA                  DATA           DGROUP         00432d90        00001a30
XIB                    DATA           DGROUP         004347c0        00000000
XI                     DATA           DGROUP         004347c0        0000004e
XIE                    DATA           DGROUP         0043480e        00000000
YIB                    DATA           DGROUP         0043480e        00000000
YI                     DATA           DGROUP         0043480e        00000024
YIE                    DATA           DGROUP         00434832        00000000
DATA32                 DATA           DGROUP         00434834        00000310
TIB                    DATA           DGROUP         00434b44        00000000
TI                     DATA           DGROUP         00434b44        00000000
TIE                    DATA           DGROUP         00434b44        00000000
DATA                   DATA           DGROUP         00434b44        00000000
CONST32                CONST          DGROUP         00435000        00000000
_BSS                   BSS            DGROUP         00435000        00000cb8
BSS32                  BSS            DGROUP         00435cb8        00000000
STACK                  STACK          DGROUP         00435cc0        00010000


                        +----------------+
                        |   Memory Map   |
                        +----------------+

* = unreferenced symbol
+ = symbol only referenced locally

Address        Symbol
=======        ======

Module: be_eu.obj(C:\Users\jc410\Documents\CPPEuObject\be_eu.c)
00401010+      Cleanup_
0040103c       UserCleanup_
00401068+      SimpleRTFatal_
004010c1       RTFatal_
004010ed+      SpaceMessage_
00401118+      EMalloc_
00401169+      ERealloc_
004011be       NewS1_
00401254       NewString_
004012c9+      SequenceCopy_
00401386       NewDouble_
004013e2*      Dadd_
00401422*      Dminus_
00401462*      Dmultiply_
004014a2       doChar_
0040150f       Prepend_
00401664       Append_
00401849       Concat_
00401b00       Concat_N_
00401c69*      Concat_Ni_
00401dd6*      RepeatElem_
00401e2a       Repeat_
00401fab       de_reference_
0040213e*      DeRef1_
00402182*      DeRef5_
0040224b*      de_reference_i_
004022f6       DoubleToInt_
0040237d*      x_
004023b2*      add_
00402408*      minus_
0040245e*      multiply_
00402534*      divide_
00402599*      Ddivide_
004025f7       eremainder_
00402639+      check_bits_
004026ac       and_bits_
004026dd       Dand_bits_
0040276c       or_bits_
0040279d       Dor_bits_
0040282c       xor_bits_
0040285d       Dxor_bits_
004028ec       not_bits_
0040291c       Dnot_bits_
004029b7*      equals_
004029f7*      Dequals_
00402a3e*      less_
00402a7e*      Dless_
00402ac5*      greater_
00402b05*      Dgreater_
00402b4c*      noteq_
00402b8c*      Dnoteq_
00402bd3*      lesseq_
00402c13*      Dlesseq_
00402c5a*      greatereq_
00402c9a*      Dgreatereq_
00402ce1*      Band_
00402d27*      Dand_
00402d89*      Bor_
00402dcd*      Dor_
00402e2d*      Bxor_
00402e99*      Dxor_
00402f21*      uminus_
00402f6b*      Duminus_
00402fa7*      unot_
00402fe4*      Dnot_
0040302f       compare_
00403244       find_
004033d5       e_match_
0040353b+      CheckSlice_
00403667*      RHS_Slice_
00403920*      AssignSlice_
00403b5d       MakeCString_
00403c05       make_atom32_
00403c5b       find_from_
00403e5f       e_match_from_
00404035       screen_output_
00435000+      _TempBuff
00435410+      _assign_slice_seq
00435414+      _rhs_slice_target
Module: be_funcs.obj(C:\Users\jc410\Documents\CPPEuObject\be_funcs.c)
00404065*      Date_
00404123+      setran32_
00404207+      good_rand32_
0040433d       Random32_
00404382       DRandom32_
0040442f+      calc_hash32_
00404a9c+      get_int32_
00404b27       get_rand32_
00404b82       set_rand32_
00432d90+      _rand_was_set
00435418+      _seed2
0043541c+      _seed1
Module: be_math.obj(C:\Users\jc410\Documents\CPPEuObject\be_math.c)
00404ce2       Dremainder_
00404d51       power_
00404e4f       Dpower_
00404efe       e_sqrt_
00404f51       De_sqrt_
00404fac       e_sin_
00404fef       De_sin_
00405034       e_cos_
00405077       De_cos_
004050bc       e_tan_
004050ff       De_tan_
00405144       e_arctan_
00405187       De_arctan_
004051cc       e_log_
0040521f       De_log_
0040527a       e_floor_
004052a7       De_floor_
Module: test.obj(C:\Users\jc410\Documents\CPPEuObject\test.cpp)
0041f48f+      void near eu::base_class::ShowDebug()
0041f5ba+      near eu::base_class::~base_class()
0041f76d+      void near eu::base_class::println( int, int, char const near *, int )
0041f7ad+      near eu::Integer::Integer()
0041f804+      near eu::Integer::~Integer()
0041fbc5+      near eu::Integer::Integer( eu::Integer const near & )
0041fdd6+      near eu::Atom::Atom()
0041fe2d+      near eu::Atom::~Atom()
004201ee+      near eu::Atom::Atom( eu::Atom const near & )
0040530f+      long near eu::is_seq_string( long, long, long )
004053b0+      long near eu::RefRet( long )
004053e6*      int near eu::Version()
00405411*      void near eu::Abort( long )
0040543d+      void near eu::print( long, int, int, char const near *, int )
004056b2+      void near eu::println( long, int, int, char const near *, int )
004056fe+      long near eu::seq( long, ... )
00405810*      eu::Atom near eu::A_not_bits( eu::Atom )
004203ff+      near eu::Sequence::Sequence()
00420456+      near eu::Sequence::~Sequence()
00420817+      near eu::Sequence::Sequence( eu::Sequence const near & )
004069dc*      eu::Atom near eu::A_and_bits( eu::Atom, eu::Atom )
00407ac8*      eu::Atom near eu::A_or_bits( eu::Atom, eu::Atom )
00408bb4*      eu::Atom near eu::A_xor_bits( eu::Atom, eu::Atom )
00409ca0*      void near eu::S_concatN( eu::Sequence, eu::Sequence )
00409ce3*      long near eu::E_compare( long, long )
00409d19*      long near eu::E_find( long, eu::Sequence )
00409d51*      long near eu::E_match( eu::Sequence, eu::Sequence )
00409d8b*      long near eu::E_find_from( long, eu::Sequence, long )
00409dc7*      long near eu::E_match_from( eu::Sequence, eu::Sequence, long )
00409e05+      long near eu::Sequence::E_at( long )
00409ed1*      eu::Sequence near eu::S_repeat( long, long )
0040a6a3*      void near eu::Sequence::prepend( long )
0040a6ea*      void near eu::Sequence::append( long )
0040a731*      void near eu::S_prepend( eu::Sequence, eu::Sequence, long )
0040a779*      void near eu::S_append( eu::Sequence, eu::Sequence, long )
00420a28+      near eu::Dbl::Dbl()
00420a7f+      near eu::Dbl::~Dbl()
00420e40+      near eu::Dbl::Dbl( eu::Dbl const near & )
0040a7c1*      void near eu::S_concat( eu::Sequence, long, long )
0040a89d*      eu::Dbl near eu::A_remainder( eu::Dbl, eu::Dbl )
0040b989*      eu::Dbl near eu::A_power( eu::Dbl, eu::Dbl )
0040ca75*      eu::Dbl near eu::A_sqrt( eu::Dbl )
0040dc41*      eu::Dbl near eu::A_sin( eu::Dbl )
0040ee0d*      eu::Dbl near eu::A_cos( eu::Dbl )
0040ffd9*      eu::Dbl near eu::A_tan( eu::Dbl )
004111a5*      eu::Dbl near eu::A_arctan( eu::Dbl )
00412371*      eu::Dbl near eu::A_log( eu::Dbl )
0041353d*      eu::Dbl near eu::A_floor( eu::Dbl )
00414709*      eu::Integer near eu::IntegerRandom32( eu::Integer )
0041492f*      eu::Atom near eu::AtomRandom32( eu::Atom )
00414e3d*      eu::Sequence near eu::GetRand32()
00415048*      void near eu::SetRand32( long )
00415077+      void near myShowDebug( eu::base_class near * )
004151ad       main_
Module: C:\Users\jc410\OneDrive\euphoria\watcom/lib386/nt\clib3r.lib(stk)
00421055       __CHK
00421065*      __STK
00421084*      __STKOVERFLOW_
00421094       __GRO
004210b4*      __alloca_probe
Module: C:\Users\jc410\OneDrive\euphoria\watcom/lib386/nt\clib3r.lib(exit.c)
004210c8+      __null_int23_exit_
004210c9       exit_
00421119*      _exit_
00432df0+      ___int23_exit
00432df4+      ___FPE_handler_exit
Module: C:\Users\jc410\OneDrive\euphoria\watcom/lib386/nt\clib3r.lib(iob.c)
00432df8       ___iob
00433000*      __fmode
00435420       ___OpenStreams
00435424       ___ClosedStreams
Module: C:\Users\jc410\OneDrive\euphoria\watcom/lib386/nt\clib3r.lib(nmalloc.c)
00421130       _nmalloc_
00421130       malloc_
00433004       ___nheapbeg
00433008       ___MiniHeapRover
0043300c       ___LargestSizeB4MiniHeapRover
Module: C:\Users\jc410\OneDrive\euphoria\watcom/lib386/nt\clib3r.lib(nrealloc.c)
00421230*      _nrealloc_
00421230       realloc_
Module: C:\Users\jc410\OneDrive\euphoria\watcom/lib386/nt\clib3r.lib(strlen.c)
004212b0       strlen_
Module: C:\Users\jc410\OneDrive\euphoria\watcom/lib386\math387r.lib(fchop87)
004212c4       __CHP
Module: C:\Users\jc410\OneDrive\euphoria\watcom/lib386/nt\clib3r.lib(nfree.c)
004212e0       _nfree_
004212e0       free_
00435428       ___MiniHeapFreeRover
Module: C:\Users\jc410\OneDrive\euphoria\watcom/lib386/nt\clib3r.lib(sprintf.c)
004213f0       sprintf_
Module: C:\Users\jc410\OneDrive\euphoria\watcom/lib386/nt\clib3r.lib(fputs.c)
00421420       fputs_
Module: C:\Users\jc410\OneDrive\euphoria\watcom/lib386/nt\clib3r.lib(fltused.c)
00433010       _fltused_
Module: C:\Users\jc410\OneDrive\euphoria\watcom/lib386/nt\emu387.lib(386)
004214c0       __init_387_emulator
004214c1*      __fini_387_emulator
Module: C:\Users\jc410\OneDrive\euphoria\watcom/lib386/nt\clib3r.lib(_8087)
00433014       __8087
00433015       __real87
Module: C:\Users\jc410\OneDrive\euphoria\watcom/lib386/nt\clib3r.lib(time.c)
004214d0       time_
Module: C:\Users\jc410\OneDrive\euphoria\watcom/lib386/nt\clib3r.lib(localtim.c)
00421510+      _localtime_
00421570       localtime_
Module: C:\Users\jc410\OneDrive\euphoria\watcom/lib386\math387r.lib(fmod87)
004215a3       fmod_
00421588*      IF@DFMOD
00421588*      IF@FMOD
Module: C:\Users\jc410\OneDrive\euphoria\watcom/lib386\math387r.lib(pow87)
0042170d       pow_
004215b4*      IF@DPOW
004215b4*      IF@POW
Module: C:\Users\jc410\OneDrive\euphoria\watcom/lib386\math387r.lib(floor.c)
0042171d       floor_
Module: C:\Users\jc410\OneDrive\euphoria\watcom/lib386\math387r.lib(sqrt87)
00421758       sqrt_
00421788*      IF@SQRT
00421788*      IF@DSQRT
0042178a*      __@DSQRT
Module: C:\Users\jc410\OneDrive\euphoria\watcom/lib386\math387r.lib(trig87)
00421809       sin_
004217fd       cos_
0042182a       tan_
004217bc*      IF@COS
004217bc*      IF@DCOS
004217c6*      IF@SIN
004217c6*      IF@DSIN
00421815*      IF@TAN
00421815*      IF@DTAN
Module: C:\Users\jc410\OneDrive\euphoria\watcom/lib386\math387r.lib(atan87)
00421862       atan_
0042186e*      atan2_
00421838*      IF@ATAN
00421838*      IF@DATAN
0042184d*      IF@ATAN2
0042184d*      IF@DATAN2
Module: C:\Users\jc410\OneDrive\euphoria\watcom/lib386\math387r.lib(log87)
004218d4       log_
004218ec*      log2_
004218e0*      log10_
00421880*      IF@LOG
00421880*      IF@DLOG
004218c0*      IF@LOG2
004218c0*      IF@DLOG2
004218ca*      IF@LOG10
004218ca*      IF@DLOG10
Module: C:\Users\jc410\OneDrive\euphoria\watcom/lib386/nt\clib3r.lib(printf.c)
00421900       printf_
Module: C:\Users\jc410\OneDrive\euphoria\watcom/lib386/nt\plbx3r.lib(FSHAND)
00421922       ___wcpp_4_fs_handler_
Module: C:\Users\jc410\OneDrive\euphoria\watcom/lib386/nt\plbx3r.lib(stabdtor.cpp)
00421bd0       __wcpp_4_destruct_internal__
00421bf0       __wcpp_4_destruct_all__
00421bf4*      __wcpp_4_destruct__
Module: C:\Users\jc410\OneDrive\euphoria\watcom/lib386/nt\clib3r.lib(puts.c)
00421c20       puts_
Module: C:\Users\jc410\OneDrive\euphoria\watcom/lib386/nt\plbx3r.lib(manendl.cpp)
00421c50       std::ostream near & near std::endl( std::ostream near & )
Module: C:\Users\jc410\OneDrive\euphoria\watcom/lib386/nt\plbx3r.lib(ioicout.cpp)
00435468       std::ostream near std::cout
00421cc4+      near cout_initfini::cout_initfini()
00421ccc+      near cout_initfini::~cout_initfini()
Module: C:\Users\jc410\OneDrive\euphoria\watcom/lib386/nt\plbx3r.lib(ostincch.cpp)
00421d00       std::ostream near & near std::ostream::operator <<( char const near * )
Module: C:\Users\jc410\OneDrive\euphoria\watcom/lib386/nt\plbx3r.lib(ostinomn.cpp)
00421d80       std::ostream near & near std::ostream::operator <<( std::ostream near & (near *)())
Module: C:\Users\jc410\OneDrive\euphoria\watcom/lib386/nt\plbx3r.lib(ostinulo.cpp)
00421d90       std::ostream near & near std::ostream::operator <<( long unsigned )
Module: C:\Users\jc410\OneDrive\euphoria\watcom/lib386/nt\plbx3r.lib(ioicin.cpp)
004354e8       std::istream near std::cin
00421f08*      near cin_initfini::cin_initfini()
Module: C:\Users\jc410\OneDrive\euphoria\watcom/lib386/nt\plbx3r.lib(istexcha.cpp)
00421f30       std::istream near & near std::istream::operator >>( char near & )
Module: C:\Users\jc410\OneDrive\euphoria\watcom/lib386/nt\clib3r.lib(cstrtwnt)
00421fbe       _cstart_
00421fbe*      mainCRTStartup
Module: C:\Users\jc410\OneDrive\euphoria\watcom/lib386/nt\plbx3r.lib(iofefg.cpp)
004347ea       __ppfltused_
Module: C:\Users\jc410\OneDrive\euphoria\watcom/lib386/nt\plbx3r.lib(fsroot.cpp)
004347f0       ___wcpp_4_data_init_fs_root_
Module: C:\Users\jc410\OneDrive\euphoria\watcom/lib386/nt\plbx3r.lib(cppdata.cpp)
00435528       __wint_thread_data
0043554c       __compiled_under_NT
Module: C:\Users\jc410\OneDrive\euphoria\watcom/lib386/nt\clib3r.lib(xmsgwnt.c)
00422070       __exit_with_msg_
004220d0       __fatal_runtime_error_
Module: C:\Users\jc410\OneDrive\euphoria\watcom/lib386/nt\clib3r.lib(mainwnt.c)
004330c4*      ___TlsIndex
004330c8+      ___FirstThreadData
004330cc       ___GetThreadPtr
004330d0       __AccessFileH
004330d4       __ReleaseFileH
004330d8       __AccessIOB
004330dc       __ReleaseIOB
004330e0       __AccessNHeap
004330e4*      __AccessFHeap
004330e8       __ReleaseNHeap
00422100*      __threadid_
00422120+      __sig_null_rtn_
00422130+      __NTInit_
00422310+      __NTFini_
00422370       __NTMainInit_
004223d0       __exit_
004330ec*      __ReleaseFHeap
004330f0*      __AccessTDList
004330f4*      __ReleaseTDList
004330f8       __AccessFList
004330fc       __ReleaseFList
00433100+      __ThreadExitRtn
00433104       ___sig_init_rtn
00433108       ___sig_fini_rtn
0043310c       ___process_fini
00435558       ___Is_DLL
Module: C:\Users\jc410\OneDrive\euphoria\watcom/lib386/nt\clib3r.lib(initrtns.c)
00422430       __InitRtns
00422480       __FiniRtns
Module: C:\Users\jc410\OneDrive\euphoria\watcom/lib386/nt\clib3r.lib(initfile.c)
00422510       __InitFiles_
Module: C:\Users\jc410\OneDrive\euphoria\watcom/lib386/nt\clib3r.lib(ioexit.c)
00422610*      fcloseall_
00422620       __full_io_exit_
Module: C:\Users\jc410\OneDrive\euphoria\watcom/lib386/nt\clib3r.lib(nmemneed.c)
00422630       __nmemneed_
Module: C:\Users\jc410\OneDrive\euphoria\watcom/lib386/nt\clib3r.lib(mem.c)
00422640       __MemAllocator
004226f0       __MemFree
Module: C:\Users\jc410\OneDrive\euphoria\watcom/lib386/nt\clib3r.lib(grownear.c)
00422990       __ExpandDGROUP_
Module: C:\Users\jc410\OneDrive\euphoria\watcom/lib386/nt\clib3r.lib(nmsize.c)
004229b0       _nmsize_
004229b0*      _msize_
Module: C:\Users\jc410\OneDrive\euphoria\watcom/lib386/nt\clib3r.lib(nexpand.c)
004229c0       _nexpand_
004229c0*      _expand_
00422a00+      __HeapManager_expand_
Module: C:\Users\jc410\OneDrive\euphoria\watcom/lib386/nt\clib3r.lib(vsprintf.c)
00422be0       vsprintf_
Module: C:\Users\jc410\OneDrive\euphoria\watcom/lib386/nt\clib3r.lib(fputc.c)
00422c00       fputc_
Module: C:\Users\jc410\OneDrive\euphoria\watcom/lib386/nt\clib3r.lib(flush.c)
00422ce0       __flush_
Module: C:\Users\jc410\OneDrive\euphoria\watcom/lib386/nt\clib3r.lib(ioalloc.c)
00422de0       __ioalloc_
Module: C:\Users\jc410\OneDrive\euphoria\watcom/lib386/nt\clib3r.lib(setefg.c)
00422e80       __setEFGfmt_
Module: C:\Users\jc410\OneDrive\euphoria\watcom/lib386/nt\clib3r.lib(chk8087.c)
00422ec0*      _fpreset_
00422f00       __chk8087_
00422f10*      __init_8087_
Module: C:\Users\jc410\OneDrive\euphoria\watcom/lib386/nt\clib3r.lib(crwdata)
00433154       __osmajor
00433155       __osminor
00433156       __osbuild
00433158       __osver
0043315c       __winmajor
00433160       __winminor
00433164       __winver
00433120       __LpDllName
00433124       __LpwCmdLine
00433128       __LpwPgmName
0043312c       __LpwDllName
00433118       __LpCmdLine
0043311c       __LpPgmName
00433110*      __dynend
00433114       __curbrk
00433130*      __STACKLOW
00433134       __STACKTOP
00433138       __ASTACKSIZ
0043313c       __ASTACKPTR
00433140       __cbyte
00433144*      __cbyte2
00433148*      __child
0043314e       __Envptr
00433152*      __Envseg
0043314c       __no87
00433168       ___FPE_handler
Module: C:\Users\jc410\OneDrive\euphoria\watcom/lib386/nt\clib3r.lib(gtctmwnt.c)
00422f30       __getctime_
Module: C:\Users\jc410\OneDrive\euphoria\watcom/lib386/nt\clib3r.lib(mktime.c)
00422fa0       mktime_
Module: C:\Users\jc410\OneDrive\euphoria\watcom/lib386/nt\clib3r.lib(tzset.c)
0043316c       ___start_dst
00433190       ___end_dst
004332b8*      _tzname
004332c0       _timezone
004332c4       _daylight
004332c8       ___dst_adjust
00423080*      __DontCacheOSTZ_
00423090*      __CacheOSTZ_
00423570+      __parse_tz_
00423960       tzset_
Module: C:\Users\jc410\OneDrive\euphoria\watcom/lib386/nt\clib3r.lib(gmtime.c)
004239d0       __brktime_
00423ad0+      _gmtime_
00423af0*      gmtime_
Module: C:\Users\jc410\OneDrive\euphoria\watcom/lib386/nt\clib3r.lib(timeutil.c)
00423c50       __isindst_
Module: C:\Users\jc410\OneDrive\euphoria\watcom/lib386/nt\clib3r.lib(chipvar)
004332d0       ___chipbug
004332d0       __chipbug
Module: C:\Users\jc410\OneDrive\euphoria\watcom/lib386/nt\clib3r.lib(chipr32.asm)
0042e74f       __fprem_chk
0042ea08*      __fprem1_chk
Module: C:\Users\jc410\OneDrive\euphoria\watcom/lib386\math387r.lib(pow87e.c)
00423f80       __pow87_err_
Module: C:\Users\jc410\OneDrive\euphoria\watcom/lib386\math387r.lib(exp87)
0042406f*      exp_
00424008*      __@DEXP1
00424010*      IF@EXP
00424010*      IF@DEXP
00424012       __@DEXP
Module: C:\Users\jc410\OneDrive\euphoria\watcom/lib386/nt\clib3r.lib(chipd32.asm)
00424193       __fdiv_fpr
00424655*      __fdiv_chk
00424668*      __fdiv_m32
004246b5*      __fdiv_m64
00424702*      __fdiv_m32r
0042474f*      __fdiv_m64r
Module: C:\Users\jc410\OneDrive\euphoria\watcom/lib386\math387r.lib(modf87)
0042479c       modf_
Module: C:\Users\jc410\OneDrive\euphoria\watcom/lib386\math387r.lib(math87e.c)
004247b5       __math87_err_
Module: C:\Users\jc410\OneDrive\euphoria\watcom/lib386/nt\clib3r.lib(chipt32.asm)
00424820       __fptan_chk
Module: C:\Users\jc410\OneDrive\euphoria\watcom/lib386/nt\clib3r.lib(chipw32.asm)
004248d4       __fpatan_wrap
Module: C:\Users\jc410\OneDrive\euphoria\watcom/lib386\math387r.lib(log87e.c)
00424909       __log87_err_
Module: C:\Users\jc410\OneDrive\euphoria\watcom/lib386/nt\clib3r.lib(fprtf.c)
00424960       __fprtf_
Module: C:\Users\jc410\OneDrive\euphoria\watcom/lib386/nt\plbx3r.lib(fsregist.cpp)
00424a20+      char unsigned near * near findHandler( char unsigned near * )
00424a38+      __wcpp_4_dispatch_dummy__
00424a5c       __wcpp_4_fs_lookup__
00424b2c       ___wcpp_4_fs_handler_rtn_
Module: C:\Users\jc410\OneDrive\euphoria\watcom/lib386/nt\plbx3r.lib(stabtrav.cpp)
00424c00       __wcpp_4_stab_entry__
00424c18*      __wcpp_4_stab_trav_comp__
00424cfc       __wcpp_4_stab_trav_init__
00424d20       __wcpp_4_stab_trav_next__
00424d78       __wcpp_4_stab_trav_move__
Module: C:\Users\jc410\OneDrive\euphoria\watcom/lib386/nt\plbx3r.lib(callterm.cpp)
00424d90       __wcpp_4_corrupted_stack__
00424da4       __wcpp_4_call_terminate__
Module: C:\Users\jc410\OneDrive\euphoria\watcom/lib386/nt\plbx3r.lib(allocexc.cpp)
00424df4       __wcpp_4_alloc_exc__
00425048       __wcpp_4_free_exc__
00425080       __wcpp_4_find_active__
0042509c       __wcpp_4_dtor_free_exc__
Module: C:\Users\jc410\OneDrive\euphoria\watcom/lib386/nt\plbx3r.lib(stabadt.cpp)
00425160+      void near * near dtor_the_array( _RTARCTOR near * )
004251a4+      near _RTARCTOR::~_RTARCTOR()
004251bc       __wcpp_4_dtor_array__
Module: C:\Users\jc410\OneDrive\euphoria\watcom/lib386/nt\plbx3r.lib(pgmthrd.cpp)
00425230       __wcpp_4_pgm_thread__
Module: C:\Users\jc410\OneDrive\euphoria\watcom/lib386/nt\plbx3r.lib(ostput.cpp)
00425260       std::ostream near & near std::ostream::put( char )
Module: C:\Users\jc410\OneDrive\euphoria\watcom/lib386/nt\plbx3r.lib(ostflush.cpp)
00425300       std::ostream near & near std::ostream::flush()
Module: C:\Users\jc410\OneDrive\euphoria\watcom/lib386/nt\plbx3r.lib(undefed.cpp)
00425340       __wcpp_4_undefed_cdtor__
Module: C:\Users\jc410\OneDrive\euphoria\watcom/lib386/nt\clib3r.lib(iobaddr.c)
00425360       __get_std_stream_
00425360*      __get_std_file_
Module: C:\Users\jc410\OneDrive\euphoria\watcom/lib386/nt\plbx3r.lib(sdfconfp.cpp)
00425380       near stdiobuf::stdiobuf( __iobuf near * )
Module: C:\Users\jc410\OneDrive\euphoria\watcom/lib386/nt\plbx3r.lib(stablcl.cpp)
00425390       __wcpp_4_lcl_register__
Module: C:\Users\jc410\OneDrive\euphoria\watcom/lib386/nt\plbx3r.lib(ostconsf.cpp)
004253a0       near std::ostream::ostream( std::streambuf near * )
Module: C:\Users\jc410\OneDrive\euphoria\watcom/lib386/nt\plbx3r.lib(ostdestr.cpp)
00425460       near std::ostream::~ostream()
Module: C:\Users\jc410\OneDrive\euphoria\watcom/lib386/nt\plbx3r.lib(sdfdestr.cpp)
00425530       near stdiobuf::~stdiobuf()
Module: C:\Users\jc410\OneDrive\euphoria\watcom/lib386/nt\plbx3r.lib(moddtorr.cpp)
0043481a       ___wcpp_4_data_module_dtor_ref_
Module: C:\Users\jc410\OneDrive\euphoria\watcom/lib386/nt\plbx3r.lib(ostopfx.cpp)
00425610       int near std::ostream::do_opfx()
Module: C:\Users\jc410\OneDrive\euphoria\watcom/lib386/nt\plbx3r.lib(iouwrtit.cpp)
00425680       int near __WATCOM_ios::writeitem( std::ostream near &, char const near *, int, int )
Module: C:\Users\jc410\OneDrive\euphoria\watcom/lib386/nt\plbx3r.lib(iossetst.cpp)
00425a00+      near std::ios::failure::failure( std::ios::failure const near & )
00425a10+      near std::ios::failure::~failure()
00425a20+      near __WATCOM_exception::__WATCOM_exception( __WATCOM_exception const near & )
00425a30+      near __WATCOM_exception::~__WATCOM_exception()
004259d0       void near std::ios::setstate( int )
Module: C:\Users\jc410\OneDrive\euphoria\watcom/lib386/nt\plbx3r.lib(ioufgtba.cpp)
00425a40       int near __FlagsToBase( long )
Module: C:\Users\jc410\OneDrive\euphoria\watcom/lib386/nt\plbx3r.lib(ostadpre.cpp)
00425a70       void near __AddPrefix( char, char near *, int near &, int, long )
Module: C:\Users\jc410\OneDrive\euphoria\watcom/lib386/nt\clib3r.lib(ltoa.c)
00425ad0       ultoa_
00425b20*      ltoa_
Module: C:\Users\jc410\OneDrive\euphoria\watcom/lib386/nt\clib3r.lib(strupr.c)
00425b50       strupr_
Module: C:\Users\jc410\OneDrive\euphoria\watcom/lib386/nt\plbx3r.lib(istconsf.cpp)
00425b70       near std::istream::istream( std::streambuf near * )
Module: C:\Users\jc410\OneDrive\euphoria\watcom/lib386/nt\plbx3r.lib(istdestr.cpp)
00425c30       near std::istream::~istream()
Module: C:\Users\jc410\OneDrive\euphoria\watcom/lib386/nt\plbx3r.lib(pure_err.cpp)
00425d00       __wcpp_4_pure_error__
Module: C:\Users\jc410\OneDrive\euphoria\watcom/lib386/nt\plbx3r.lib(istdipfx.cpp)
00425d30       int near std::istream::do_ipfx( int )
Module: C:\Users\jc410\OneDrive\euphoria\watcom/lib386/nt\plbx3r.lib(istdrshf.cpp)
00425dc0       std::istream near & near std::istream::do_rshift( char near & )
Module: C:\Users\jc410\OneDrive\euphoria\watcom/lib386/nt\clib3r.lib(main2wnt.c)
00425e30       __NTMain
Module: C:\Users\jc410\OneDrive\euphoria\watcom/lib386/nt\clib3r.lib(segdefns)
00401003       ___begtext
00430000*      __nullarea
004347c0       __Start_XI
0043480e       __End_XI
0043480e       __Start_YI
00434832       __End_YI
Module: C:\Users\jc410\OneDrive\euphoria\watcom/lib386/nt\plbx3r.lib(iofnoefg.cpp)
00433368       void (near * near __EFG_cnvs2d)( char near *, double near * )
0043336c       int (near * near __EFG_cnvd2f)( double near *, float near * )
00433370       void (near * near __EFG_LDcvt)( __6ks9tmlong_double near *, cvt_info near *, char near * )
00433374       char near * (near * near __EFG_fcvt)( double, int, int near *, int near * )
00433378       void (near * near __EFG__FDLD)( double near *, __6ks9tmlong_double near * )
Module: C:\Users\jc410\OneDrive\euphoria\watcom/lib386\math387r.lib(cnvs2d.c)
00425ea2       __cnvs2d_
Module: C:\Users\jc410\OneDrive\euphoria\watcom/lib386\math387r.lib(cnvd2f.c)
00425eb0       __cnvd2f_
Module: C:\Users\jc410\OneDrive\euphoria\watcom/lib386\math387r.lib(ldcvt.c)
00426002       _LDScale10x_
004265a9       __LDcvt_
Module: C:\Users\jc410\OneDrive\euphoria\watcom/lib386\math387r.lib(_i_fcvt_.asm)
004269f8       _fcvt_
Module: C:\Users\jc410\OneDrive\euphoria\watcom/lib386\math387r.lib(cnvd2ld.c)
004269fd       __cnvd2ld_
Module: C:\Users\jc410\OneDrive\euphoria\watcom/lib386/nt\clib3r.lib(enterdb.c)
00426a10       __EnterWVIDEO_
00433424+      ___WD_Present
Module: C:\Users\jc410\OneDrive\euphoria\watcom/lib386/nt\clib3r.lib(hdlman.c)
00433428+      ___NHandles
0043342c+      ___OSHandles
00433430+      ___FakeHandles
00426a40+      __growPOSIXHandles_
00426ae0+      __allocPOSIXHandle_
00426ba0       __freePOSIXHandle_
00426bc0       __getOSHandle_
00426bd0       __setOSHandle_
00426c20+      __NTGetFakeHandle_
00426c90       __initPOSIXHandles_
00426d70*      __set_handles_
00426d80*      _grow_handles_
Module: C:\Users\jc410\OneDrive\euphoria\watcom/lib386/nt\clib3r.lib(environ.c)
00435b74       ___env_mask
00435b78       _environ
00435b7c       __wenviron
Module: C:\Users\jc410\OneDrive\euphoria\watcom/lib386/nt\clib3r.lib(getmodfn.c)
00426dc0       __lib_GetModuleFileNameW_
Module: C:\Users\jc410\OneDrive\euphoria\watcom/lib386/nt\clib3r.lib(strdup.c)
00426e60       __clib_strdup_
Module: C:\Users\jc410\OneDrive\euphoria\watcom/lib386/nt\clib3r.lib(istable.c)
00426ea0       __IsTable
Module: C:\Users\jc410\OneDrive\euphoria\watcom/lib386/nt\clib3r.lib(ustrdup.c)
00426fa1       __clib_wcsdup_
Module: C:\Users\jc410\OneDrive\euphoria\watcom/lib386/nt\clib3r.lib(excptwnt.c)
00427630+      ___ReportException@4
00427a80       __DefaultExceptionHandler_
00427ac0+      ___ExceptionFilter
00427cd0       __NewExceptionFilter_
00427d00       __DoneExceptionFilter_
0043343c       ___oscode_check_func
00433440       ___raise_func
00435b80*      _sw
00435b84+      ___ExceptionHandled
00435b85+      ___ReportInvoked
Module: C:\Users\jc410\OneDrive\euphoria\watcom/lib386/nt\clib3r.lib(stklmwnt.c)
00427d40       __init_stack_limits_
Module: C:\Users\jc410\OneDrive\euphoria\watcom/lib386/nt\clib3r.lib(fclose.c)
00427db0+      __doclose_
00427e50       __shutdown_stream_
00427e70*      fclose_
00435b88+      ___RmTmpFileFn
Module: C:\Users\jc410\OneDrive\euphoria\watcom/lib386/nt\clib3r.lib(freefp.c)
00427ec0       __freefp_
00427f10       __purgefp_
Module: C:\Users\jc410\OneDrive\euphoria\watcom/lib386/nt\clib3r.lib(amblksiz.c)
00433458       __amblksiz
Module: C:\Users\jc410\OneDrive\euphoria\watcom/lib386/nt\clib3r.lib(heapen.c)
00427f40*      _heapenable_
0043345c       ___heap_enabled
Module: C:\Users\jc410\OneDrive\euphoria\watcom/lib386/nt\clib3r.lib(nheapmin.c)
00427f70       _nheapshrink_
00427f70*      _nheapmin_
00427f70*      _heapmin_
00427f70*      _heapshrink_
Module: C:\Users\jc410\OneDrive\euphoria\watcom/lib386/nt\clib3r.lib(prtf.c)
00428060       __prtf_
Module: C:\Users\jc410\OneDrive\euphoria\watcom/lib386/nt\clib3r.lib(seterrno.c)
00428d24       __set_errno_
00428d32       __set_EDOM_
00428d40       __set_ERANGE_
00428d4e*      __set_EINVAL_
00428d61       __set_doserrno_
Module: C:\Users\jc410\OneDrive\euphoria\watcom/lib386/nt\clib3r.lib(__lseek.c)
00428d70       __lseek_
Module: C:\Users\jc410\OneDrive\euphoria\watcom/lib386/nt\clib3r.lib(fsync.c)
00428db0       fsync_
Module: C:\Users\jc410\OneDrive\euphoria\watcom/lib386/nt\clib3r.lib(qwrit.c)
00428e00       __qwrite_
Module: C:\Users\jc410\OneDrive\euphoria\watcom/lib386/nt\clib3r.lib(chktty.c)
00428ee0       __chktty_
Module: C:\Users\jc410\OneDrive\euphoria\watcom/lib386/nt\clib3r.lib(noefgfmt.c)
00433460       ___EFG_printf
00433464       ___EFG_scanf
Module: C:\Users\jc410\OneDrive\euphoria\watcom/lib386\math387r.lib(efgfmt.c)
00428f62       _EFG_Format_
Module: C:\Users\jc410\OneDrive\euphoria\watcom/lib386/nt\clib3r.lib(8087cw.c)
00433468       __8087cw
Module: C:\Users\jc410\OneDrive\euphoria\watcom/lib386/nt\clib3r.lib(save8087.c)
0043346c       ___Save8087
00433470       ___Rest8087
Module: C:\Users\jc410\OneDrive\euphoria\watcom/lib386/nt\clib3r.lib(init8087)
004290d4       __x87id
Module: C:\Users\jc410\OneDrive\euphoria\watcom/lib386/nt\clib3r.lib(locmktim.c)
00429110       __local_mktime_
Module: C:\Users\jc410\OneDrive\euphoria\watcom/lib386/nt\clib3r.lib(leapyear.c)
00429250       __leapyear_
004310f0       ___diyr
0043110a       ___dilyr
Module: C:\Users\jc410\OneDrive\euphoria\watcom/lib386/nt\clib3r.lib(wcstombs.c)
00429290       wcstombs_
Module: C:\Users\jc410\OneDrive\euphoria\watcom/lib386/nt\clib3r.lib(getenv.c)
00429330       getenv_
Module: C:\Users\jc410\OneDrive\euphoria\watcom/lib386/nt\clib3r.lib(chipbug.c)
004293c0       __verify_pentium_fdiv_bug_
Module: C:\Users\jc410\OneDrive\euphoria\watcom/lib386\math387r.lib(math2err.c)
00429482       __math1err_
0042948c       __math2err_
Module: C:\Users\jc410\OneDrive\euphoria\watcom/lib386/nt\clib3r.lib(chipa32.asm)
00429590       __fpatan_chk
Module: C:\Users\jc410\OneDrive\euphoria\watcom/lib386/nt\plbx3r.lib(stabdisp.cpp)
0042999c       __wcpp_4_dispatchable__
Module: C:\Users\jc410\OneDrive\euphoria\watcom/lib386/nt\plbx3r.lib(bittest.cpp)
004299f0       __wcpp_4_bit_test__
00429a10       __wcpp_4_bit_off__
Module: C:\Users\jc410\OneDrive\euphoria\watcom/lib386/nt\plbx3r.lib(termnate.cpp)
00429a30       void near std::terminate()
Module: C:\Users\jc410\OneDrive\euphoria\watcom/lib386/nt\plbx3r.lib(fatalerr.cpp)
00429a70       __wcpp_4_fatal_runtime_error__
Module: C:\Users\jc410\OneDrive\euphoria\watcom/lib386/nt\plbx3r.lib(exc_pr.cpp)
00429aa0       near _EXC_PR::_EXC_PR( _RTCTL near *, RW_DTREG near *, EXCSTATE )
00429acc       near _EXC_PR::~_EXC_PR()
00429adc       near _EXC_PR_FREE::_EXC_PR_FREE( _RTCTL near *, RW_DTREG near *, EXCSTATE, ACTIVE_EXC near * )
00429af0       near _EXC_PR_FREE::~_EXC_PR_FREE()
00429b28       near _EXC_PR_DTOR::_EXC_PR_DTOR( _RTCTL near *, RW_DTREG near *, EXCSTATE, ACTIVE_EXC near * )
00429b38       near _EXC_PR_FNEXC::_EXC_PR_FNEXC( _RTCTL near *, RW_DTREG near *, RW_DTREG near *, ACTIVE_EXC near * )
00429b58       near _EXC_PR_FNEXC::~_EXC_PR_FNEXC()
00429b60       near _EXC_PR_DTOR::~_EXC_PR_DTOR()
Module: C:\Users\jc410\OneDrive\euphoria\watcom/lib386/nt\plbx3r.lib(areaexc.cpp)
004334e0       ___EXC_AREA
Module: C:\Users\jc410\OneDrive\euphoria\watcom/lib386/nt\plbx3r.lib(tsequiv.cpp)
00429b90       __wcpp_4_ts_refed__
00429ba8+      __wcpp_4_ts_pnted__
00429bdc       __wcpp_4_ts_equiv__
Module: C:\Users\jc410\OneDrive\euphoria\watcom/lib386/nt\plbx3r.lib(tssize.cpp)
00429ce4       __wcpp_4_ts_size__
Module: C:\Users\jc410\OneDrive\euphoria\watcom/lib386/nt\plbx3r.lib(vfun_err.cpp)
00429d20       __wcpp_4_undef_vfun__
Module: C:\Users\jc410\OneDrive\euphoria\watcom/lib386/nt\plbx3r.lib(stfdsgtn.cpp)
00429d50       int near std::streambuf::do_sgetn( char near *, int )
Module: C:\Users\jc410\OneDrive\euphoria\watcom/lib386/nt\plbx3r.lib(stfdspun.cpp)
00429dd0       int near std::streambuf::do_sputn( char const near *, int )
Module: C:\Users\jc410\OneDrive\euphoria\watcom/lib386/nt\plbx3r.lib(stfpbfai.cpp)
00429e70       int near std::streambuf::pbackfail( int )
Module: C:\Users\jc410\OneDrive\euphoria\watcom/lib386/nt\plbx3r.lib(sdfoverf.cpp)
00429e80       int near stdiobuf::overflow( int )
Module: C:\Users\jc410\OneDrive\euphoria\watcom/lib386/nt\plbx3r.lib(sdfundrf.cpp)
00429fe0       int near stdiobuf::underflow()
Module: C:\Users\jc410\OneDrive\euphoria\watcom/lib386/nt\plbx3r.lib(stfsbuf.cpp)
0042a100       std::streambuf near * near std::streambuf::setbuf( char near *, int )
Module: C:\Users\jc410\OneDrive\euphoria\watcom/lib386/nt\plbx3r.lib(stfseeko.cpp)
0042a150       long near std::streambuf::seekoff( long, int, int )
Module: C:\Users\jc410\OneDrive\euphoria\watcom/lib386/nt\plbx3r.lib(stfseekp.cpp)
0042a160       long near std::streambuf::seekpos( long, int )
Module: C:\Users\jc410\OneDrive\euphoria\watcom/lib386/nt\plbx3r.lib(sdfsync.cpp)
0042a170       int near stdiobuf::sync()
Module: C:\Users\jc410\OneDrive\euphoria\watcom/lib386/nt\plbx3r.lib(stfdoall.cpp)
0042a1a0       int near std::streambuf::doallocate()
Module: C:\Users\jc410\OneDrive\euphoria\watcom/lib386/nt\plbx3r.lib(stfconde.cpp)
0042a1e0       near std::streambuf::streambuf()
Module: C:\Users\jc410\OneDrive\euphoria\watcom/lib386/nt\plbx3r.lib(stabmod.cpp)
0042a230       __wcpp_4_module_dtor__
0042a25c       __wcpp_4_mod_register__
Module: C:\Users\jc410\OneDrive\euphoria\watcom/lib386/nt\plbx3r.lib(iosinit.cpp)
0042a270       void near std::ios::init( std::streambuf near * )
Module: C:\Users\jc410\OneDrive\euphoria\watcom/lib386/nt\plbx3r.lib(iosconde.cpp)
0042a2c0       near std::ios::ios()
Module: C:\Users\jc410\OneDrive\euphoria\watcom/lib386/nt\plbx3r.lib(iosdestr.cpp)
0042a2d0       near std::ios::~ios()
Module: C:\Users\jc410\OneDrive\euphoria\watcom/lib386/nt\plbx3r.lib(opdel.cpp)
0042a360       void near operator delete( void near * )
Module: C:\Users\jc410\OneDrive\euphoria\watcom/lib386/nt\plbx3r.lib(dtorarst.cpp)
0042a370       __wcpp_4_dtor_array_store__
Module: C:\Users\jc410\OneDrive\euphoria\watcom/lib386/nt\plbx3r.lib(opdelarr.cpp)
0042a3a0       void near operator delete []( void near * )
Module: C:\Users\jc410\OneDrive\euphoria\watcom/lib386/nt\plbx3r.lib(stfdestr.cpp)
0042a3b0       near std::streambuf::~streambuf()
Module: C:\Users\jc410\OneDrive\euphoria\watcom/lib386/nt\plbx3r.lib(opnewarr.cpp)
0042a3d0       void near * near operator new []( int unsigned )
Module: C:\Users\jc410\OneDrive\euphoria\watcom/lib386/nt\clib3r.lib(memset.c)
0042a3e0       memset_
Module: C:\Users\jc410\OneDrive\euphoria\watcom/lib386/nt\plbx3r.lib(iosfail.cpp)
0042a400       near std::ios::failure::failure( int )
Module: C:\Users\jc410\OneDrive\euphoria\watcom/lib386/nt\plbx3r.lib(stabthrw.cpp)
0042abf0+      near std::exception::exception()
0042ac40+      near std::exception::exception( std::exception const near & )
0042ac90+      near std::exception::exception( char const near * )
0042ace0+      near std::exception::~exception()
0042ad70+      char const near * near std::exception::what() const
0042adb0+      near std::bad_exception::bad_exception()
0042ae10+      near std::bad_exception::bad_exception( std::bad_exception const near & )
0042ae60+      near std::bad_exception::~bad_exception()
0042aab0*      __wcpp_4_rethrow__
0042aaf4*      __wcpp_4_catch_done__
0042ab5c       __wcpp_4_throw__
0042aba4*      __wcpp_4_throw_zero__
Module: C:\Users\jc410\OneDrive\euphoria\watcom/lib386/nt\clib3r.lib(alphabet.c)
00431348       ___Alphabet
Module: C:\Users\jc410\OneDrive\euphoria\watcom/lib386/nt\plbx3r.lib(prwdata.cpp)
00435b8c       __wint_pure_error_flag
00435b8e       __wint_undef_vfun_flag
00435b90       __wint_module_init
Module: C:\Users\jc410\OneDrive\euphoria\watcom/lib386/nt\plbx3r.lib(manws.cpp)
0042af40       std::istream near & near std::ws( std::istream near & )
Module: C:\Users\jc410\OneDrive\euphoria\watcom/lib386/nt\clib3r.lib(mthrdini.c)
0042af70       __InitThreadData_
00434548       ___ThreadDataSize
Module: C:\Users\jc410\OneDrive\euphoria\watcom/lib386/nt\clib3r.lib(cmain386.c)
0042afa0       __CMain
Module: C:\Users\jc410\OneDrive\euphoria\watcom/lib386/nt\clib3r.lib(dosseg)
00001234       __DOSseg__
Module: C:\Users\jc410\OneDrive\euphoria\watcom/lib386\math387r.lib(strtod.c)
0042b4f4+      __Strtold_
0042b65b       strtod_
Module: C:\Users\jc410\OneDrive\euphoria\watcom/lib386\math387r.lib(ldclass.c)
0042b79f       __LDClass_
0042b7ef*      _FLClass_
Module: C:\Users\jc410\OneDrive\euphoria\watcom/lib386\math387r.lib(efcvt.c)
0042b82f*      ecvt_
0042b866       fcvt_
Module: C:\Users\jc410\OneDrive\euphoria\watcom/lib386/nt\clib3r.lib(iomode.c)
0042b8a0       __GetIOMode_
0042b8c0       __SetIOMode_nogrow_
0043454c       ___NFiles
00434550       ___init_mode
004345a0       ___io_mode
Module: C:\Users\jc410\OneDrive\euphoria\watcom/lib386/nt\clib3r.lib(stiomode.c)
0042b8e0       __grow_iomode_
0042b9b0+      __shrink_iomode_
0042b9f0       __SetIOMode_
Module: C:\Users\jc410\OneDrive\euphoria\watcom/lib386/nt\clib3r.lib(setenvp.c)
0042ba60       __setenvp_
0042bb20       __freeenvp_
Module: C:\Users\jc410\OneDrive\euphoria\watcom/lib386/nt\clib3r.lib(ustrlen.c)
0042bb6d       wcslen_
Module: C:\Users\jc410\OneDrive\euphoria\watcom/lib386/nt\clib3r.lib(memcpy.c)
0042bb80       memcpy_
Module: C:\Users\jc410\OneDrive\euphoria\watcom/lib386/nt\clib3r.lib(conutwnt.c)
0042bbb0       __NTRealKey_
0042bc60       __NTConsoleInput_
0042bc70       __NTConsoleOutput_
Module: C:\Users\jc410\OneDrive\euphoria\watcom/lib386/nt\clib3r.lib(fclex387.c)
0042bc80       _ClearFPE_
Module: C:\Users\jc410\OneDrive\euphoria\watcom/lib386/nt\clib3r.lib(signlwnt.c)
004345ac+      __SignalTable
0042bc90+      __SetSignalFunc_
0042bce0+      __GetSignalFunc_
0042bd10+      __GetSignalOSCode_
0042bd40+      __CheckSignalExCode_
0042be80+      __sigabort_
0042be90       __sigfpe_handler_
0042bee0*      signal_
0042bf70+      raise_
0042bfe0+      __SigInit_
0042c030+      __SigFini_
0042c070+      __sig_init_
Module: C:\Users\jc410\OneDrive\euphoria\watcom/lib386/nt\clib3r.lib(_clsewnt.c)
0042c090       __close_
Module: C:\Users\jc410\OneDrive\euphoria\watcom/lib386/nt\clib3r.lib(wctomb.c)
0042c0f0       wctomb_
Module: C:\Users\jc410\OneDrive\euphoria\watcom/lib386/nt\clib3r.lib(itoa.c)
0042c130+      utoa_
0042c180       itoa_
Module: C:\Users\jc410\OneDrive\euphoria\watcom/lib386/nt\clib3r.lib(lltoa.c)
0042c1b0       ulltoa_
0042c220*      lltoa_
Module: C:\Users\jc410\OneDrive\euphoria\watcom/lib386/nt\clib3r.lib(mbisdbcs.c)
00435b9c       ___IsDBCS
Module: C:\Users\jc410\OneDrive\euphoria\watcom/lib386/nt\clib3r.lib(mbislead.c)
0042c250*      _ismbblead_
00435ba0       ___MBCSIsTable
Module: C:\Users\jc410\OneDrive\euphoria\watcom/lib386/nt\clib3r.lib(dosret.c)
0042c270*      _dosretax_
0042c280*      _dosret0_
0042c290       __set_errno_dos_
0042c2c0*      __set_errno_dos_reterr_
0042c2d0       __set_errno_nt_
0042c2e0*      __set_errno_nt_reterr_
Module: C:\Users\jc410\OneDrive\euphoria\watcom/lib386/nt\clib3r.lib(isattwnt.c)
0042c300       isatty_
Module: C:\Users\jc410\OneDrive\euphoria\watcom/lib386/nt\clib3r.lib(rtcntrl.c)
0042c320*      _SetLD64bit_
0042c330*      _SetLD80bit_
0042c340       _LDisDouble_
Module: C:\Users\jc410\OneDrive\euphoria\watcom/lib386/nt\clib3r.lib(mbterm.c)
0042c350       _mbterm_
Module: C:\Users\jc410\OneDrive\euphoria\watcom/lib386/nt\clib3r.lib(mbsnextc.c)
0042c390       _mbsnextc_
Module: C:\Users\jc410\OneDrive\euphoria\watcom/lib386/nt\clib3r.lib(mbcupper.c)
0042c3d0       _mbctoupper_
Module: C:\Users\jc410\OneDrive\euphoria\watcom/lib386/nt\clib3r.lib(mbsinc.c)
0042c400       _mbsinc_
Module: C:\Users\jc410\OneDrive\euphoria\watcom/lib386/nt\clib3r.lib(hugeval.c)
0042c430       __HugeValue
Module: C:\Users\jc410\OneDrive\euphoria\watcom/lib386\math387r.lib(_matherr.c)
0042c4de*      _set_matherr_
0042c4e4+      __rterrmsg_
0042c52c       _matherr_
00434720+      ___matherr_handler
Module: C:\Users\jc410\OneDrive\euphoria\watcom/lib386/nt\clib3r.lib(_strcmp)
0042c560       strcmp_
Module: C:\Users\jc410\OneDrive\euphoria\watcom/lib386/nt\clib3r.lib(fwrite.c)
0042c6a0       fwrite_
Module: C:\Users\jc410\OneDrive\euphoria\watcom/lib386/nt\clib3r.lib(memmove.c)
0042c8b0       memmove_
Module: C:\Users\jc410\OneDrive\euphoria\watcom/lib386/nt\clib3r.lib(fgetc.c)
0042c910+      __fill_buffer_
0042ca10       fgetc_
Module: C:\Users\jc410\OneDrive\euphoria\watcom/lib386/nt\plbx3r.lib(stfsetb.cpp)
0042cad0       void near std::streambuf::setb( char near *, char near *, int )
Module: C:\Users\jc410\OneDrive\euphoria\watcom/lib386/nt\clib3r.lib(liballoc.c)
0042cb30       _plib_malloc_
0042cb40       _plib_free_
Module: C:\Users\jc410\OneDrive\euphoria\watcom/lib386/nt\plbx3r.lib(ioufrxal.cpp)
0042cb50       void near __WATCOM_ios::free_xalloc_storage( std::ios near * )
Module: C:\Users\jc410\OneDrive\euphoria\watcom/lib386/nt\plbx3r.lib(opnew.cpp)
0042cb70       void near * near operator new( int unsigned )
Module: C:\Users\jc410\OneDrive\euphoria\watcom/lib386/nt\clib3r.lib(__stos)
0042cbc0       __STOSB
0042cbf7*      __STOSD
Module: C:\Users\jc410\OneDrive\euphoria\watcom/lib386/nt\plbx3r.lib(unexpect.cpp)
0042cc70       void near std::unexpected()
Module: C:\Users\jc410\OneDrive\euphoria\watcom/lib386/nt\clib3r.lib(setjmp)
0042cd08*      _setjmp_
0042cd41       longjmp_
Module: C:\Users\jc410\OneDrive\euphoria\watcom/lib386/nt\plbx3r.lib(stabinit.cpp)
0042cdd0       __wcpp_4_exc_setup__
Module: C:\Users\jc410\OneDrive\euphoria\watcom/lib386/nt\clib3r.lib(stackwnt.c)
0042ce70       stackavail_
Module: C:\Users\jc410\OneDrive\euphoria\watcom/lib386/nt\plbx3r.lib(istpeek.cpp)
0042ce80       int near std::istream::peek()
Module: C:\Users\jc410\OneDrive\euphoria\watcom/lib386/nt\clib3r.lib(isspace.c)
0042cee0       isspace_
Module: C:\Users\jc410\OneDrive\euphoria\watcom/lib386/nt\plbx3r.lib(istget.cpp)
0042cef0       int near std::istream::get()
Module: C:\Users\jc410\OneDrive\euphoria\watcom/lib386/nt\clib3r.lib(cinit.c)
0042cf70       __CommonInit_
Module: C:\Users\jc410\OneDrive\euphoria\watcom/lib386/nt\clib3r.lib(___argc.c)
00435ca4       ____Argc
00435ca8       ____Argv
Module: C:\Users\jc410\OneDrive\euphoria\watcom/lib386/nt\clib3r.lib(tolower.c)
0042cf80       tolower_
Module: C:\Users\jc410\OneDrive\euphoria\watcom/lib386\math387r.lib(bufld386)
0042cf90       __ZBuf2LD
Module: C:\Users\jc410\OneDrive\euphoria\watcom/lib386\math387r.lib(inf_nan.c)
0042d033*      ___f_infinity
0042d037*      ___f_posqnan
0042d03b       ___d_infinity
0042d043       ___d_posqnan
0042d04b*      ___ld_infinity
0042d053*      ___ld_posqnan
Module: C:\Users\jc410\OneDrive\euphoria\watcom/lib386/nt\clib3r.lib(cvtbuf.c)
0042d060       __CVTBuffer_
Module: C:\Users\jc410\OneDrive\euphoria\watcom/lib386\math387r.lib(cvt.c)
0042d06c       __cvt_
Module: C:\Users\jc410\OneDrive\euphoria\watcom/lib386/nt\clib3r.lib(iomodtty.c)
0042d0f0       __ChkTTYIOMode_
0042d130*      __IOMode_
Module: C:\Users\jc410\OneDrive\euphoria\watcom/lib386/nt\clib3r.lib(dofilstr.c)
0042d170       __ParsePosixHandleStr_
Module: C:\Users\jc410\OneDrive\euphoria\watcom/lib386/nt\clib3r.lib(clearenv.c)
0042d290       clearenv_
Module: C:\Users\jc410\OneDrive\euphoria\watcom/lib386/nt\clib3r.lib(abort.c)
0042d335*      abort_
0042d347       __terminate_
00434724       ___abort
Module: C:\Users\jc410\OneDrive\euphoria\watcom/lib386/nt\clib3r.lib(mbinit.c)
0042d393       __mbinit_
00434728       ___MBCodePage
Module: C:\Users\jc410\OneDrive\euphoria\watcom/lib386/nt\clib3r.lib(mbconv.c)
0042d490       _mbvtop_
Module: C:\Users\jc410\OneDrive\euphoria\watcom/lib386\math387r.lib(__mtherr)
0042d4ac       __matherr
Module: C:\Users\jc410\OneDrive\euphoria\watcom/lib386/nt\clib3r.lib(flushall.c)
0042d4c0       __flushall_
0042d500*      flushall_
Module: C:\Users\jc410\OneDrive\euphoria\watcom/lib386/nt\clib3r.lib(gtchewnt.c)
0042d510       getche_
Module: C:\Users\jc410\OneDrive\euphoria\watcom/lib386/nt\clib3r.lib(qread.c)
0042d540       __qread_
Module: C:\Users\jc410\OneDrive\euphoria\watcom/lib386/nt\clib3r.lib(ljmphdl.c)
0043472c       ___longjmp_handler
Module: C:\Users\jc410\OneDrive\euphoria\watcom/lib386/nt\plbx3r.lib(istipfx.cpp)
0042d5c0       int near std::istream::ipfx( int )
Module: C:\Users\jc410\OneDrive\euphoria\watcom/lib386/nt\clib3r.lib(strncpy.c)
0042d600       strncpy_
Module: C:\Users\jc410\OneDrive\euphoria\watcom/lib386/nt\clib3r.lib(strtol.c)
0042d860*      strtoul_
0042d870       strtol_
Module: C:\Users\jc410\OneDrive\euphoria\watcom/lib386/nt\clib3r.lib(putenv.c)
0042d880       putenv_
0042db10       __putenv_
Module: C:\Users\jc410\OneDrive\euphoria\watcom/lib386\math387r.lib(matherr.c)
0042dc79       matherr_
Module: C:\Users\jc410\OneDrive\euphoria\watcom/lib386/nt\clib3r.lib(getchwnt.c)
0042dd80       getch_
Module: C:\Users\jc410\OneDrive\euphoria\watcom/lib386/nt\clib3r.lib(putchwnt.c)
0042ddf0       putch_
Module: C:\Users\jc410\OneDrive\euphoria\watcom/lib386/nt\clib3r.lib(mbschr.c)
0042de40       _mbschr_
Module: C:\Users\jc410\OneDrive\euphoria\watcom/lib386/nt\clib3r.lib(mbslen.c)
0042dea0       _mbslen_
Module: C:\Users\jc410\OneDrive\euphoria\watcom/lib386/nt\clib3r.lib(mbstowcs.c)
0042ded0       mbstowcs_
Module: C:\Users\jc410\OneDrive\euphoria\watcom/lib386/nt\clib3r.lib(uputenv.c)
0042df50*      _wputenv_
0042e170       __wputenv_
Module: C:\Users\jc410\OneDrive\euphoria\watcom/lib386/nt\clib3r.lib(toupper.c)
0042e270       toupper_
Module: C:\Users\jc410\OneDrive\euphoria\watcom/lib386/nt\clib3r.lib(mbclen.c)
0042e280       _mbclen_
Module: C:\Users\jc410\OneDrive\euphoria\watcom/lib386/nt\clib3r.lib(mbccmp.c)
0042e2b0       _mbccmp_
Module: C:\Users\jc410\OneDrive\euphoria\watcom/lib386/nt\clib3r.lib(mbtowc.c)
0042e2f0       mbtowc_
Module: C:\Users\jc410\OneDrive\euphoria\watcom/lib386/nt\clib3r.lib(ustrchr.c)
0042e380       wcschr_
Module: C:\Users\jc410\OneDrive\euphoria\watcom/lib386/nt\clib3r.lib(setenvar.c)
0042e3a0       __lib_SetEnvironmentVariableW_
Module: C:\Users\jc410\OneDrive\euphoria\watcom/lib386/nt\clib3r.lib(crtwenv.c)
0042e490       __create_wide_environment_
Module: C:\Users\jc410\OneDrive\euphoria\watcom/lib386/nt\clib3r.lib(utoupper.c)
0042e4f8       towupper_
Module: C:\Users\jc410\OneDrive\euphoria\watcom/lib386/nt\plbx3r.lib(stfsync.cpp)
0042e510       int near std::streambuf::sync()


                        +----------------------+
                        |   Imported Symbols   |
                        +----------------------+

Symbol                              Module
======                              ======

_GetTickCount@0                     KERNEL32.DLL
_GetStdHandle@4                     KERNEL32.DLL
_WriteFile@20                       KERNEL32.DLL
_GetEnvironmentStringsA@0           KERNEL32.DLL
_GetVersion@0                       KERNEL32.DLL
_GetModuleFileNameA@12              KERNEL32.DLL
_GetCommandLineA@0                  KERNEL32.DLL
_GetCommandLineW@0                  KERNEL32.DLL
_FreeEnvironmentStringsA@4          KERNEL32.DLL
_GetModuleHandleA@4                 KERNEL32.DLL
_ExitProcess@4                      KERNEL32.DLL
_VirtualAlloc@16                    KERNEL32.DLL
_GetLocalTime@4                     KERNEL32.DLL
_GetTimeZoneInformation@4           KERNEL32.DLL
_SetStdHandle@8                     KERNEL32.DLL
_CreateEventA@16                    KERNEL32.DLL
_CloseHandle@4                      KERNEL32.DLL
_GetModuleFileNameW@12              KERNEL32.DLL
_MultiByteToWideChar@24             KERNEL32.DLL
_LoadLibraryA@4                     KERNEL32.DLL
_GetProcAddress@8                   KERNEL32.DLL
_SetUnhandledExceptionFilter@4      KERNEL32.DLL
_UnhandledExceptionFilter@4         KERNEL32.DLL
_VirtualQuery@12                    KERNEL32.DLL
_VirtualFree@12                     KERNEL32.DLL
_SetFilePointer@16                  KERNEL32.DLL
_FlushFileBuffers@4                 KERNEL32.DLL
_GetLastError@0                     KERNEL32.DLL
_RtlUnwind@16                       KERNEL32.DLL
_RaiseException@16                  KERNEL32.DLL
_GetCurrentThreadId@0               KERNEL32.DLL
_CreateFileA@28                     KERNEL32.DLL
_SetConsoleCtrlHandler@8            KERNEL32.DLL
_WideCharToMultiByte@32             KERNEL32.DLL
_GetFileType@4                      KERNEL32.DLL
_CharUpperA@4                       USER32.DLL
_GetACP@0                           KERNEL32.DLL
_GetOEMCP@0                         KERNEL32.DLL
_GetCPInfo@8                        KERNEL32.DLL
_ReadFile@20                        KERNEL32.DLL
_SetEnvironmentVariableA@8          KERNEL32.DLL
_ReadConsoleInputA@16               KERNEL32.DLL
_GetConsoleMode@8                   KERNEL32.DLL
_SetConsoleMode@8                   KERNEL32.DLL
_WriteConsoleA@20                   KERNEL32.DLL
_SetEnvironmentVariableW@8          KERNEL32.DLL


                        +--------------------+
                        |   Libraries Used   |
                        +--------------------+

C:\Users\jc410\OneDrive\euphoria\watcom/lib386/nt\kernel32.lib
C:\Users\jc410\OneDrive\euphoria\watcom/lib386/nt\user32.lib
C:\Users\jc410\OneDrive\euphoria\watcom/lib386\math387r.lib
C:\Users\jc410\OneDrive\euphoria\watcom/lib386/nt\emu387.lib
C:\Users\jc410\OneDrive\euphoria\watcom/lib386/nt\clib3r.lib
C:\Users\jc410\OneDrive\euphoria\watcom/lib386/nt\plbx3r.lib


                        +-----------------------+
                        |   Linker Statistics   |
                        +-----------------------+

Stack size:  00010000 (65536.)
Memory size:  00043dac (277932.)
Entry point address: 00421fbe
Link time: 00:00.03
