Open Watcom Linker Version 1.9
Portions Copyright (c) 1985-2002 Sybase, Inc. All Rights Reserved.
Created on:       22/04/03 18:04:56
Executable Image: testobject.exe
creating a Windows NT character-mode executable


                        +------------+
                        |   Groups   |
                        +------------+

Group                           Address              Size
=====                           =======              ====

.idata                          00431000             00000518
DGROUP                          00432000             00015cc0



                        +--------------+
                        |   Segments   |
                        +--------------+

Segment                Class          Group          Address         Size
=======                =====          =====          =======         ====

BEGTEXT                CODE           AUTO           00401000        00000007
_TEXT                  CODE           AUTO           00401010        0002f8e5
CODE32                 CODE           AUTO           004308f8        00000575
TRANSFER CODE          CODE           AUTO           00430e70        00000114
.idata                 .idata         .idata         00431000        00000518
_NULL                  BEGDATA        DGROUP         00432000        00000004
_AFTERNULL             BEGDATA        DGROUP         00432004        00000000
CONST                  DATA           DGROUP         00432004        00001460
CONST2                 DATA           DGROUP         00433470        00001bdc
_DATA                  DATA           DGROUP         00435050        00001a30
XIB                    DATA           DGROUP         00436a80        00000000
XI                     DATA           DGROUP         00436a80        0000004e
XIE                    DATA           DGROUP         00436ace        00000000
YIB                    DATA           DGROUP         00436ace        00000000
YI                     DATA           DGROUP         00436ace        00000024
YIE                    DATA           DGROUP         00436af2        00000000
DATA32                 DATA           DGROUP         00436af4        00000310
TIB                    DATA           DGROUP         00436e04        00000000
TI                     DATA           DGROUP         00436e04        00000000
TIE                    DATA           DGROUP         00436e04        00000000
DATA                   DATA           DGROUP         00436e04        00000000
CONST32                CONST          DGROUP         00437000        00000000
_BSS                   BSS            DGROUP         00437000        00000cb8
BSS32                  BSS            DGROUP         00437cb8        00000000
STACK                  STACK          DGROUP         00437cc0        00010000


                        +----------------+
                        |   Memory Map   |
                        +----------------+

* = unreferenced symbol
+ = symbol only referenced locally

Address        Symbol
=======        ======

Module: be_eu.obj(C:\Users\jc410\Documents\CPPEuObject\be_eu.c)
00401010+      Cleanup_
0040103c       UserCleanup_
00401068+      SimpleRTFatal_
004010c1       RTFatal_
004010ed+      SpaceMessage_
00401118+      EMalloc_
00401169+      ERealloc_
004011be       NewS1_
00401254       NewString_
004012c9+      SequenceCopy_
00401386       NewDouble_
004013e2*      Dadd_
00401422*      Dminus_
00401462*      Dmultiply_
004014a2       doChar_
0040150f       Prepend_
00401664       Append_
00401849       Concat_
00401b00       Concat_N_
00401c69*      Concat_Ni_
00401dd6*      RepeatElem_
00401e2a       Repeat_
00401fab       de_reference_
0040213e*      DeRef1_
00402182*      DeRef5_
0040224b*      de_reference_i_
004022f6       DoubleToInt_
0040237d*      x_
004023b2       add_
00402408       minus_
0040245e       multiply_
00402534       divide_
00402599       Ddivide_
004025f7       eremainder_
00402639+      check_bits_
004026ac       and_bits_
004026dd       Dand_bits_
0040276c       or_bits_
0040279d       Dor_bits_
0040282c       xor_bits_
0040285d       Dxor_bits_
004028ec       not_bits_
0040291c       Dnot_bits_
004029b7*      equals_
004029f7*      Dequals_
00402a3e*      less_
00402a7e*      Dless_
00402ac5*      greater_
00402b05*      Dgreater_
00402b4c*      noteq_
00402b8c*      Dnoteq_
00402bd3*      lesseq_
00402c13*      Dlesseq_
00402c5a*      greatereq_
00402c9a*      Dgreatereq_
00402ce1*      Band_
00402d27*      Dand_
00402d89*      Bor_
00402dcd*      Dor_
00402e2d*      Bxor_
00402e99*      Dxor_
00402f21*      uminus_
00402f6b*      Duminus_
00402fa7*      unot_
00402fe4*      Dnot_
0040302f       compare_
00403244       find_
004033d5       e_match_
0040353b+      CheckSlice_
00403667       RHS_Slice_
00403920       AssignSlice_
00403b5d       MakeCString_
00403c05       make_atom32_
00403c5b       find_from_
00403e5f       e_match_from_
00404035       screen_output_
00437000+      _TempBuff
00437410       _assign_slice_seq
00437414       _rhs_slice_target
Module: be_funcs.obj(C:\Users\jc410\Documents\CPPEuObject\be_funcs.c)
00404065*      Date_
00404123+      setran32_
00404207+      good_rand32_
0040433d       Random32_
00404382       DRandom32_
0040442f+      calc_hash32_
00404a9c+      get_int32_
00404b27       get_rand32_
00404b82       set_rand32_
00435050+      _rand_was_set
00437418+      _seed2
0043741c+      _seed1
Module: be_math.obj(C:\Users\jc410\Documents\CPPEuObject\be_math.c)
00404ce2       Dremainder_
00404d51       power_
00404e4f       Dpower_
00404efe       e_sqrt_
00404f51       De_sqrt_
00404fac       e_sin_
00404fef       De_sin_
00405034       e_cos_
00405077       De_cos_
004050bc       e_tan_
004050ff       De_tan_
00405144       e_arctan_
00405187       De_arctan_
004051cc       e_log_
0040521f       De_log_
0040527a       e_floor_
004052a7       De_floor_
Module: test.obj(C:\Users\jc410\Documents\CPPEuObject\test.cpp)
004216a0+      void near eu::base_class::DeRefObj()
0042183e+      void near eu::base_class::ShowDebug()
00421969+      near eu::base_class::~base_class()
00421b1c+      void near eu::base_class::println( int, int, char const near *, int )
00421b5c+      near eu::Integer::Integer()
00421bb3+      near eu::Integer::~Integer()
00421f74+      near eu::Integer::Integer( eu::Integer const near & )
00422185+      near eu::Atom::Atom()
004221dc+      near eu::Atom::~Atom()
0042259d+      near eu::Atom::Atom( eu::Atom const near & )
0040530f+      long near eu::is_seq_string( long, long, long )
004053b0+      long near eu::RefRet( long )
004053e6*      int near eu::Version()
00405411*      void near eu::Abort( long )
0040543d+      void near eu::print( long, int, int, char const near *, int )
004056b2+      void near eu::println( long, int, int, char const near *, int )
004056fe+      long near eu::seq( long, ... )
00405810*      eu::Atom near eu::A_not_bits( eu::Atom )
004227ae+      near eu::Sequence::Sequence()
00422805+      near eu::Sequence::~Sequence()
00422bc6+      near eu::Sequence::Sequence( eu::Sequence const near & )
004069dc*      eu::Atom near eu::A_and_bits( eu::Atom, eu::Atom )
00407ac8*      eu::Atom near eu::A_or_bits( eu::Atom, eu::Atom )
00408bb4*      eu::Atom near eu::A_xor_bits( eu::Atom, eu::Atom )
00409ca0*      long near eu::E_compare( long, long )
00409cd6*      long near eu::E_find( long, eu::Sequence )
00409d0e*      long near eu::E_match( eu::Sequence, eu::Sequence )
00409d48*      long near eu::E_find_from( long, eu::Sequence, long )
00409d84*      long near eu::E_match_from( eu::Sequence, eu::Sequence, long )
00409dc2+      long near eu::Sequence::E_at( long )
00409e8e*      long near eu::S_repeat( long, long )
00409eca+      void near eu::S_prepend( long near *, eu::Sequence near &, long )
00409f00*      long near eu::S_prepend_func( eu::Sequence near &, long )
00409f43+      void near eu::S_append( long near *, eu::Sequence near &, long )
00409f79*      long near eu::S_append_func( eu::Sequence near &, long )
00409fbc+      void near eu::S_concat( long near *, long, long )
00422dd7+      near eu::Dbl::Dbl()
00422e2e+      near eu::Dbl::~Dbl()
004231ef+      near eu::Dbl::Dbl( eu::Dbl const near & )
0040a074*      long near eu::S_concat_func( long, long )
0040a0b7+      void near eu::S_concatN( long near *, eu::Sequence near & )
0040a0fd*      long near eu::S_concatN_func( eu::Sequence near & )
0040a13c*      eu::Dbl near eu::A_remainder( eu::Dbl, eu::Dbl )
0040b228*      eu::Dbl near eu::A_power( eu::Dbl, eu::Dbl )
0040c314*      eu::Dbl near eu::A_sqrt( eu::Dbl )
0040d4e0*      eu::Dbl near eu::A_sin( eu::Dbl )
0040e6ac*      eu::Dbl near eu::A_cos( eu::Dbl )
0040f878*      eu::Dbl near eu::A_tan( eu::Dbl )
00410a44*      eu::Dbl near eu::A_arctan( eu::Dbl )
00411c10*      eu::Dbl near eu::A_log( eu::Dbl )
00412ddc*      eu::Dbl near eu::A_floor( eu::Dbl )
00413fa8*      eu::Integer near eu::IntegerRandom32( eu::Integer )
004141ce*      eu::Atom near eu::AtomRandom32( eu::Atom )
004146dc*      eu::Sequence near eu::GetRand32()
004148e7*      void near eu::SetRand32( long )
00414916+      void near myShowDebug( eu::base_class near * )
00414a4c       main_
Module: C:\Users\jc410\OneDrive\euphoria\watcom/lib386/nt\clib3r.lib(stk)
00423401       __CHK
00423411*      __STK
00423430*      __STKOVERFLOW_
00423440       __GRO
00423460*      __alloca_probe
Module: C:\Users\jc410\OneDrive\euphoria\watcom/lib386/nt\clib3r.lib(exit.c)
00423474+      __null_int23_exit_
00423475       exit_
004234c5*      _exit_
004350b0+      ___int23_exit
004350b4+      ___FPE_handler_exit
Module: C:\Users\jc410\OneDrive\euphoria\watcom/lib386/nt\clib3r.lib(iob.c)
004350b8       ___iob
004352c0*      __fmode
00437420       ___OpenStreams
00437424       ___ClosedStreams
Module: C:\Users\jc410\OneDrive\euphoria\watcom/lib386/nt\clib3r.lib(nmalloc.c)
004234e0       _nmalloc_
004234e0       malloc_
004352c4       ___nheapbeg
004352c8       ___MiniHeapRover
004352cc       ___LargestSizeB4MiniHeapRover
Module: C:\Users\jc410\OneDrive\euphoria\watcom/lib386/nt\clib3r.lib(nrealloc.c)
004235e0*      _nrealloc_
004235e0       realloc_
Module: C:\Users\jc410\OneDrive\euphoria\watcom/lib386/nt\clib3r.lib(strlen.c)
00423660       strlen_
Module: C:\Users\jc410\OneDrive\euphoria\watcom/lib386\math387r.lib(fchop87)
00423674       __CHP
Module: C:\Users\jc410\OneDrive\euphoria\watcom/lib386/nt\clib3r.lib(nfree.c)
00423690       _nfree_
00423690       free_
00437428       ___MiniHeapFreeRover
Module: C:\Users\jc410\OneDrive\euphoria\watcom/lib386/nt\clib3r.lib(sprintf.c)
004237a0       sprintf_
Module: C:\Users\jc410\OneDrive\euphoria\watcom/lib386/nt\clib3r.lib(fputs.c)
004237d0       fputs_
Module: C:\Users\jc410\OneDrive\euphoria\watcom/lib386/nt\clib3r.lib(fltused.c)
004352d0       _fltused_
Module: C:\Users\jc410\OneDrive\euphoria\watcom/lib386/nt\emu387.lib(386)
00423870       __init_387_emulator
00423871*      __fini_387_emulator
Module: C:\Users\jc410\OneDrive\euphoria\watcom/lib386/nt\clib3r.lib(_8087)
004352d4       __8087
004352d5       __real87
Module: C:\Users\jc410\OneDrive\euphoria\watcom/lib386/nt\clib3r.lib(time.c)
00423880       time_
Module: C:\Users\jc410\OneDrive\euphoria\watcom/lib386/nt\clib3r.lib(localtim.c)
004238c0+      _localtime_
00423920       localtime_
Module: C:\Users\jc410\OneDrive\euphoria\watcom/lib386\math387r.lib(fmod87)
00423953       fmod_
00423938*      IF@DFMOD
00423938*      IF@FMOD
Module: C:\Users\jc410\OneDrive\euphoria\watcom/lib386\math387r.lib(pow87)
00423abd       pow_
00423964*      IF@DPOW
00423964*      IF@POW
Module: C:\Users\jc410\OneDrive\euphoria\watcom/lib386\math387r.lib(floor.c)
00423acd       floor_
Module: C:\Users\jc410\OneDrive\euphoria\watcom/lib386\math387r.lib(sqrt87)
00423b08       sqrt_
00423b38*      IF@SQRT
00423b38*      IF@DSQRT
00423b3a*      __@DSQRT
Module: C:\Users\jc410\OneDrive\euphoria\watcom/lib386\math387r.lib(trig87)
00423bb9       sin_
00423bad       cos_
00423bda       tan_
00423b6c*      IF@COS
00423b6c*      IF@DCOS
00423b76*      IF@SIN
00423b76*      IF@DSIN
00423bc5*      IF@TAN
00423bc5*      IF@DTAN
Module: C:\Users\jc410\OneDrive\euphoria\watcom/lib386\math387r.lib(atan87)
00423c12       atan_
00423c1e*      atan2_
00423be8*      IF@ATAN
00423be8*      IF@DATAN
00423bfd*      IF@ATAN2
00423bfd*      IF@DATAN2
Module: C:\Users\jc410\OneDrive\euphoria\watcom/lib386\math387r.lib(log87)
00423c84       log_
00423c9c*      log2_
00423c90*      log10_
00423c30*      IF@LOG
00423c30*      IF@DLOG
00423c70*      IF@LOG2
00423c70*      IF@DLOG2
00423c7a*      IF@LOG10
00423c7a*      IF@DLOG10
Module: C:\Users\jc410\OneDrive\euphoria\watcom/lib386/nt\clib3r.lib(printf.c)
00423cb0       printf_
Module: C:\Users\jc410\OneDrive\euphoria\watcom/lib386/nt\plbx3r.lib(FSHAND)
00423cd2       ___wcpp_4_fs_handler_
Module: C:\Users\jc410\OneDrive\euphoria\watcom/lib386/nt\plbx3r.lib(stabdtor.cpp)
00423f80       __wcpp_4_destruct_internal__
00423fa0       __wcpp_4_destruct_all__
00423fa4       __wcpp_4_destruct__
Module: C:\Users\jc410\OneDrive\euphoria\watcom/lib386/nt\clib3r.lib(puts.c)
00423fd0       puts_
Module: C:\Users\jc410\OneDrive\euphoria\watcom/lib386/nt\plbx3r.lib(manendl.cpp)
00424000       std::ostream near & near std::endl( std::ostream near & )
Module: C:\Users\jc410\OneDrive\euphoria\watcom/lib386/nt\plbx3r.lib(ioicout.cpp)
00437468       std::ostream near std::cout
00424074+      near cout_initfini::cout_initfini()
0042407c+      near cout_initfini::~cout_initfini()
Module: C:\Users\jc410\OneDrive\euphoria\watcom/lib386/nt\plbx3r.lib(ostincch.cpp)
004240b0       std::ostream near & near std::ostream::operator <<( char const near * )
Module: C:\Users\jc410\OneDrive\euphoria\watcom/lib386/nt\plbx3r.lib(ostinomn.cpp)
00424130       std::ostream near & near std::ostream::operator <<( std::ostream near & (near *)())
Module: C:\Users\jc410\OneDrive\euphoria\watcom/lib386/nt\plbx3r.lib(ostinulo.cpp)
00424140       std::ostream near & near std::ostream::operator <<( long unsigned )
Module: C:\Users\jc410\OneDrive\euphoria\watcom/lib386/nt\plbx3r.lib(ioicin.cpp)
004374e8       std::istream near std::cin
004242b8*      near cin_initfini::cin_initfini()
Module: C:\Users\jc410\OneDrive\euphoria\watcom/lib386/nt\plbx3r.lib(istexcha.cpp)
004242e0       std::istream near & near std::istream::operator >>( char near & )
Module: C:\Users\jc410\OneDrive\euphoria\watcom/lib386/nt\clib3r.lib(cstrtwnt)
0042436e       _cstart_
0042436e*      mainCRTStartup
Module: C:\Users\jc410\OneDrive\euphoria\watcom/lib386/nt\plbx3r.lib(iofefg.cpp)
00436aaa       __ppfltused_
Module: C:\Users\jc410\OneDrive\euphoria\watcom/lib386/nt\plbx3r.lib(fsroot.cpp)
00436ab0       ___wcpp_4_data_init_fs_root_
Module: C:\Users\jc410\OneDrive\euphoria\watcom/lib386/nt\plbx3r.lib(cppdata.cpp)
00437528       __wint_thread_data
0043754c       __compiled_under_NT
Module: C:\Users\jc410\OneDrive\euphoria\watcom/lib386/nt\clib3r.lib(xmsgwnt.c)
00424420       __exit_with_msg_
00424480       __fatal_runtime_error_
Module: C:\Users\jc410\OneDrive\euphoria\watcom/lib386/nt\clib3r.lib(mainwnt.c)
00435384*      ___TlsIndex
00435388+      ___FirstThreadData
0043538c       ___GetThreadPtr
00435390       __AccessFileH
00435394       __ReleaseFileH
00435398       __AccessIOB
0043539c       __ReleaseIOB
004353a0       __AccessNHeap
004353a4*      __AccessFHeap
004353a8       __ReleaseNHeap
004244b0*      __threadid_
004244d0+      __sig_null_rtn_
004244e0+      __NTInit_
004246c0+      __NTFini_
00424720       __NTMainInit_
00424780       __exit_
004353ac*      __ReleaseFHeap
004353b0*      __AccessTDList
004353b4*      __ReleaseTDList
004353b8       __AccessFList
004353bc       __ReleaseFList
004353c0+      __ThreadExitRtn
004353c4       ___sig_init_rtn
004353c8       ___sig_fini_rtn
004353cc       ___process_fini
00437558       ___Is_DLL
Module: C:\Users\jc410\OneDrive\euphoria\watcom/lib386/nt\clib3r.lib(initrtns.c)
004247e0       __InitRtns
00424830       __FiniRtns
Module: C:\Users\jc410\OneDrive\euphoria\watcom/lib386/nt\clib3r.lib(initfile.c)
004248c0       __InitFiles_
Module: C:\Users\jc410\OneDrive\euphoria\watcom/lib386/nt\clib3r.lib(ioexit.c)
004249c0*      fcloseall_
004249d0       __full_io_exit_
Module: C:\Users\jc410\OneDrive\euphoria\watcom/lib386/nt\clib3r.lib(nmemneed.c)
004249e0       __nmemneed_
Module: C:\Users\jc410\OneDrive\euphoria\watcom/lib386/nt\clib3r.lib(mem.c)
004249f0       __MemAllocator
00424aa0       __MemFree
Module: C:\Users\jc410\OneDrive\euphoria\watcom/lib386/nt\clib3r.lib(grownear.c)
00424d40       __ExpandDGROUP_
Module: C:\Users\jc410\OneDrive\euphoria\watcom/lib386/nt\clib3r.lib(nmsize.c)
00424d60       _nmsize_
00424d60*      _msize_
Module: C:\Users\jc410\OneDrive\euphoria\watcom/lib386/nt\clib3r.lib(nexpand.c)
00424d70       _nexpand_
00424d70*      _expand_
00424db0+      __HeapManager_expand_
Module: C:\Users\jc410\OneDrive\euphoria\watcom/lib386/nt\clib3r.lib(vsprintf.c)
00424f90       vsprintf_
Module: C:\Users\jc410\OneDrive\euphoria\watcom/lib386/nt\clib3r.lib(fputc.c)
00424fb0       fputc_
Module: C:\Users\jc410\OneDrive\euphoria\watcom/lib386/nt\clib3r.lib(flush.c)
00425090       __flush_
Module: C:\Users\jc410\OneDrive\euphoria\watcom/lib386/nt\clib3r.lib(ioalloc.c)
00425190       __ioalloc_
Module: C:\Users\jc410\OneDrive\euphoria\watcom/lib386/nt\clib3r.lib(setefg.c)
00425230       __setEFGfmt_
Module: C:\Users\jc410\OneDrive\euphoria\watcom/lib386/nt\clib3r.lib(chk8087.c)
00425270*      _fpreset_
004252b0       __chk8087_
004252c0*      __init_8087_
Module: C:\Users\jc410\OneDrive\euphoria\watcom/lib386/nt\clib3r.lib(crwdata)
00435414       __osmajor
00435415       __osminor
00435416       __osbuild
00435418       __osver
0043541c       __winmajor
00435420       __winminor
00435424       __winver
004353e0       __LpDllName
004353e4       __LpwCmdLine
004353e8       __LpwPgmName
004353ec       __LpwDllName
004353d8       __LpCmdLine
004353dc       __LpPgmName
004353d0*      __dynend
004353d4       __curbrk
004353f0*      __STACKLOW
004353f4       __STACKTOP
004353f8       __ASTACKSIZ
004353fc       __ASTACKPTR
00435400       __cbyte
00435404*      __cbyte2
00435408*      __child
0043540e       __Envptr
00435412*      __Envseg
0043540c       __no87
00435428       ___FPE_handler
Module: C:\Users\jc410\OneDrive\euphoria\watcom/lib386/nt\clib3r.lib(gtctmwnt.c)
004252e0       __getctime_
Module: C:\Users\jc410\OneDrive\euphoria\watcom/lib386/nt\clib3r.lib(mktime.c)
00425350       mktime_
Module: C:\Users\jc410\OneDrive\euphoria\watcom/lib386/nt\clib3r.lib(tzset.c)
0043542c       ___start_dst
00435450       ___end_dst
00435578*      _tzname
00435580       _timezone
00435584       _daylight
00435588       ___dst_adjust
00425430*      __DontCacheOSTZ_
00425440*      __CacheOSTZ_
00425920+      __parse_tz_
00425d10       tzset_
Module: C:\Users\jc410\OneDrive\euphoria\watcom/lib386/nt\clib3r.lib(gmtime.c)
00425d80       __brktime_
00425e80+      _gmtime_
00425ea0*      gmtime_
Module: C:\Users\jc410\OneDrive\euphoria\watcom/lib386/nt\clib3r.lib(timeutil.c)
00426000       __isindst_
Module: C:\Users\jc410\OneDrive\euphoria\watcom/lib386/nt\clib3r.lib(chipvar)
00435590       ___chipbug
00435590       __chipbug
Module: C:\Users\jc410\OneDrive\euphoria\watcom/lib386/nt\clib3r.lib(chipr32.asm)
00430aff       __fprem_chk
00430db8*      __fprem1_chk
Module: C:\Users\jc410\OneDrive\euphoria\watcom/lib386\math387r.lib(pow87e.c)
00426330       __pow87_err_
Module: C:\Users\jc410\OneDrive\euphoria\watcom/lib386\math387r.lib(exp87)
0042641f*      exp_
004263b8*      __@DEXP1
004263c0*      IF@EXP
004263c0*      IF@DEXP
004263c2       __@DEXP
Module: C:\Users\jc410\OneDrive\euphoria\watcom/lib386/nt\clib3r.lib(chipd32.asm)
00426543       __fdiv_fpr
00426a05*      __fdiv_chk
00426a18*      __fdiv_m32
00426a65*      __fdiv_m64
00426ab2*      __fdiv_m32r
00426aff*      __fdiv_m64r
Module: C:\Users\jc410\OneDrive\euphoria\watcom/lib386\math387r.lib(modf87)
00426b4c       modf_
Module: C:\Users\jc410\OneDrive\euphoria\watcom/lib386\math387r.lib(math87e.c)
00426b65       __math87_err_
Module: C:\Users\jc410\OneDrive\euphoria\watcom/lib386/nt\clib3r.lib(chipt32.asm)
00426bd0       __fptan_chk
Module: C:\Users\jc410\OneDrive\euphoria\watcom/lib386/nt\clib3r.lib(chipw32.asm)
00426c84       __fpatan_wrap
Module: C:\Users\jc410\OneDrive\euphoria\watcom/lib386\math387r.lib(log87e.c)
00426cb9       __log87_err_
Module: C:\Users\jc410\OneDrive\euphoria\watcom/lib386/nt\clib3r.lib(fprtf.c)
00426d10       __fprtf_
Module: C:\Users\jc410\OneDrive\euphoria\watcom/lib386/nt\plbx3r.lib(fsregist.cpp)
00426dd0+      char unsigned near * near findHandler( char unsigned near * )
00426de8+      __wcpp_4_dispatch_dummy__
00426e0c       __wcpp_4_fs_lookup__
00426edc       ___wcpp_4_fs_handler_rtn_
Module: C:\Users\jc410\OneDrive\euphoria\watcom/lib386/nt\plbx3r.lib(stabtrav.cpp)
00426fb0       __wcpp_4_stab_entry__
00426fc8*      __wcpp_4_stab_trav_comp__
004270ac       __wcpp_4_stab_trav_init__
004270d0       __wcpp_4_stab_trav_next__
00427128       __wcpp_4_stab_trav_move__
Module: C:\Users\jc410\OneDrive\euphoria\watcom/lib386/nt\plbx3r.lib(callterm.cpp)
00427140       __wcpp_4_corrupted_stack__
00427154       __wcpp_4_call_terminate__
Module: C:\Users\jc410\OneDrive\euphoria\watcom/lib386/nt\plbx3r.lib(allocexc.cpp)
004271a4       __wcpp_4_alloc_exc__
004273f8       __wcpp_4_free_exc__
00427430       __wcpp_4_find_active__
0042744c       __wcpp_4_dtor_free_exc__
Module: C:\Users\jc410\OneDrive\euphoria\watcom/lib386/nt\plbx3r.lib(stabadt.cpp)
00427510+      void near * near dtor_the_array( _RTARCTOR near * )
00427554+      near _RTARCTOR::~_RTARCTOR()
0042756c       __wcpp_4_dtor_array__
Module: C:\Users\jc410\OneDrive\euphoria\watcom/lib386/nt\plbx3r.lib(pgmthrd.cpp)
004275e0       __wcpp_4_pgm_thread__
Module: C:\Users\jc410\OneDrive\euphoria\watcom/lib386/nt\plbx3r.lib(ostput.cpp)
00427610       std::ostream near & near std::ostream::put( char )
Module: C:\Users\jc410\OneDrive\euphoria\watcom/lib386/nt\plbx3r.lib(ostflush.cpp)
004276b0       std::ostream near & near std::ostream::flush()
Module: C:\Users\jc410\OneDrive\euphoria\watcom/lib386/nt\plbx3r.lib(undefed.cpp)
004276f0       __wcpp_4_undefed_cdtor__
Module: C:\Users\jc410\OneDrive\euphoria\watcom/lib386/nt\clib3r.lib(iobaddr.c)
00427710       __get_std_stream_
00427710*      __get_std_file_
Module: C:\Users\jc410\OneDrive\euphoria\watcom/lib386/nt\plbx3r.lib(sdfconfp.cpp)
00427730       near stdiobuf::stdiobuf( __iobuf near * )
Module: C:\Users\jc410\OneDrive\euphoria\watcom/lib386/nt\plbx3r.lib(stablcl.cpp)
00427740       __wcpp_4_lcl_register__
Module: C:\Users\jc410\OneDrive\euphoria\watcom/lib386/nt\plbx3r.lib(ostconsf.cpp)
00427750       near std::ostream::ostream( std::streambuf near * )
Module: C:\Users\jc410\OneDrive\euphoria\watcom/lib386/nt\plbx3r.lib(ostdestr.cpp)
00427810       near std::ostream::~ostream()
Module: C:\Users\jc410\OneDrive\euphoria\watcom/lib386/nt\plbx3r.lib(sdfdestr.cpp)
004278e0       near stdiobuf::~stdiobuf()
Module: C:\Users\jc410\OneDrive\euphoria\watcom/lib386/nt\plbx3r.lib(moddtorr.cpp)
00436ada       ___wcpp_4_data_module_dtor_ref_
Module: C:\Users\jc410\OneDrive\euphoria\watcom/lib386/nt\plbx3r.lib(ostopfx.cpp)
004279c0       int near std::ostream::do_opfx()
Module: C:\Users\jc410\OneDrive\euphoria\watcom/lib386/nt\plbx3r.lib(iouwrtit.cpp)
00427a30       int near __WATCOM_ios::writeitem( std::ostream near &, char const near *, int, int )
Module: C:\Users\jc410\OneDrive\euphoria\watcom/lib386/nt\plbx3r.lib(iossetst.cpp)
00427db0+      near std::ios::failure::failure( std::ios::failure const near & )
00427dc0+      near std::ios::failure::~failure()
00427dd0+      near __WATCOM_exception::__WATCOM_exception( __WATCOM_exception const near & )
00427de0+      near __WATCOM_exception::~__WATCOM_exception()
00427d80       void near std::ios::setstate( int )
Module: C:\Users\jc410\OneDrive\euphoria\watcom/lib386/nt\plbx3r.lib(ioufgtba.cpp)
00427df0       int near __FlagsToBase( long )
Module: C:\Users\jc410\OneDrive\euphoria\watcom/lib386/nt\plbx3r.lib(ostadpre.cpp)
00427e20       void near __AddPrefix( char, char near *, int near &, int, long )
Module: C:\Users\jc410\OneDrive\euphoria\watcom/lib386/nt\clib3r.lib(ltoa.c)
00427e80       ultoa_
00427ed0*      ltoa_
Module: C:\Users\jc410\OneDrive\euphoria\watcom/lib386/nt\clib3r.lib(strupr.c)
00427f00       strupr_
Module: C:\Users\jc410\OneDrive\euphoria\watcom/lib386/nt\plbx3r.lib(istconsf.cpp)
00427f20       near std::istream::istream( std::streambuf near * )
Module: C:\Users\jc410\OneDrive\euphoria\watcom/lib386/nt\plbx3r.lib(istdestr.cpp)
00427fe0       near std::istream::~istream()
Module: C:\Users\jc410\OneDrive\euphoria\watcom/lib386/nt\plbx3r.lib(pure_err.cpp)
004280b0       __wcpp_4_pure_error__
Module: C:\Users\jc410\OneDrive\euphoria\watcom/lib386/nt\plbx3r.lib(istdipfx.cpp)
004280e0       int near std::istream::do_ipfx( int )
Module: C:\Users\jc410\OneDrive\euphoria\watcom/lib386/nt\plbx3r.lib(istdrshf.cpp)
00428170       std::istream near & near std::istream::do_rshift( char near & )
Module: C:\Users\jc410\OneDrive\euphoria\watcom/lib386/nt\clib3r.lib(main2wnt.c)
004281e0       __NTMain
Module: C:\Users\jc410\OneDrive\euphoria\watcom/lib386/nt\clib3r.lib(segdefns)
00401003       ___begtext
00432000*      __nullarea
00436a80       __Start_XI
00436ace       __End_XI
00436ace       __Start_YI
00436af2       __End_YI
Module: C:\Users\jc410\OneDrive\euphoria\watcom/lib386/nt\plbx3r.lib(iofnoefg.cpp)
00435628       void (near * near __EFG_cnvs2d)( char near *, double near * )
0043562c       int (near * near __EFG_cnvd2f)( double near *, float near * )
00435630       void (near * near __EFG_LDcvt)( __6ks9tmlong_double near *, cvt_info near *, char near * )
00435634       char near * (near * near __EFG_fcvt)( double, int, int near *, int near * )
00435638       void (near * near __EFG__FDLD)( double near *, __6ks9tmlong_double near * )
Module: C:\Users\jc410\OneDrive\euphoria\watcom/lib386\math387r.lib(cnvs2d.c)
00428252       __cnvs2d_
Module: C:\Users\jc410\OneDrive\euphoria\watcom/lib386\math387r.lib(cnvd2f.c)
00428260       __cnvd2f_
Module: C:\Users\jc410\OneDrive\euphoria\watcom/lib386\math387r.lib(ldcvt.c)
004283b2       _LDScale10x_
00428959       __LDcvt_
Module: C:\Users\jc410\OneDrive\euphoria\watcom/lib386\math387r.lib(_i_fcvt_.asm)
00428da8       _fcvt_
Module: C:\Users\jc410\OneDrive\euphoria\watcom/lib386\math387r.lib(cnvd2ld.c)
00428dad       __cnvd2ld_
Module: C:\Users\jc410\OneDrive\euphoria\watcom/lib386/nt\clib3r.lib(enterdb.c)
00428dc0       __EnterWVIDEO_
004356e4+      ___WD_Present
Module: C:\Users\jc410\OneDrive\euphoria\watcom/lib386/nt\clib3r.lib(hdlman.c)
004356e8+      ___NHandles
004356ec+      ___OSHandles
004356f0+      ___FakeHandles
00428df0+      __growPOSIXHandles_
00428e90+      __allocPOSIXHandle_
00428f50       __freePOSIXHandle_
00428f70       __getOSHandle_
00428f80       __setOSHandle_
00428fd0+      __NTGetFakeHandle_
00429040       __initPOSIXHandles_
00429120*      __set_handles_
00429130*      _grow_handles_
Module: C:\Users\jc410\OneDrive\euphoria\watcom/lib386/nt\clib3r.lib(environ.c)
00437b74       ___env_mask
00437b78       _environ
00437b7c       __wenviron
Module: C:\Users\jc410\OneDrive\euphoria\watcom/lib386/nt\clib3r.lib(getmodfn.c)
00429170       __lib_GetModuleFileNameW_
Module: C:\Users\jc410\OneDrive\euphoria\watcom/lib386/nt\clib3r.lib(strdup.c)
00429210       __clib_strdup_
Module: C:\Users\jc410\OneDrive\euphoria\watcom/lib386/nt\clib3r.lib(istable.c)
00429250       __IsTable
Module: C:\Users\jc410\OneDrive\euphoria\watcom/lib386/nt\clib3r.lib(ustrdup.c)
00429351       __clib_wcsdup_
Module: C:\Users\jc410\OneDrive\euphoria\watcom/lib386/nt\clib3r.lib(excptwnt.c)
004299e0+      ___ReportException@4
00429e30       __DefaultExceptionHandler_
00429e70+      ___ExceptionFilter
0042a080       __NewExceptionFilter_
0042a0b0       __DoneExceptionFilter_
004356fc       ___oscode_check_func
00435700       ___raise_func
00437b80*      _sw
00437b84+      ___ExceptionHandled
00437b85+      ___ReportInvoked
Module: C:\Users\jc410\OneDrive\euphoria\watcom/lib386/nt\clib3r.lib(stklmwnt.c)
0042a0f0       __init_stack_limits_
Module: C:\Users\jc410\OneDrive\euphoria\watcom/lib386/nt\clib3r.lib(fclose.c)
0042a160+      __doclose_
0042a200       __shutdown_stream_
0042a220*      fclose_
00437b88+      ___RmTmpFileFn
Module: C:\Users\jc410\OneDrive\euphoria\watcom/lib386/nt\clib3r.lib(freefp.c)
0042a270       __freefp_
0042a2c0       __purgefp_
Module: C:\Users\jc410\OneDrive\euphoria\watcom/lib386/nt\clib3r.lib(amblksiz.c)
00435718       __amblksiz
Module: C:\Users\jc410\OneDrive\euphoria\watcom/lib386/nt\clib3r.lib(heapen.c)
0042a2f0*      _heapenable_
0043571c       ___heap_enabled
Module: C:\Users\jc410\OneDrive\euphoria\watcom/lib386/nt\clib3r.lib(nheapmin.c)
0042a320       _nheapshrink_
0042a320*      _nheapmin_
0042a320*      _heapmin_
0042a320*      _heapshrink_
Module: C:\Users\jc410\OneDrive\euphoria\watcom/lib386/nt\clib3r.lib(prtf.c)
0042a410       __prtf_
Module: C:\Users\jc410\OneDrive\euphoria\watcom/lib386/nt\clib3r.lib(seterrno.c)
0042b0d4       __set_errno_
0042b0e2       __set_EDOM_
0042b0f0       __set_ERANGE_
0042b0fe*      __set_EINVAL_
0042b111       __set_doserrno_
Module: C:\Users\jc410\OneDrive\euphoria\watcom/lib386/nt\clib3r.lib(__lseek.c)
0042b120       __lseek_
Module: C:\Users\jc410\OneDrive\euphoria\watcom/lib386/nt\clib3r.lib(fsync.c)
0042b160       fsync_
Module: C:\Users\jc410\OneDrive\euphoria\watcom/lib386/nt\clib3r.lib(qwrit.c)
0042b1b0       __qwrite_
Module: C:\Users\jc410\OneDrive\euphoria\watcom/lib386/nt\clib3r.lib(chktty.c)
0042b290       __chktty_
Module: C:\Users\jc410\OneDrive\euphoria\watcom/lib386/nt\clib3r.lib(noefgfmt.c)
00435720       ___EFG_printf
00435724       ___EFG_scanf
Module: C:\Users\jc410\OneDrive\euphoria\watcom/lib386\math387r.lib(efgfmt.c)
0042b312       _EFG_Format_
Module: C:\Users\jc410\OneDrive\euphoria\watcom/lib386/nt\clib3r.lib(8087cw.c)
00435728       __8087cw
Module: C:\Users\jc410\OneDrive\euphoria\watcom/lib386/nt\clib3r.lib(save8087.c)
0043572c       ___Save8087
00435730       ___Rest8087
Module: C:\Users\jc410\OneDrive\euphoria\watcom/lib386/nt\clib3r.lib(init8087)
0042b484       __x87id
Module: C:\Users\jc410\OneDrive\euphoria\watcom/lib386/nt\clib3r.lib(locmktim.c)
0042b4c0       __local_mktime_
Module: C:\Users\jc410\OneDrive\euphoria\watcom/lib386/nt\clib3r.lib(leapyear.c)
0042b600       __leapyear_
004331c0       ___diyr
004331da       ___dilyr
Module: C:\Users\jc410\OneDrive\euphoria\watcom/lib386/nt\clib3r.lib(wcstombs.c)
0042b640       wcstombs_
Module: C:\Users\jc410\OneDrive\euphoria\watcom/lib386/nt\clib3r.lib(getenv.c)
0042b6e0       getenv_
Module: C:\Users\jc410\OneDrive\euphoria\watcom/lib386/nt\clib3r.lib(chipbug.c)
0042b770       __verify_pentium_fdiv_bug_
Module: C:\Users\jc410\OneDrive\euphoria\watcom/lib386\math387r.lib(math2err.c)
0042b832       __math1err_
0042b83c       __math2err_
Module: C:\Users\jc410\OneDrive\euphoria\watcom/lib386/nt\clib3r.lib(chipa32.asm)
0042b940       __fpatan_chk
Module: C:\Users\jc410\OneDrive\euphoria\watcom/lib386/nt\plbx3r.lib(stabdisp.cpp)
0042bd4c       __wcpp_4_dispatchable__
Module: C:\Users\jc410\OneDrive\euphoria\watcom/lib386/nt\plbx3r.lib(bittest.cpp)
0042bda0       __wcpp_4_bit_test__
0042bdc0       __wcpp_4_bit_off__
Module: C:\Users\jc410\OneDrive\euphoria\watcom/lib386/nt\plbx3r.lib(termnate.cpp)
0042bde0       void near std::terminate()
Module: C:\Users\jc410\OneDrive\euphoria\watcom/lib386/nt\plbx3r.lib(fatalerr.cpp)
0042be20       __wcpp_4_fatal_runtime_error__
Module: C:\Users\jc410\OneDrive\euphoria\watcom/lib386/nt\plbx3r.lib(exc_pr.cpp)
0042be50       near _EXC_PR::_EXC_PR( _RTCTL near *, RW_DTREG near *, EXCSTATE )
0042be7c       near _EXC_PR::~_EXC_PR()
0042be8c       near _EXC_PR_FREE::_EXC_PR_FREE( _RTCTL near *, RW_DTREG near *, EXCSTATE, ACTIVE_EXC near * )
0042bea0       near _EXC_PR_FREE::~_EXC_PR_FREE()
0042bed8       near _EXC_PR_DTOR::_EXC_PR_DTOR( _RTCTL near *, RW_DTREG near *, EXCSTATE, ACTIVE_EXC near * )
0042bee8       near _EXC_PR_FNEXC::_EXC_PR_FNEXC( _RTCTL near *, RW_DTREG near *, RW_DTREG near *, ACTIVE_EXC near * )
0042bf08       near _EXC_PR_FNEXC::~_EXC_PR_FNEXC()
0042bf10       near _EXC_PR_DTOR::~_EXC_PR_DTOR()
Module: C:\Users\jc410\OneDrive\euphoria\watcom/lib386/nt\plbx3r.lib(areaexc.cpp)
004357a0       ___EXC_AREA
Module: C:\Users\jc410\OneDrive\euphoria\watcom/lib386/nt\plbx3r.lib(tsequiv.cpp)
0042bf40       __wcpp_4_ts_refed__
0042bf58+      __wcpp_4_ts_pnted__
0042bf8c       __wcpp_4_ts_equiv__
Module: C:\Users\jc410\OneDrive\euphoria\watcom/lib386/nt\plbx3r.lib(tssize.cpp)
0042c094       __wcpp_4_ts_size__
Module: C:\Users\jc410\OneDrive\euphoria\watcom/lib386/nt\plbx3r.lib(vfun_err.cpp)
0042c0d0       __wcpp_4_undef_vfun__
Module: C:\Users\jc410\OneDrive\euphoria\watcom/lib386/nt\plbx3r.lib(stfdsgtn.cpp)
0042c100       int near std::streambuf::do_sgetn( char near *, int )
Module: C:\Users\jc410\OneDrive\euphoria\watcom/lib386/nt\plbx3r.lib(stfdspun.cpp)
0042c180       int near std::streambuf::do_sputn( char const near *, int )
Module: C:\Users\jc410\OneDrive\euphoria\watcom/lib386/nt\plbx3r.lib(stfpbfai.cpp)
0042c220       int near std::streambuf::pbackfail( int )
Module: C:\Users\jc410\OneDrive\euphoria\watcom/lib386/nt\plbx3r.lib(sdfoverf.cpp)
0042c230       int near stdiobuf::overflow( int )
Module: C:\Users\jc410\OneDrive\euphoria\watcom/lib386/nt\plbx3r.lib(sdfundrf.cpp)
0042c390       int near stdiobuf::underflow()
Module: C:\Users\jc410\OneDrive\euphoria\watcom/lib386/nt\plbx3r.lib(stfsbuf.cpp)
0042c4b0       std::streambuf near * near std::streambuf::setbuf( char near *, int )
Module: C:\Users\jc410\OneDrive\euphoria\watcom/lib386/nt\plbx3r.lib(stfseeko.cpp)
0042c500       long near std::streambuf::seekoff( long, int, int )
Module: C:\Users\jc410\OneDrive\euphoria\watcom/lib386/nt\plbx3r.lib(stfseekp.cpp)
0042c510       long near std::streambuf::seekpos( long, int )
Module: C:\Users\jc410\OneDrive\euphoria\watcom/lib386/nt\plbx3r.lib(sdfsync.cpp)
0042c520       int near stdiobuf::sync()
Module: C:\Users\jc410\OneDrive\euphoria\watcom/lib386/nt\plbx3r.lib(stfdoall.cpp)
0042c550       int near std::streambuf::doallocate()
Module: C:\Users\jc410\OneDrive\euphoria\watcom/lib386/nt\plbx3r.lib(stfconde.cpp)
0042c590       near std::streambuf::streambuf()
Module: C:\Users\jc410\OneDrive\euphoria\watcom/lib386/nt\plbx3r.lib(stabmod.cpp)
0042c5e0       __wcpp_4_module_dtor__
0042c60c       __wcpp_4_mod_register__
Module: C:\Users\jc410\OneDrive\euphoria\watcom/lib386/nt\plbx3r.lib(iosinit.cpp)
0042c620       void near std::ios::init( std::streambuf near * )
Module: C:\Users\jc410\OneDrive\euphoria\watcom/lib386/nt\plbx3r.lib(iosconde.cpp)
0042c670       near std::ios::ios()
Module: C:\Users\jc410\OneDrive\euphoria\watcom/lib386/nt\plbx3r.lib(iosdestr.cpp)
0042c680       near std::ios::~ios()
Module: C:\Users\jc410\OneDrive\euphoria\watcom/lib386/nt\plbx3r.lib(opdel.cpp)
0042c710       void near operator delete( void near * )
Module: C:\Users\jc410\OneDrive\euphoria\watcom/lib386/nt\plbx3r.lib(dtorarst.cpp)
0042c720       __wcpp_4_dtor_array_store__
Module: C:\Users\jc410\OneDrive\euphoria\watcom/lib386/nt\plbx3r.lib(opdelarr.cpp)
0042c750       void near operator delete []( void near * )
Module: C:\Users\jc410\OneDrive\euphoria\watcom/lib386/nt\plbx3r.lib(stfdestr.cpp)
0042c760       near std::streambuf::~streambuf()
Module: C:\Users\jc410\OneDrive\euphoria\watcom/lib386/nt\plbx3r.lib(opnewarr.cpp)
0042c780       void near * near operator new []( int unsigned )
Module: C:\Users\jc410\OneDrive\euphoria\watcom/lib386/nt\clib3r.lib(memset.c)
0042c790       memset_
Module: C:\Users\jc410\OneDrive\euphoria\watcom/lib386/nt\plbx3r.lib(iosfail.cpp)
0042c7b0       near std::ios::failure::failure( int )
Module: C:\Users\jc410\OneDrive\euphoria\watcom/lib386/nt\plbx3r.lib(stabthrw.cpp)
0042cfa0+      near std::exception::exception()
0042cff0+      near std::exception::exception( std::exception const near & )
0042d040+      near std::exception::exception( char const near * )
0042d090+      near std::exception::~exception()
0042d120+      char const near * near std::exception::what() const
0042d160+      near std::bad_exception::bad_exception()
0042d1c0+      near std::bad_exception::bad_exception( std::bad_exception const near & )
0042d210+      near std::bad_exception::~bad_exception()
0042ce60*      __wcpp_4_rethrow__
0042cea4*      __wcpp_4_catch_done__
0042cf0c       __wcpp_4_throw__
0042cf54*      __wcpp_4_throw_zero__
Module: C:\Users\jc410\OneDrive\euphoria\watcom/lib386/nt\clib3r.lib(alphabet.c)
00433418       ___Alphabet
Module: C:\Users\jc410\OneDrive\euphoria\watcom/lib386/nt\plbx3r.lib(prwdata.cpp)
00437b8c       __wint_pure_error_flag
00437b8e       __wint_undef_vfun_flag
00437b90       __wint_module_init
Module: C:\Users\jc410\OneDrive\euphoria\watcom/lib386/nt\plbx3r.lib(manws.cpp)
0042d2f0       std::istream near & near std::ws( std::istream near & )
Module: C:\Users\jc410\OneDrive\euphoria\watcom/lib386/nt\clib3r.lib(mthrdini.c)
0042d320       __InitThreadData_
00436808       ___ThreadDataSize
Module: C:\Users\jc410\OneDrive\euphoria\watcom/lib386/nt\clib3r.lib(cmain386.c)
0042d350       __CMain
Module: C:\Users\jc410\OneDrive\euphoria\watcom/lib386/nt\clib3r.lib(dosseg)
00001234       __DOSseg__
Module: C:\Users\jc410\OneDrive\euphoria\watcom/lib386\math387r.lib(strtod.c)
0042d8a4+      __Strtold_
0042da0b       strtod_
Module: C:\Users\jc410\OneDrive\euphoria\watcom/lib386\math387r.lib(ldclass.c)
0042db4f       __LDClass_
0042db9f*      _FLClass_
Module: C:\Users\jc410\OneDrive\euphoria\watcom/lib386\math387r.lib(efcvt.c)
0042dbdf*      ecvt_
0042dc16       fcvt_
Module: C:\Users\jc410\OneDrive\euphoria\watcom/lib386/nt\clib3r.lib(iomode.c)
0042dc50       __GetIOMode_
0042dc70       __SetIOMode_nogrow_
0043680c       ___NFiles
00436810       ___init_mode
00436860       ___io_mode
Module: C:\Users\jc410\OneDrive\euphoria\watcom/lib386/nt\clib3r.lib(stiomode.c)
0042dc90       __grow_iomode_
0042dd60+      __shrink_iomode_
0042dda0       __SetIOMode_
Module: C:\Users\jc410\OneDrive\euphoria\watcom/lib386/nt\clib3r.lib(setenvp.c)
0042de10       __setenvp_
0042ded0       __freeenvp_
Module: C:\Users\jc410\OneDrive\euphoria\watcom/lib386/nt\clib3r.lib(ustrlen.c)
0042df1d       wcslen_
Module: C:\Users\jc410\OneDrive\euphoria\watcom/lib386/nt\clib3r.lib(memcpy.c)
0042df30       memcpy_
Module: C:\Users\jc410\OneDrive\euphoria\watcom/lib386/nt\clib3r.lib(conutwnt.c)
0042df60       __NTRealKey_
0042e010       __NTConsoleInput_
0042e020       __NTConsoleOutput_
Module: C:\Users\jc410\OneDrive\euphoria\watcom/lib386/nt\clib3r.lib(fclex387.c)
0042e030       _ClearFPE_
Module: C:\Users\jc410\OneDrive\euphoria\watcom/lib386/nt\clib3r.lib(signlwnt.c)
0043686c+      __SignalTable
0042e040+      __SetSignalFunc_
0042e090+      __GetSignalFunc_
0042e0c0+      __GetSignalOSCode_
0042e0f0+      __CheckSignalExCode_
0042e230+      __sigabort_
0042e240       __sigfpe_handler_
0042e290*      signal_
0042e320+      raise_
0042e390+      __SigInit_
0042e3e0+      __SigFini_
0042e420+      __sig_init_
Module: C:\Users\jc410\OneDrive\euphoria\watcom/lib386/nt\clib3r.lib(_clsewnt.c)
0042e440       __close_
Module: C:\Users\jc410\OneDrive\euphoria\watcom/lib386/nt\clib3r.lib(wctomb.c)
0042e4a0       wctomb_
Module: C:\Users\jc410\OneDrive\euphoria\watcom/lib386/nt\clib3r.lib(itoa.c)
0042e4e0+      utoa_
0042e530       itoa_
Module: C:\Users\jc410\OneDrive\euphoria\watcom/lib386/nt\clib3r.lib(lltoa.c)
0042e560       ulltoa_
0042e5d0*      lltoa_
Module: C:\Users\jc410\OneDrive\euphoria\watcom/lib386/nt\clib3r.lib(mbisdbcs.c)
00437b9c       ___IsDBCS
Module: C:\Users\jc410\OneDrive\euphoria\watcom/lib386/nt\clib3r.lib(mbislead.c)
0042e600*      _ismbblead_
00437ba0       ___MBCSIsTable
Module: C:\Users\jc410\OneDrive\euphoria\watcom/lib386/nt\clib3r.lib(dosret.c)
0042e620*      _dosretax_
0042e630*      _dosret0_
0042e640       __set_errno_dos_
0042e670*      __set_errno_dos_reterr_
0042e680       __set_errno_nt_
0042e690*      __set_errno_nt_reterr_
Module: C:\Users\jc410\OneDrive\euphoria\watcom/lib386/nt\clib3r.lib(isattwnt.c)
0042e6b0       isatty_
Module: C:\Users\jc410\OneDrive\euphoria\watcom/lib386/nt\clib3r.lib(rtcntrl.c)
0042e6d0*      _SetLD64bit_
0042e6e0*      _SetLD80bit_
0042e6f0       _LDisDouble_
Module: C:\Users\jc410\OneDrive\euphoria\watcom/lib386/nt\clib3r.lib(mbterm.c)
0042e700       _mbterm_
Module: C:\Users\jc410\OneDrive\euphoria\watcom/lib386/nt\clib3r.lib(mbsnextc.c)
0042e740       _mbsnextc_
Module: C:\Users\jc410\OneDrive\euphoria\watcom/lib386/nt\clib3r.lib(mbcupper.c)
0042e780       _mbctoupper_
Module: C:\Users\jc410\OneDrive\euphoria\watcom/lib386/nt\clib3r.lib(mbsinc.c)
0042e7b0       _mbsinc_
Module: C:\Users\jc410\OneDrive\euphoria\watcom/lib386/nt\clib3r.lib(hugeval.c)
0042e7e0       __HugeValue
Module: C:\Users\jc410\OneDrive\euphoria\watcom/lib386\math387r.lib(_matherr.c)
0042e88e*      _set_matherr_
0042e894+      __rterrmsg_
0042e8dc       _matherr_
004369e0+      ___matherr_handler
Module: C:\Users\jc410\OneDrive\euphoria\watcom/lib386/nt\clib3r.lib(_strcmp)
0042e910       strcmp_
Module: C:\Users\jc410\OneDrive\euphoria\watcom/lib386/nt\clib3r.lib(fwrite.c)
0042ea50       fwrite_
Module: C:\Users\jc410\OneDrive\euphoria\watcom/lib386/nt\clib3r.lib(memmove.c)
0042ec60       memmove_
Module: C:\Users\jc410\OneDrive\euphoria\watcom/lib386/nt\clib3r.lib(fgetc.c)
0042ecc0+      __fill_buffer_
0042edc0       fgetc_
Module: C:\Users\jc410\OneDrive\euphoria\watcom/lib386/nt\plbx3r.lib(stfsetb.cpp)
0042ee80       void near std::streambuf::setb( char near *, char near *, int )
Module: C:\Users\jc410\OneDrive\euphoria\watcom/lib386/nt\clib3r.lib(liballoc.c)
0042eee0       _plib_malloc_
0042eef0       _plib_free_
Module: C:\Users\jc410\OneDrive\euphoria\watcom/lib386/nt\plbx3r.lib(ioufrxal.cpp)
0042ef00       void near __WATCOM_ios::free_xalloc_storage( std::ios near * )
Module: C:\Users\jc410\OneDrive\euphoria\watcom/lib386/nt\plbx3r.lib(opnew.cpp)
0042ef20       void near * near operator new( int unsigned )
Module: C:\Users\jc410\OneDrive\euphoria\watcom/lib386/nt\clib3r.lib(__stos)
0042ef70       __STOSB
0042efa7*      __STOSD
Module: C:\Users\jc410\OneDrive\euphoria\watcom/lib386/nt\plbx3r.lib(unexpect.cpp)
0042f020       void near std::unexpected()
Module: C:\Users\jc410\OneDrive\euphoria\watcom/lib386/nt\clib3r.lib(setjmp)
0042f0b8*      _setjmp_
0042f0f1       longjmp_
Module: C:\Users\jc410\OneDrive\euphoria\watcom/lib386/nt\plbx3r.lib(stabinit.cpp)
0042f180       __wcpp_4_exc_setup__
Module: C:\Users\jc410\OneDrive\euphoria\watcom/lib386/nt\clib3r.lib(stackwnt.c)
0042f220       stackavail_
Module: C:\Users\jc410\OneDrive\euphoria\watcom/lib386/nt\plbx3r.lib(istpeek.cpp)
0042f230       int near std::istream::peek()
Module: C:\Users\jc410\OneDrive\euphoria\watcom/lib386/nt\clib3r.lib(isspace.c)
0042f290       isspace_
Module: C:\Users\jc410\OneDrive\euphoria\watcom/lib386/nt\plbx3r.lib(istget.cpp)
0042f2a0       int near std::istream::get()
Module: C:\Users\jc410\OneDrive\euphoria\watcom/lib386/nt\clib3r.lib(cinit.c)
0042f320       __CommonInit_
Module: C:\Users\jc410\OneDrive\euphoria\watcom/lib386/nt\clib3r.lib(___argc.c)
00437ca4       ____Argc
00437ca8       ____Argv
Module: C:\Users\jc410\OneDrive\euphoria\watcom/lib386/nt\clib3r.lib(tolower.c)
0042f330       tolower_
Module: C:\Users\jc410\OneDrive\euphoria\watcom/lib386\math387r.lib(bufld386)
0042f340       __ZBuf2LD
Module: C:\Users\jc410\OneDrive\euphoria\watcom/lib386\math387r.lib(inf_nan.c)
0042f3e3*      ___f_infinity
0042f3e7*      ___f_posqnan
0042f3eb       ___d_infinity
0042f3f3       ___d_posqnan
0042f3fb*      ___ld_infinity
0042f403*      ___ld_posqnan
Module: C:\Users\jc410\OneDrive\euphoria\watcom/lib386/nt\clib3r.lib(cvtbuf.c)
0042f410       __CVTBuffer_
Module: C:\Users\jc410\OneDrive\euphoria\watcom/lib386\math387r.lib(cvt.c)
0042f41c       __cvt_
Module: C:\Users\jc410\OneDrive\euphoria\watcom/lib386/nt\clib3r.lib(iomodtty.c)
0042f4a0       __ChkTTYIOMode_
0042f4e0*      __IOMode_
Module: C:\Users\jc410\OneDrive\euphoria\watcom/lib386/nt\clib3r.lib(dofilstr.c)
0042f520       __ParsePosixHandleStr_
Module: C:\Users\jc410\OneDrive\euphoria\watcom/lib386/nt\clib3r.lib(clearenv.c)
0042f640       clearenv_
Module: C:\Users\jc410\OneDrive\euphoria\watcom/lib386/nt\clib3r.lib(abort.c)
0042f6e5*      abort_
0042f6f7       __terminate_
004369e4       ___abort
Module: C:\Users\jc410\OneDrive\euphoria\watcom/lib386/nt\clib3r.lib(mbinit.c)
0042f743       __mbinit_
004369e8       ___MBCodePage
Module: C:\Users\jc410\OneDrive\euphoria\watcom/lib386/nt\clib3r.lib(mbconv.c)
0042f840       _mbvtop_
Module: C:\Users\jc410\OneDrive\euphoria\watcom/lib386\math387r.lib(__mtherr)
0042f85c       __matherr
Module: C:\Users\jc410\OneDrive\euphoria\watcom/lib386/nt\clib3r.lib(flushall.c)
0042f870       __flushall_
0042f8b0*      flushall_
Module: C:\Users\jc410\OneDrive\euphoria\watcom/lib386/nt\clib3r.lib(gtchewnt.c)
0042f8c0       getche_
Module: C:\Users\jc410\OneDrive\euphoria\watcom/lib386/nt\clib3r.lib(qread.c)
0042f8f0       __qread_
Module: C:\Users\jc410\OneDrive\euphoria\watcom/lib386/nt\clib3r.lib(ljmphdl.c)
004369ec       ___longjmp_handler
Module: C:\Users\jc410\OneDrive\euphoria\watcom/lib386/nt\plbx3r.lib(istipfx.cpp)
0042f970       int near std::istream::ipfx( int )
Module: C:\Users\jc410\OneDrive\euphoria\watcom/lib386/nt\clib3r.lib(strncpy.c)
0042f9b0       strncpy_
Module: C:\Users\jc410\OneDrive\euphoria\watcom/lib386/nt\clib3r.lib(strtol.c)
0042fc10*      strtoul_
0042fc20       strtol_
Module: C:\Users\jc410\OneDrive\euphoria\watcom/lib386/nt\clib3r.lib(putenv.c)
0042fc30       putenv_
0042fec0       __putenv_
Module: C:\Users\jc410\OneDrive\euphoria\watcom/lib386\math387r.lib(matherr.c)
00430029       matherr_
Module: C:\Users\jc410\OneDrive\euphoria\watcom/lib386/nt\clib3r.lib(getchwnt.c)
00430130       getch_
Module: C:\Users\jc410\OneDrive\euphoria\watcom/lib386/nt\clib3r.lib(putchwnt.c)
004301a0       putch_
Module: C:\Users\jc410\OneDrive\euphoria\watcom/lib386/nt\clib3r.lib(mbschr.c)
004301f0       _mbschr_
Module: C:\Users\jc410\OneDrive\euphoria\watcom/lib386/nt\clib3r.lib(mbslen.c)
00430250       _mbslen_
Module: C:\Users\jc410\OneDrive\euphoria\watcom/lib386/nt\clib3r.lib(mbstowcs.c)
00430280       mbstowcs_
Module: C:\Users\jc410\OneDrive\euphoria\watcom/lib386/nt\clib3r.lib(uputenv.c)
00430300*      _wputenv_
00430520       __wputenv_
Module: C:\Users\jc410\OneDrive\euphoria\watcom/lib386/nt\clib3r.lib(toupper.c)
00430620       toupper_
Module: C:\Users\jc410\OneDrive\euphoria\watcom/lib386/nt\clib3r.lib(mbclen.c)
00430630       _mbclen_
Module: C:\Users\jc410\OneDrive\euphoria\watcom/lib386/nt\clib3r.lib(mbccmp.c)
00430660       _mbccmp_
Module: C:\Users\jc410\OneDrive\euphoria\watcom/lib386/nt\clib3r.lib(mbtowc.c)
004306a0       mbtowc_
Module: C:\Users\jc410\OneDrive\euphoria\watcom/lib386/nt\clib3r.lib(ustrchr.c)
00430730       wcschr_
Module: C:\Users\jc410\OneDrive\euphoria\watcom/lib386/nt\clib3r.lib(setenvar.c)
00430750       __lib_SetEnvironmentVariableW_
Module: C:\Users\jc410\OneDrive\euphoria\watcom/lib386/nt\clib3r.lib(crtwenv.c)
00430840       __create_wide_environment_
Module: C:\Users\jc410\OneDrive\euphoria\watcom/lib386/nt\clib3r.lib(utoupper.c)
004308a8       towupper_
Module: C:\Users\jc410\OneDrive\euphoria\watcom/lib386/nt\plbx3r.lib(stfsync.cpp)
004308c0       int near std::streambuf::sync()


                        +----------------------+
                        |   Imported Symbols   |
                        +----------------------+

Symbol                              Module
======                              ======

_GetTickCount@0                     KERNEL32.DLL
_GetStdHandle@4                     KERNEL32.DLL
_WriteFile@20                       KERNEL32.DLL
_GetEnvironmentStringsA@0           KERNEL32.DLL
_GetVersion@0                       KERNEL32.DLL
_GetModuleFileNameA@12              KERNEL32.DLL
_GetCommandLineA@0                  KERNEL32.DLL
_GetCommandLineW@0                  KERNEL32.DLL
_FreeEnvironmentStringsA@4          KERNEL32.DLL
_GetModuleHandleA@4                 KERNEL32.DLL
_ExitProcess@4                      KERNEL32.DLL
_VirtualAlloc@16                    KERNEL32.DLL
_GetLocalTime@4                     KERNEL32.DLL
_GetTimeZoneInformation@4           KERNEL32.DLL
_SetStdHandle@8                     KERNEL32.DLL
_CreateEventA@16                    KERNEL32.DLL
_CloseHandle@4                      KERNEL32.DLL
_GetModuleFileNameW@12              KERNEL32.DLL
_MultiByteToWideChar@24             KERNEL32.DLL
_LoadLibraryA@4                     KERNEL32.DLL
_GetProcAddress@8                   KERNEL32.DLL
_SetUnhandledExceptionFilter@4      KERNEL32.DLL
_UnhandledExceptionFilter@4         KERNEL32.DLL
_VirtualQuery@12                    KERNEL32.DLL
_VirtualFree@12                     KERNEL32.DLL
_SetFilePointer@16                  KERNEL32.DLL
_FlushFileBuffers@4                 KERNEL32.DLL
_GetLastError@0                     KERNEL32.DLL
_RtlUnwind@16                       KERNEL32.DLL
_RaiseException@16                  KERNEL32.DLL
_GetCurrentThreadId@0               KERNEL32.DLL
_CreateFileA@28                     KERNEL32.DLL
_SetConsoleCtrlHandler@8            KERNEL32.DLL
_WideCharToMultiByte@32             KERNEL32.DLL
_GetFileType@4                      KERNEL32.DLL
_CharUpperA@4                       USER32.DLL
_GetACP@0                           KERNEL32.DLL
_GetOEMCP@0                         KERNEL32.DLL
_GetCPInfo@8                        KERNEL32.DLL
_ReadFile@20                        KERNEL32.DLL
_SetEnvironmentVariableA@8          KERNEL32.DLL
_ReadConsoleInputA@16               KERNEL32.DLL
_GetConsoleMode@8                   KERNEL32.DLL
_SetConsoleMode@8                   KERNEL32.DLL
_WriteConsoleA@20                   KERNEL32.DLL
_SetEnvironmentVariableW@8          KERNEL32.DLL


                        +--------------------+
                        |   Libraries Used   |
                        +--------------------+

C:\Users\jc410\OneDrive\euphoria\watcom/lib386/nt\kernel32.lib
C:\Users\jc410\OneDrive\euphoria\watcom/lib386/nt\user32.lib
C:\Users\jc410\OneDrive\euphoria\watcom/lib386\math387r.lib
C:\Users\jc410\OneDrive\euphoria\watcom/lib386/nt\emu387.lib
C:\Users\jc410\OneDrive\euphoria\watcom/lib386/nt\clib3r.lib
C:\Users\jc410\OneDrive\euphoria\watcom/lib386/nt\plbx3r.lib


                        +-----------------------+
                        |   Linker Statistics   |
                        +-----------------------+

Stack size:  00010000 (65536.)
Memory size:  0004615c (287068.)
Entry point address: 0042436e
Link time: 00:00.04
