Open Watcom Linker Version 1.9
Portions Copyright (c) 1985-2002 Sybase, Inc. All Rights Reserved.
Created on:       22/04/06 18:55:39
Executable Image: jceuobj.dll
creating a Windows NT dynamic link library


                        +------------+
                        |   Groups   |
                        +------------+

Group                           Address              Size
=====                           =======              ====

.idata                          00410000             000005b8
DGROUP                          00411000             000026f0



                        +--------------+
                        |   Segments   |
                        +--------------+

Segment                Class          Group          Address         Size
=======                =====          =====          =======         ====

BEGTEXT                CODE           AUTO           00401000        00000007
_TEXT                  CODE           AUTO           00401010        0000df78
CODE32                 CODE           AUTO           0040ef88        00000575
TRANSFER CODE          CODE           AUTO           0040f500        00000138
.idata                 .idata         .idata         00410000        000005b8
_NULL                  BEGDATA        DGROUP         00411000        00000004
_AFTERNULL             BEGDATA        DGROUP         00411004        00000000
CONST                  DATA           DGROUP         00411004        000000e8
CONST2                 DATA           DGROUP         004110ec        00000000
_DATA                  DATA           DGROUP         004110ec        00000850
XIB                    DATA           DGROUP         0041193c        00000000
XI                     DATA           DGROUP         0041193c        00000036
XIE                    DATA           DGROUP         00411972        00000000
YIB                    DATA           DGROUP         00411972        00000000
YI                     DATA           DGROUP         00411972        00000024
YIE                    DATA           DGROUP         00411996        00000000
TIB                    DATA           DGROUP         00411996        00000000
TI                     DATA           DGROUP         00411996        00000000
TIE                    DATA           DGROUP         00411996        00000000
DATA                   DATA           DGROUP         00411996        00000000
DATA32                 DATA           DGROUP         00411998        00000310
CONST32                CONST          DGROUP         00412000        00000000
_BSS                   BSS            DGROUP         00412000        000016e1
BSS32                  BSS            DGROUP         004136e4        00000000
STACK                  STACK          DGROUP         004136f0        00000000


                        +----------------+
                        |   Memory Map   |
                        +----------------+

* = unreferenced symbol
+ = symbol only referenced locally

Address        Symbol
=======        ======

Module: be_eu.obj(C:\Users\jc410\Documents\CPPEuObject\be_eu.c)
00401010+      Cleanup_
0040103c+      UserCleanup_
00401068       SimpleRTFatal_
004010d0+      SpaceMessage_
004010fb+      EMalloc_
0040114c+      ERealloc_
004011a1       NewS1_
00401237+      NewString_
004012ac+      SequenceCopy_
00401369       NewDouble_
004013c5+      Dadd_
00401405+      Dminus_
00401445+      Dmultiply_
00401485+      doChar_
004014f2+      Prepend_
00401647+      Append_
0040182c+      Concat_
00401ae3+      Concat_N_
00401c4c+      Concat_Ni_
00401db9+      RepeatElem_
00401e0d+      Repeat_
00401f8e       de_reference_
0040208b+      DeRef1_
004020cf+      DeRef5_
00402198+      de_reference_i_
004021df+      DoubleToInt_
00402266+      x_
00402291       e_op1_
00402365       e_op2_
00402647+      add_
0040269d+      Jadd_
004026e3+      minus_
00402739+      Jminus_
0040277f+      multiply_
00402855+      Jmultiply_
0040289b+      divide_
00402900+      Ddivide_
0040295e+      Jdivide_
004029a4       eremainder_
004029e6+      check_bits_
00402a59+      and_bits_
00402a8a+      Dand_bits_
00402b19+      Jand_bits_
00402b5f+      or_bits_
00402b90+      Dor_bits_
00402c1f+      Jor_bits_
00402c65+      xor_bits_
00402c96+      Dxor_bits_
00402d25+      Jxor_bits_
00402d6b+      not_bits_
00402d9b+      Dnot_bits_
00402e36+      Jnot_bits_
00402e77+      equals_
00402eb7+      Dequals_
00402efe+      Jequals_
00402f44+      less_
00402f84+      Dless_
00402fcb+      Jless_
00403011+      greater_
00403051+      Dgreater_
00403098+      Jgreater_
004030de+      noteq_
0040311e+      Dnoteq_
00403165+      Jnoteq_
004031ab+      lesseq_
004031eb+      Dlesseq_
00403232+      Jlesseq_
00403278+      greatereq_
004032b8+      Dgreatereq_
004032ff+      Jgreatereq_
00403345+      Eand_
0040338b+      Dand_
004033ed+      Jand_
00403433+      Eor_
00403477+      Dor_
004034d7+      Jor_
0040351d+      Exor_
00403589+      Dxor_
00403611+      Jxor_
00403657+      uminus_
004036a1+      Duminus_
004036dd+      Juminus_
0040371e+      unot_
0040375b+      Dnot_
004037a6+      Junot_
004037e7+      compare_
004039fc+      find_
00403b8d+      e_match_
00403cf3+      RHS_Slice_
00403f9b+      AssignSlice_
004041a7+      MakeCString_
0040424f+      find_from_
0040443b+      e_match_from_
004045f9+      screen_output_
00412000+      _TempBuff
00412410+      _assign_slice_seq
00412414+      _rhs_slice_target
Module: be_funcs.obj(C:\Users\jc410\Documents\CPPEuObject\be_funcs.c)
00404629+      Date_
004046e7+      make_atom32_
0040473d+      setran32_
00404821+      good_rand32_
00404957+      Random32_
0040499c+      DRandom32_
00404a54+      calc_hash32_
004050c1+      get_int32_
00405146+      get_rand32_
004051a1+      set_rand32_
004110ec+      _rand_was_set
00412418+      _seed2
0041241c+      _seed1
Module: be_math.obj(C:\Users\jc410\Documents\CPPEuObject\be_math.c)
00405301+      Dremainder_
00405370+      Jremainder_
004053b6+      power_
004054b4+      Dpower_
00405563+      Jpower_
004055a9+      e_sqrt_
004055fc+      De_sqrt_
00405657+      Je_sqrt_
00405698+      e_sin_
004056db+      De_sin_
00405720+      Je_sin_
00405761+      e_cos_
004057a4+      De_cos_
004057e9+      Je_cos_
0040582a+      e_tan_
0040586d+      De_tan_
004058b2+      Je_tan_
004058f3+      e_arctan_
00405936+      De_arctan_
0040597b+      Je_arctan_
004059bc+      e_log_
00405a0f+      De_log_
00405a6a+      Je_log_
00405aab+      e_floor_
00405ad8+      De_floor_
00405b23+      Je_floor_
Module: C:\Users\jc410\OneDrive\euphoria\watcom/lib386/nt\clib3r.lib(stk)
00405b65       __CHK
00405b75*      __STK
00405b94*      __STKOVERFLOW_
00405ba4*      __GRO
00405bc4*      __alloca_probe
Module: C:\Users\jc410\OneDrive\euphoria\watcom/lib386/nt\clib3r.lib(exit.c)
00405bd8+      __null_int23_exit_
00405bd9       exit_
00405c29*      _exit_
00411104+      ___int23_exit
00411108+      ___FPE_handler_exit
Module: C:\Users\jc410\OneDrive\euphoria\watcom/lib386/nt\clib3r.lib(iob.c)
0041110c       ___iob
00411314*      __fmode
00412420       ___OpenStreams
00412424       ___ClosedStreams
Module: C:\Users\jc410\OneDrive\euphoria\watcom/lib386/nt\clib3r.lib(nmalloc.c)
00405c40       _nmalloc_
00405c40       malloc_
00411318       ___nheapbeg
0041131c       ___MiniHeapRover
00411320       ___LargestSizeB4MiniHeapRover
Module: C:\Users\jc410\OneDrive\euphoria\watcom/lib386/nt\clib3r.lib(nrealloc.c)
00405d40*      _nrealloc_
00405d40       realloc_
Module: C:\Users\jc410\OneDrive\euphoria\watcom/lib386/nt\clib3r.lib(strlen.c)
00405dc0       strlen_
Module: C:\Users\jc410\OneDrive\euphoria\watcom/lib386\math387r.lib(fchop87)
00405dd4       __CHP
Module: C:\Users\jc410\OneDrive\euphoria\watcom/lib386/nt\clib3r.lib(nfree.c)
00405df0       _nfree_
00405df0       free_
00412428       ___MiniHeapFreeRover
Module: C:\Users\jc410\OneDrive\euphoria\watcom/lib386/nt\clib3r.lib(fputs.c)
00405f00       fputs_
Module: C:\Users\jc410\OneDrive\euphoria\watcom/lib386/nt\clib3r.lib(dstrt386)
00405f94       __DLLstart_
00405f94*      __DLLstartw_
00405f94*      _DllMainCRTStartup@12
00405f94*      _wDllMainCRTStartup@12
Module: C:\Users\jc410\OneDrive\euphoria\watcom/lib386/nt\clib3r.lib(fltused.c)
00411324       _fltused_
Module: C:\Users\jc410\OneDrive\euphoria\watcom/lib386/nt\emu387.lib(386)
00405ff0       __init_387_emulator
00405ff1*      __fini_387_emulator
Module: C:\Users\jc410\OneDrive\euphoria\watcom/lib386/nt\clib3r.lib(_8087)
00411328       __8087
00411329       __real87
Module: C:\Users\jc410\OneDrive\euphoria\watcom/lib386/nt\clib3r.lib(time.c)
00406000       time_
Module: C:\Users\jc410\OneDrive\euphoria\watcom/lib386/nt\clib3r.lib(localtim.c)
00406040+      _localtime_
004060a0       localtime_
Module: C:\Users\jc410\OneDrive\euphoria\watcom/lib386\math387r.lib(fmod87)
004060d3       fmod_
004060b8*      IF@DFMOD
004060b8*      IF@FMOD
Module: C:\Users\jc410\OneDrive\euphoria\watcom/lib386\math387r.lib(pow87)
0040623d       pow_
004060e4*      IF@DPOW
004060e4*      IF@POW
Module: C:\Users\jc410\OneDrive\euphoria\watcom/lib386\math387r.lib(floor.c)
0040624d       floor_
Module: C:\Users\jc410\OneDrive\euphoria\watcom/lib386\math387r.lib(sqrt87)
00406288       sqrt_
004062b8*      IF@SQRT
004062b8*      IF@DSQRT
004062ba*      __@DSQRT
Module: C:\Users\jc410\OneDrive\euphoria\watcom/lib386\math387r.lib(trig87)
00406339       sin_
0040632d       cos_
0040635a       tan_
004062ec*      IF@COS
004062ec*      IF@DCOS
004062f6*      IF@SIN
004062f6*      IF@DSIN
00406345*      IF@TAN
00406345*      IF@DTAN
Module: C:\Users\jc410\OneDrive\euphoria\watcom/lib386\math387r.lib(atan87)
00406392       atan_
0040639e*      atan2_
00406368*      IF@ATAN
00406368*      IF@DATAN
0040637d*      IF@ATAN2
0040637d*      IF@DATAN2
Module: C:\Users\jc410\OneDrive\euphoria\watcom/lib386\math387r.lib(log87)
00406404       log_
0040641c*      log2_
00406410*      log10_
004063b0*      IF@LOG
004063b0*      IF@DLOG
004063f0*      IF@LOG2
004063f0*      IF@DLOG2
004063fa*      IF@LOG10
004063fa*      IF@DLOG10
Module: C:\Users\jc410\OneDrive\euphoria\watcom/lib386/nt\clib3r.lib(xmsgwnt.c)
00406430+      __exit_with_msg_
00406490       __fatal_runtime_error_
Module: C:\Users\jc410\OneDrive\euphoria\watcom/lib386/nt\clib3r.lib(mainwnt.c)
00411338       ___TlsIndex
0041133c       ___FirstThreadData
00411340       ___GetThreadPtr
00411344       __AccessFileH
00411348       __ReleaseFileH
0041134c       __AccessIOB
00411350       __ReleaseIOB
00411354       __AccessNHeap
00411358       __AccessFHeap
0041135c       __ReleaseNHeap
004064c0*      __threadid_
004064e0+      __sig_null_rtn_
004064f0       __NTInit_
004066d0       __NTFini_
00406730*      __NTMainInit_
00406790       __exit_
00411360       __ReleaseFHeap
00411364       __AccessTDList
00411368       __ReleaseTDList
0041136c       __AccessFList
00411370       __ReleaseFList
00411374       __ThreadExitRtn
00411378       ___sig_init_rtn
0041137c       ___sig_fini_rtn
00411380       ___process_fini
00412434       ___Is_DLL
Module: C:\Users\jc410\OneDrive\euphoria\watcom/lib386/nt\clib3r.lib(initrtns.c)
004067f0       __InitRtns
00406840       __FiniRtns
Module: C:\Users\jc410\OneDrive\euphoria\watcom/lib386/nt\clib3r.lib(initfile.c)
004068d0       __InitFiles_
Module: C:\Users\jc410\OneDrive\euphoria\watcom/lib386/nt\clib3r.lib(ioexit.c)
004069d0*      fcloseall_
004069e0       __full_io_exit_
Module: C:\Users\jc410\OneDrive\euphoria\watcom/lib386/nt\clib3r.lib(nmemneed.c)
004069f0       __nmemneed_
Module: C:\Users\jc410\OneDrive\euphoria\watcom/lib386/nt\clib3r.lib(mem.c)
00406a00       __MemAllocator
00406ab0       __MemFree
Module: C:\Users\jc410\OneDrive\euphoria\watcom/lib386/nt\clib3r.lib(grownear.c)
00406d50       __ExpandDGROUP_
Module: C:\Users\jc410\OneDrive\euphoria\watcom/lib386/nt\clib3r.lib(nmsize.c)
00406d70       _nmsize_
00406d70*      _msize_
Module: C:\Users\jc410\OneDrive\euphoria\watcom/lib386/nt\clib3r.lib(nexpand.c)
00406d80       _nexpand_
00406d80*      _expand_
00406dc0+      __HeapManager_expand_
Module: C:\Users\jc410\OneDrive\euphoria\watcom/lib386/nt\clib3r.lib(fputc.c)
00406f80       fputc_
Module: C:\Users\jc410\OneDrive\euphoria\watcom/lib386/nt\clib3r.lib(flush.c)
00407060       __flush_
Module: C:\Users\jc410\OneDrive\euphoria\watcom/lib386/nt\clib3r.lib(ioalloc.c)
00407160       __ioalloc_
Module: C:\Users\jc410\OneDrive\euphoria\watcom/lib386/nt\clib3r.lib(dmainwnt.c)
00407210       __LibMain@12
Module: C:\Users\jc410\OneDrive\euphoria\watcom/lib386/nt\clib3r.lib(segdefns)
00401003       ___begtext
00411000*      __nullarea
0041193c       __Start_XI
00411972       __End_XI
00411972       __Start_YI
00411996       __End_YI
Module: C:\Users\jc410\OneDrive\euphoria\watcom/lib386/nt\clib3r.lib(setefg.c)
004073c0       __setEFGfmt_
Module: C:\Users\jc410\OneDrive\euphoria\watcom/lib386/nt\clib3r.lib(chk8087.c)
00407400*      _fpreset_
00407440       __chk8087_
00407450*      __init_8087_
Module: C:\Users\jc410\OneDrive\euphoria\watcom/lib386/nt\clib3r.lib(crwdata)
004113c8       __osmajor
004113c9       __osminor
004113ca       __osbuild
004113cc       __osver
004113d0       __winmajor
004113d4       __winminor
004113d8       __winver
00411394       __LpDllName
00411398       __LpwCmdLine
0041139c       __LpwPgmName
004113a0       __LpwDllName
0041138c       __LpCmdLine
00411390       __LpPgmName
00411384*      __dynend
00411388       __curbrk
004113a4*      __STACKLOW
004113a8       __STACKTOP
004113ac*      __ASTACKSIZ
004113b0*      __ASTACKPTR
004113b4*      __cbyte
004113b8*      __cbyte2
004113bc*      __child
004113c2       __Envptr
004113c6*      __Envseg
004113c0       __no87
004113dc       ___FPE_handler
Module: C:\Users\jc410\OneDrive\euphoria\watcom/lib386/nt\clib3r.lib(gtctmwnt.c)
00407470       __getctime_
Module: C:\Users\jc410\OneDrive\euphoria\watcom/lib386/nt\clib3r.lib(mktime.c)
004074e0       mktime_
Module: C:\Users\jc410\OneDrive\euphoria\watcom/lib386/nt\clib3r.lib(tzset.c)
004113e0       ___start_dst
00411404       ___end_dst
0041152c*      _tzname
00411534       _timezone
00411538       _daylight
0041153c       ___dst_adjust
004075c0*      __DontCacheOSTZ_
004075d0*      __CacheOSTZ_
00407ab0+      __parse_tz_
00407ea0       tzset_
Module: C:\Users\jc410\OneDrive\euphoria\watcom/lib386/nt\clib3r.lib(gmtime.c)
00407f10       __brktime_
00408010+      _gmtime_
00408030*      gmtime_
Module: C:\Users\jc410\OneDrive\euphoria\watcom/lib386/nt\clib3r.lib(timeutil.c)
00408190       __isindst_
Module: C:\Users\jc410\OneDrive\euphoria\watcom/lib386/nt\clib3r.lib(chipvar)
00411544       ___chipbug
00411544       __chipbug
Module: C:\Users\jc410\OneDrive\euphoria\watcom/lib386/nt\clib3r.lib(chipr32.asm)
0040f18f       __fprem_chk
0040f448*      __fprem1_chk
Module: C:\Users\jc410\OneDrive\euphoria\watcom/lib386\math387r.lib(pow87e.c)
004084c0       __pow87_err_
Module: C:\Users\jc410\OneDrive\euphoria\watcom/lib386\math387r.lib(exp87)
004085af*      exp_
00408548*      __@DEXP1
00408550*      IF@EXP
00408550*      IF@DEXP
00408552       __@DEXP
Module: C:\Users\jc410\OneDrive\euphoria\watcom/lib386/nt\clib3r.lib(chipd32.asm)
004086d3       __fdiv_fpr
00408b95*      __fdiv_chk
00408ba8*      __fdiv_m32
00408bf5*      __fdiv_m64
00408c42*      __fdiv_m32r
00408c8f*      __fdiv_m64r
Module: C:\Users\jc410\OneDrive\euphoria\watcom/lib386\math387r.lib(modf87)
00408cdc       modf_
Module: C:\Users\jc410\OneDrive\euphoria\watcom/lib386\math387r.lib(math87e.c)
00408cf5       __math87_err_
Module: C:\Users\jc410\OneDrive\euphoria\watcom/lib386/nt\clib3r.lib(chipt32.asm)
00408d60       __fptan_chk
Module: C:\Users\jc410\OneDrive\euphoria\watcom/lib386/nt\clib3r.lib(chipw32.asm)
00408e14       __fpatan_wrap
Module: C:\Users\jc410\OneDrive\euphoria\watcom/lib386\math387r.lib(log87e.c)
00408e49       __log87_err_
Module: C:\Users\jc410\OneDrive\euphoria\watcom/lib386/nt\clib3r.lib(enterdb.c)
00408e80       __EnterWVIDEO_
00411558+      ___WD_Present
Module: C:\Users\jc410\OneDrive\euphoria\watcom/lib386/nt\clib3r.lib(hdlman.c)
0041155c+      ___NHandles
00411560+      ___OSHandles
00411564+      ___FakeHandles
00408eb0+      __growPOSIXHandles_
00408f50+      __allocPOSIXHandle_
00409010       __freePOSIXHandle_
00409030       __getOSHandle_
00409040       __setOSHandle_
00409090+      __NTGetFakeHandle_
00409100       __initPOSIXHandles_
004091e0*      __set_handles_
004091f0*      _grow_handles_
Module: C:\Users\jc410\OneDrive\euphoria\watcom/lib386/nt\clib3r.lib(environ.c)
00412a54       ___env_mask
00412a58       _environ
00412a5c       __wenviron
Module: C:\Users\jc410\OneDrive\euphoria\watcom/lib386/nt\clib3r.lib(getmodfn.c)
00409230       __lib_GetModuleFileNameW_
Module: C:\Users\jc410\OneDrive\euphoria\watcom/lib386/nt\clib3r.lib(strdup.c)
004092d0       __clib_strdup_
Module: C:\Users\jc410\OneDrive\euphoria\watcom/lib386/nt\clib3r.lib(istable.c)
00409310       __IsTable
Module: C:\Users\jc410\OneDrive\euphoria\watcom/lib386/nt\clib3r.lib(ustrdup.c)
00409411       __clib_wcsdup_
Module: C:\Users\jc410\OneDrive\euphoria\watcom/lib386/nt\clib3r.lib(excptwnt.c)
00409aa0+      ___ReportException@4
00409ef0       __DefaultExceptionHandler_
00409f30+      ___ExceptionFilter
0040a140       __NewExceptionFilter_
0040a170       __DoneExceptionFilter_
00411570       ___oscode_check_func
00411574       ___raise_func
00412a60*      _sw
00412a64+      ___ExceptionHandled
00412a65+      ___ReportInvoked
Module: C:\Users\jc410\OneDrive\euphoria\watcom/lib386/nt\clib3r.lib(stklmwnt.c)
0040a1b0       __init_stack_limits_
Module: C:\Users\jc410\OneDrive\euphoria\watcom/lib386/nt\clib3r.lib(fclose.c)
0040a220+      __doclose_
0040a2c0       __shutdown_stream_
0040a2e0*      fclose_
00412a68+      ___RmTmpFileFn
Module: C:\Users\jc410\OneDrive\euphoria\watcom/lib386/nt\clib3r.lib(freefp.c)
0040a330       __freefp_
0040a380       __purgefp_
Module: C:\Users\jc410\OneDrive\euphoria\watcom/lib386/nt\clib3r.lib(amblksiz.c)
0041158c       __amblksiz
Module: C:\Users\jc410\OneDrive\euphoria\watcom/lib386/nt\clib3r.lib(heapen.c)
0040a3b0*      _heapenable_
00411590       ___heap_enabled
Module: C:\Users\jc410\OneDrive\euphoria\watcom/lib386/nt\clib3r.lib(nheapmin.c)
0040a3e0       _nheapshrink_
0040a3e0*      _nheapmin_
0040a3e0*      _heapmin_
0040a3e0       _heapshrink_
Module: C:\Users\jc410\OneDrive\euphoria\watcom/lib386/nt\clib3r.lib(seterrno.c)
0040a4c2       __set_errno_
0040a4d0       __set_EDOM_
0040a4de       __set_ERANGE_
0040a4ec*      __set_EINVAL_
0040a4ff       __set_doserrno_
Module: C:\Users\jc410\OneDrive\euphoria\watcom/lib386/nt\clib3r.lib(__lseek.c)
0040a510       __lseek_
Module: C:\Users\jc410\OneDrive\euphoria\watcom/lib386/nt\clib3r.lib(fsync.c)
0040a550       fsync_
Module: C:\Users\jc410\OneDrive\euphoria\watcom/lib386/nt\clib3r.lib(qwrit.c)
0040a5a0       __qwrite_
Module: C:\Users\jc410\OneDrive\euphoria\watcom/lib386/nt\clib3r.lib(chktty.c)
0040a680       __chktty_
Module: C:\Users\jc410\OneDrive\euphoria\watcom/lib386/nt\clib3r.lib(lmainwnt.c)
0040a6c0       _LibMain@12
Module: C:\Users\jc410\OneDrive\euphoria\watcom/lib386/nt\clib3r.lib(rdllmwnt.c)
00411594       __pRawDllMain
Module: C:\Users\jc410\OneDrive\euphoria\watcom/lib386/nt\clib3r.lib(mthread.c)
0040a870+      __CloseSemaphore_
0040a8b0+      __AccessIOB_
0040a8c0+      __ReleaseIOB_
0040a8d0+      __AccessFileH_
0040a8e0+      __ReleaseFileH_
0040a8f0+      __AccessNHeap_
0040a900+      __ReleaseNHeap_
0040a910+      __AccessFHeap_
0040a920+      __ReleaseFHeap_
0040a930+      __AccessTDList_
0040a940+      __ReleaseTDList_
0040a950+      __AccessFList_
0040a960+      __AccessSemaphore_
0040a9c0+      __ReleaseFList_
0040a9d0+      __ReleaseSemaphore_
0040aa00+      __MultipleThread_
0040aa50       __AllocInitThreadData_
0040aaa0       __FreeInitThreadData_
0040aab0       __NTThreadInit_
0040ab20       __NTAddThread_
0040ab70       __NTRemoveThread_
0040ac00       __InitMultipleThread_
00411598+      ___AccessSema4
0041159c+      ___ReleaseSema4
004115a0+      ___CloseSema4
Module: C:\Users\jc410\OneDrive\euphoria\watcom/lib386/nt\clib3r.lib(ddgrpwnt.c)
0040aeb0       __disallow_single_dgroup_
Module: C:\Users\jc410\OneDrive\euphoria\watcom/lib386/nt\clib3r.lib(cinit.c)
0040af80       __CommonInit_
Module: C:\Users\jc410\OneDrive\euphoria\watcom/lib386/nt\clib3r.lib(dosseg)
00001234       __DOSseg__
Module: C:\Users\jc410\OneDrive\euphoria\watcom/lib386/nt\clib3r.lib(noefgfmt.c)
004115a4       ___EFG_printf
004115a8       ___EFG_scanf
Module: C:\Users\jc410\OneDrive\euphoria\watcom/lib386\math387r.lib(efgfmt.c)
0040afd2       _EFG_Format_
Module: C:\Users\jc410\OneDrive\euphoria\watcom/lib386\math387r.lib(cnvs2d.c)
0040b13c       __cnvs2d_
Module: C:\Users\jc410\OneDrive\euphoria\watcom/lib386/nt\clib3r.lib(8087cw.c)
004115ac       __8087cw
Module: C:\Users\jc410\OneDrive\euphoria\watcom/lib386/nt\clib3r.lib(save8087.c)
004115b0       ___Save8087
004115b4       ___Rest8087
Module: C:\Users\jc410\OneDrive\euphoria\watcom/lib386/nt\clib3r.lib(init8087)
0040b154       __x87id
Module: C:\Users\jc410\OneDrive\euphoria\watcom/lib386/nt\clib3r.lib(locmktim.c)
0040b190       __local_mktime_
Module: C:\Users\jc410\OneDrive\euphoria\watcom/lib386/nt\clib3r.lib(leapyear.c)
0040b2d0       __leapyear_
004110b0       ___diyr
004110ca       ___dilyr
Module: C:\Users\jc410\OneDrive\euphoria\watcom/lib386/nt\clib3r.lib(wcstombs.c)
0040b310       wcstombs_
Module: C:\Users\jc410\OneDrive\euphoria\watcom/lib386/nt\clib3r.lib(getenv.c)
0040b3b0       getenv_
Module: C:\Users\jc410\OneDrive\euphoria\watcom/lib386/nt\clib3r.lib(chipbug.c)
0040b440       __verify_pentium_fdiv_bug_
Module: C:\Users\jc410\OneDrive\euphoria\watcom/lib386\math387r.lib(math2err.c)
0040b502       __math1err_
0040b50c       __math2err_
Module: C:\Users\jc410\OneDrive\euphoria\watcom/lib386/nt\clib3r.lib(chipa32.asm)
0040b610       __fpatan_chk
Module: C:\Users\jc410\OneDrive\euphoria\watcom/lib386/nt\clib3r.lib(iomode.c)
0040b820       __GetIOMode_
0040b840       __SetIOMode_nogrow_
00411614       ___NFiles
00411618       ___init_mode
00411668       ___io_mode
Module: C:\Users\jc410\OneDrive\euphoria\watcom/lib386/nt\clib3r.lib(stiomode.c)
0040b860       __grow_iomode_
0040b930+      __shrink_iomode_
0040b970       __SetIOMode_
Module: C:\Users\jc410\OneDrive\euphoria\watcom/lib386/nt\clib3r.lib(setenvp.c)
0040b9e0       __setenvp_
0040baa0       __freeenvp_
Module: C:\Users\jc410\OneDrive\euphoria\watcom/lib386/nt\clib3r.lib(ustrlen.c)
0040baed       wcslen_
Module: C:\Users\jc410\OneDrive\euphoria\watcom/lib386/nt\clib3r.lib(memcpy.c)
0040bb00       memcpy_
Module: C:\Users\jc410\OneDrive\euphoria\watcom/lib386/nt\clib3r.lib(conutwnt.c)
0040bb30*      __NTRealKey_
0040bbe0*      __NTConsoleInput_
0040bbf0       __NTConsoleOutput_
Module: C:\Users\jc410\OneDrive\euphoria\watcom/lib386/nt\clib3r.lib(fclex387.c)
0040bc00       _ClearFPE_
Module: C:\Users\jc410\OneDrive\euphoria\watcom/lib386/nt\clib3r.lib(signlwnt.c)
00411674+      __SignalTable
0040bc10+      __SetSignalFunc_
0040bc60+      __GetSignalFunc_
0040bc90+      __GetSignalOSCode_
0040bcc0+      __CheckSignalExCode_
0040be00+      __sigabort_
0040be10       __sigfpe_handler_
0040be60*      signal_
0040bef0+      raise_
0040bf60+      __SigInit_
0040bfb0+      __SigFini_
0040bff0+      __sig_init_
Module: C:\Users\jc410\OneDrive\euphoria\watcom/lib386/nt\clib3r.lib(_clsewnt.c)
0040c010       __close_
Module: C:\Users\jc410\OneDrive\euphoria\watcom/lib386/nt\clib3r.lib(dosret.c)
0040c070*      _dosretax_
0040c080*      _dosret0_
0040c090       __set_errno_dos_
0040c0c0*      __set_errno_dos_reterr_
0040c0d0       __set_errno_nt_
0040c0e0*      __set_errno_nt_reterr_
Module: C:\Users\jc410\OneDrive\euphoria\watcom/lib386/nt\clib3r.lib(isattwnt.c)
0040c100       isatty_
Module: C:\Users\jc410\OneDrive\euphoria\watcom/lib386/nt\clib3r.lib(lmn2wnt.c)
0040c120       _DllMain@12
Module: C:\Users\jc410\OneDrive\euphoria\watcom/lib386/nt\clib3r.lib(calloc.c)
0040c130       calloc_
Module: C:\Users\jc410\OneDrive\euphoria\watcom/lib386/nt\clib3r.lib(trdlist.c)
0040c1a0       __GetThreadData_
0040c1f0       __ReallocThreadData_
0040c2e0       __AddThreadData_
0040c360       __RemoveThreadData_
0040c3c0*      __ResizeThreadDataList_
0040c3f0       __FreeThreadDataList_
0040c420*      __ActiveThreads_
Module: C:\Users\jc410\OneDrive\euphoria\watcom/lib386/nt\clib3r.lib(mthrdini.c)
0040c440       __InitThreadData_
004117e8       ___ThreadDataSize
Module: C:\Users\jc410\OneDrive\euphoria\watcom/lib386/nt\clib3r.lib(trdalloc.c)
0040c470       __FiniThreadProcessing_
Module: C:\Users\jc410\OneDrive\euphoria\watcom/lib386/nt\clib3r.lib(rtcntrl.c)
0040c480*      _SetLD64bit_
0040c490*      _SetLD80bit_
0040c4a0       _LDisDouble_
Module: C:\Users\jc410\OneDrive\euphoria\watcom/lib386\math387r.lib(ldcvt.c)
0040c58f       _LDScale10x_
0040cb36       __LDcvt_
Module: C:\Users\jc410\OneDrive\euphoria\watcom/lib386\math387r.lib(strtod.c)
0040d497+      __Strtold_
0040d5fe       strtod_
Module: C:\Users\jc410\OneDrive\euphoria\watcom/lib386/nt\clib3r.lib(wctomb.c)
0040d750       wctomb_
Module: C:\Users\jc410\OneDrive\euphoria\watcom/lib386/nt\clib3r.lib(mbterm.c)
0040d790       _mbterm_
Module: C:\Users\jc410\OneDrive\euphoria\watcom/lib386/nt\clib3r.lib(mbsnextc.c)
0040d7d0       _mbsnextc_
Module: C:\Users\jc410\OneDrive\euphoria\watcom/lib386/nt\clib3r.lib(mbcupper.c)
0040d810       _mbctoupper_
Module: C:\Users\jc410\OneDrive\euphoria\watcom/lib386/nt\clib3r.lib(mbsinc.c)
0040d840       _mbsinc_
Module: C:\Users\jc410\OneDrive\euphoria\watcom/lib386/nt\clib3r.lib(hugeval.c)
0040d870       __HugeValue
Module: C:\Users\jc410\OneDrive\euphoria\watcom/lib386\math387r.lib(_matherr.c)
0040d91e*      _set_matherr_
0040d924+      __rterrmsg_
0040d96c       _matherr_
00411898+      ___matherr_handler
Module: C:\Users\jc410\OneDrive\euphoria\watcom/lib386/nt\clib3r.lib(memset.c)
0040d9a0       memset_
Module: C:\Users\jc410\OneDrive\euphoria\watcom/lib386/nt\clib3r.lib(iomodtty.c)
0040d9c0       __ChkTTYIOMode_
0040da00*      __IOMode_
Module: C:\Users\jc410\OneDrive\euphoria\watcom/lib386/nt\clib3r.lib(dofilstr.c)
0040da40       __ParsePosixHandleStr_
Module: C:\Users\jc410\OneDrive\euphoria\watcom/lib386/nt\clib3r.lib(clearenv.c)
0040db60       clearenv_
Module: C:\Users\jc410\OneDrive\euphoria\watcom/lib386/nt\clib3r.lib(abort.c)
0040dc05*      abort_
0040dc17       __terminate_
0041189c       ___abort
Module: C:\Users\jc410\OneDrive\euphoria\watcom/lib386/nt\clib3r.lib(register.c)
0040dc40       __initthread_
0040dc50*      _beginthread_
0040dc60       _endthread_
0040dc70*      __RegisterThreadData_
Module: C:\Users\jc410\OneDrive\euphoria\watcom/lib386\math387r.lib(ldclass.c)
0040dcb4       __LDClass_
0040dd04*      _FLClass_
Module: C:\Users\jc410\OneDrive\euphoria\watcom/lib386/nt\clib3r.lib(tolower.c)
0040dd20       tolower_
Module: C:\Users\jc410\OneDrive\euphoria\watcom/lib386\math387r.lib(bufld386)
0040dd30       __ZBuf2LD
Module: C:\Users\jc410\OneDrive\euphoria\watcom/lib386\math387r.lib(inf_nan.c)
0040ddd3*      ___f_infinity
0040ddd7*      ___f_posqnan
0040dddb       ___d_infinity
0040dde3       ___d_posqnan
0040ddeb*      ___ld_infinity
0040ddf3*      ___ld_posqnan
Module: C:\Users\jc410\OneDrive\euphoria\watcom/lib386/nt\clib3r.lib(mbinit.c)
0040de35       __mbinit_
004118ac       ___MBCodePage
Module: C:\Users\jc410\OneDrive\euphoria\watcom/lib386/nt\clib3r.lib(mbisdbcs.c)
004135dc       ___IsDBCS
Module: C:\Users\jc410\OneDrive\euphoria\watcom/lib386/nt\clib3r.lib(mbislead.c)
0040df30*      _ismbblead_
004135e0       ___MBCSIsTable
Module: C:\Users\jc410\OneDrive\euphoria\watcom/lib386/nt\clib3r.lib(mbconv.c)
0040df50       _mbvtop_
Module: C:\Users\jc410\OneDrive\euphoria\watcom/lib386\math387r.lib(__mtherr)
0040df6c       __matherr
Module: C:\Users\jc410\OneDrive\euphoria\watcom/lib386/nt\clib3r.lib(iobaddr.c)
0040df80       __get_std_stream_
0040df80*      __get_std_file_
Module: C:\Users\jc410\OneDrive\euphoria\watcom/lib386/nt\clib3r.lib(__stos)
0040dfa0       __STOSB
0040dfd7*      __STOSD
Module: C:\Users\jc410\OneDrive\euphoria\watcom/lib386/nt\clib3r.lib(strncpy.c)
0040e050       strncpy_
Module: C:\Users\jc410\OneDrive\euphoria\watcom/lib386/nt\clib3r.lib(strtol.c)
0040e2b0*      strtoul_
0040e2c0       strtol_
Module: C:\Users\jc410\OneDrive\euphoria\watcom/lib386/nt\clib3r.lib(putenv.c)
0040e2d0       putenv_
0040e560       __putenv_
Module: C:\Users\jc410\OneDrive\euphoria\watcom/lib386/nt\clib3r.lib(thredwnt.c)
0040e780       __CBeginThread_
0040e820       __CEndThread_
Module: C:\Users\jc410\OneDrive\euphoria\watcom/lib386\math387r.lib(matherr.c)
0040e856       matherr_
Module: C:\Users\jc410\OneDrive\euphoria\watcom/lib386/nt\clib3r.lib(mbschr.c)
0040e860       _mbschr_
Module: C:\Users\jc410\OneDrive\euphoria\watcom/lib386/nt\clib3r.lib(mbslen.c)
0040e8c0       _mbslen_
Module: C:\Users\jc410\OneDrive\euphoria\watcom/lib386/nt\clib3r.lib(mbstowcs.c)
0040e8f0       mbstowcs_
Module: C:\Users\jc410\OneDrive\euphoria\watcom/lib386/nt\clib3r.lib(uputenv.c)
0040e970*      _wputenv_
0040eb90       __wputenv_
Module: C:\Users\jc410\OneDrive\euphoria\watcom/lib386/nt\clib3r.lib(toupper.c)
0040ec90       toupper_
Module: C:\Users\jc410\OneDrive\euphoria\watcom/lib386/nt\clib3r.lib(memmove.c)
0040eca0       memmove_
Module: C:\Users\jc410\OneDrive\euphoria\watcom/lib386/nt\clib3r.lib(mbclen.c)
0040ed00       _mbclen_
Module: C:\Users\jc410\OneDrive\euphoria\watcom/lib386/nt\clib3r.lib(mbccmp.c)
0040ed30       _mbccmp_
Module: C:\Users\jc410\OneDrive\euphoria\watcom/lib386/nt\clib3r.lib(mbtowc.c)
0040ed70       mbtowc_
Module: C:\Users\jc410\OneDrive\euphoria\watcom/lib386/nt\clib3r.lib(ustrchr.c)
0040ee00       wcschr_
Module: C:\Users\jc410\OneDrive\euphoria\watcom/lib386/nt\clib3r.lib(setenvar.c)
0040ee20       __lib_SetEnvironmentVariableW_
Module: C:\Users\jc410\OneDrive\euphoria\watcom/lib386/nt\clib3r.lib(crtwenv.c)
0040ef10       __create_wide_environment_
Module: C:\Users\jc410\OneDrive\euphoria\watcom/lib386/nt\clib3r.lib(utoupper.c)
0040ef78       towupper_


                        +----------------------+
                        |   Imported Symbols   |
                        +----------------------+

Symbol                              Module
======                              ======

_GetTickCount@0                     KERNEL32.DLL
_GetStdHandle@4                     KERNEL32.DLL
_WriteFile@20                       KERNEL32.DLL
_GetEnvironmentStringsA@0           KERNEL32.DLL
_GetVersion@0                       KERNEL32.DLL
_GetModuleFileNameA@12              KERNEL32.DLL
_GetCommandLineA@0                  KERNEL32.DLL
_GetCommandLineW@0                  KERNEL32.DLL
_FreeEnvironmentStringsA@4          KERNEL32.DLL
_GetModuleHandleA@4                 KERNEL32.DLL
_ExitProcess@4                      KERNEL32.DLL
_VirtualAlloc@16                    KERNEL32.DLL
_GetLocalTime@4                     KERNEL32.DLL
_GetTimeZoneInformation@4           KERNEL32.DLL
_SetStdHandle@8                     KERNEL32.DLL
_CreateEventA@16                    KERNEL32.DLL
_CloseHandle@4                      KERNEL32.DLL
_GetModuleFileNameW@12              KERNEL32.DLL
_MultiByteToWideChar@24             KERNEL32.DLL
_LoadLibraryA@4                     KERNEL32.DLL
_GetProcAddress@8                   KERNEL32.DLL
_SetUnhandledExceptionFilter@4      KERNEL32.DLL
_UnhandledExceptionFilter@4         KERNEL32.DLL
_VirtualQuery@12                    KERNEL32.DLL
_VirtualFree@12                     KERNEL32.DLL
_SetFilePointer@16                  KERNEL32.DLL
_FlushFileBuffers@4                 KERNEL32.DLL
_GetLastError@0                     KERNEL32.DLL
_InitializeCriticalSection@4        KERNEL32.DLL
_DeleteCriticalSection@4            KERNEL32.DLL
_LeaveCriticalSection@4             KERNEL32.DLL
_GetCurrentThreadId@0               KERNEL32.DLL
_EnterCriticalSection@4             KERNEL32.DLL
_TlsGetValue@4                      KERNEL32.DLL
_SetLastError@4                     KERNEL32.DLL
_TlsAlloc@0                         KERNEL32.DLL
_TlsFree@4                          KERNEL32.DLL
_TlsSetValue@8                      KERNEL32.DLL
_MessageBoxA@16                     USER32.DLL
_CreateFileA@28                     KERNEL32.DLL
_SetConsoleCtrlHandler@8            KERNEL32.DLL
_GetFileType@4                      KERNEL32.DLL
_WideCharToMultiByte@32             KERNEL32.DLL
_CharUpperA@4                       USER32.DLL
_GetACP@0                           KERNEL32.DLL
_GetOEMCP@0                         KERNEL32.DLL
_GetCPInfo@8                        KERNEL32.DLL
_SetEnvironmentVariableA@8          KERNEL32.DLL
_CreateThread@24                    KERNEL32.DLL
_ResumeThread@4                     KERNEL32.DLL
_ExitThread@4                       KERNEL32.DLL
_SetEnvironmentVariableW@8          KERNEL32.DLL


                        +--------------------+
                        |   Libraries Used   |
                        +--------------------+

C:\Users\jc410\OneDrive\euphoria\watcom/lib386/nt\kernel32.lib
C:\Users\jc410\OneDrive\euphoria\watcom/lib386/nt\user32.lib
C:\Users\jc410\OneDrive\euphoria\watcom/lib386/nt\clib3r.lib
C:\Users\jc410\OneDrive\euphoria\watcom/lib386\math387r.lib
C:\Users\jc410\OneDrive\euphoria\watcom/lib386/nt\emu387.lib


                        +-----------------------+
                        |   Linker Statistics   |
                        +-----------------------+

Stack size:  0000 (0.)
Memory size:  000112e0 (70368.)
Entry point address: 00405f94
Link time: 00:00.10
