Open Watcom Linker Version 1.9
Portions Copyright (c) 1985-2002 Sybase, Inc. All Rights Reserved.
Created on:       22/03/31 07:29:45
Executable Image: jceuobj.dll
creating a Windows NT dynamic link library


                        +------------+
                        |   Groups   |
                        +------------+

Group                           Address              Size
=====                           =======              ====

.idata                          00410000             000005b8
DGROUP                          00411000             000026f0



                        +--------------+
                        |   Segments   |
                        +--------------+

Segment                Class          Group          Address         Size
=======                =====          =====          =======         ====

BEGTEXT                CODE           AUTO           00401000        00000007
_TEXT                  CODE           AUTO           00401010        0000e4b8
CODE32                 CODE           AUTO           0040f4c8        00000575
TRANSFER CODE          CODE           AUTO           0040fa40        00000138
.idata                 .idata         .idata         00410000        000005b8
_NULL                  BEGDATA        DGROUP         00411000        00000004
_AFTERNULL             BEGDATA        DGROUP         00411004        00000000
CONST                  DATA           DGROUP         00411004        000001e8
CONST2                 DATA           DGROUP         004111ec        00000000
_DATA                  DATA           DGROUP         004111ec        00000850
XIB                    DATA           DGROUP         00411a3c        00000000
XI                     DATA           DGROUP         00411a3c        00000036
XIE                    DATA           DGROUP         00411a72        00000000
YIB                    DATA           DGROUP         00411a72        00000000
YI                     DATA           DGROUP         00411a72        00000024
YIE                    DATA           DGROUP         00411a96        00000000
TIB                    DATA           DGROUP         00411a96        00000000
TI                     DATA           DGROUP         00411a96        00000000
TIE                    DATA           DGROUP         00411a96        00000000
DATA                   DATA           DGROUP         00411a96        00000000
DATA32                 DATA           DGROUP         00411a98        00000310
CONST32                CONST          DGROUP         00412000        00000000
_BSS                   BSS            DGROUP         00412000        000016e4
BSS32                  BSS            DGROUP         004136e4        00000000
STACK                  STACK          DGROUP         004136f0        00000000


                        +----------------+
                        |   Memory Map   |
                        +----------------+

* = unreferenced symbol
+ = symbol only referenced locally

Address        Symbol
=======        ======

Module: be_eu.obj(C:\Users\jc410\Documents\CPPEuObject\be_eu.c)
00401010+      Cleanup_
0040103c+      UserCleanup_
00401068       SimpleRTFatal_
004010d0+      SpaceMessage_
004010fb+      EMalloc_
0040114c+      ERealloc_
004011a1       NewS1_
00401237+      NewString_
004012ac+      SequenceCopy_
00401369       NewDouble_
004013c5+      Dadd_
00401405+      Dminus_
00401445+      Dmultiply_
00401485+      doChar_
004014f2+      Prepend_
00401647+      Append_
0040182c+      Concat_
00401ae3+      Concat_N_
00401c4c+      Concat_Ni_
00401db9+      RepeatElem_
00401e0d+      Repeat_
00401f8e       de_reference_
0040208b+      DeRef1_
004020cf+      DeRef5_
00402198+      de_reference_i_
004021df+      DoubleToInt_
00402266+      x_
00402291+      add_
004022e7+      minus_
0040233d+      multiply_
00402413+      divide_
00402478+      Ddivide_
004024d6+      eremainder_
00402518+      check_bits_
0040258b+      and_bits_
004025bc+      Dand_bits_
0040264b+      or_bits_
0040267c+      Dor_bits_
0040270b+      xor_bits_
0040273c+      Dxor_bits_
004027cb+      not_bits_
004027fb+      Dnot_bits_
00402896+      equals_
004028d6+      Dequals_
0040291d+      less_
0040295d+      Dless_
004029a4+      greater_
004029e4+      Dgreater_
00402a2b+      noteq_
00402a6b+      Dnoteq_
00402ab2+      lesseq_
00402af2+      Dlesseq_
00402b39+      greatereq_
00402b79+      Dgreatereq_
00402bc0+      Band_
00402c06+      Dand_
00402c68+      Bor_
00402cac+      Dor_
00402d0c+      Bxor_
00402d78+      Dxor_
00402e00+      uminus_
00402e4a+      Duminus_
00402e86+      unot_
00402ec3+      Dnot_
00402f0e+      compare_
00403123+      find_
004032b4+      e_match_
0040341a+      CheckSlice_
00403546+      RHS_Slice_
004037ff+      AssignSlice_
00403a1e+      MakeCString_
00403ac6       make_atom32_
00403b1c+      find_from_
00403d08+      e_match_from_
00403ec6+      screen_output_
00412000+      _TempBuff
00412410+      _assign_slice_seq
00412414+      _rhs_slice_target
Module: be_funcs.obj(C:\Users\jc410\Documents\CPPEuObject\be_funcs.c)
00403ef6+      Date_
00403fb4+      setran32_
00404098+      good_rand32_
004041ce+      Random32_
00404213+      DRandom32_
004042c0+      calc_hash32_
0040492d+      get_int32_
004049b8+      get_rand32_
00404a13+      set_rand32_
004111ec+      _rand_was_set
00412418+      _seed2
0041241c+      _seed1
Module: be_math.obj(C:\Users\jc410\Documents\CPPEuObject\be_math.c)
00404b73+      Dremainder_
00404be2+      power_
00404ce0+      Dpower_
00404d8f+      e_sqrt_
00404de2+      De_sqrt_
00404e3d+      e_sin_
00404e80+      De_sin_
00404ec5+      e_cos_
00404f08+      De_cos_
00404f4d+      e_tan_
00404f90+      De_tan_
00404fd5+      e_arctan_
00405018+      De_arctan_
0040505d+      e_log_
004050b0+      De_log_
0040510b+      e_floor_
00405138+      De_floor_
Module: C:\Users\jc410\OneDrive\euphoria\watcom/lib386/nt\clib3r.lib(stk)
004051a1       __CHK
004051b1*      __STK
004051d0*      __STKOVERFLOW_
004051e0*      __GRO
00405200*      __alloca_probe
Module: C:\Users\jc410\OneDrive\euphoria\watcom/lib386/nt\clib3r.lib(exit.c)
00405214+      __null_int23_exit_
00405215       exit_
00405265*      _exit_
00411204+      ___int23_exit
00411208+      ___FPE_handler_exit
Module: C:\Users\jc410\OneDrive\euphoria\watcom/lib386/nt\clib3r.lib(iob.c)
0041120c       ___iob
00411414*      __fmode
00412420       ___OpenStreams
00412424       ___ClosedStreams
Module: C:\Users\jc410\OneDrive\euphoria\watcom/lib386/nt\clib3r.lib(nmalloc.c)
00405280       _nmalloc_
00405280       malloc_
00411418       ___nheapbeg
0041141c       ___MiniHeapRover
00411420       ___LargestSizeB4MiniHeapRover
Module: C:\Users\jc410\OneDrive\euphoria\watcom/lib386/nt\clib3r.lib(nrealloc.c)
00405380*      _nrealloc_
00405380       realloc_
Module: C:\Users\jc410\OneDrive\euphoria\watcom/lib386/nt\clib3r.lib(strlen.c)
00405400       strlen_
Module: C:\Users\jc410\OneDrive\euphoria\watcom/lib386\math387r.lib(fchop87)
00405414       __CHP
Module: C:\Users\jc410\OneDrive\euphoria\watcom/lib386/nt\clib3r.lib(nfree.c)
00405430       _nfree_
00405430       free_
00412428       ___MiniHeapFreeRover
Module: C:\Users\jc410\OneDrive\euphoria\watcom/lib386/nt\clib3r.lib(sprintf.c)
00405540       sprintf_
Module: C:\Users\jc410\OneDrive\euphoria\watcom/lib386/nt\clib3r.lib(fputs.c)
00405570       fputs_
Module: C:\Users\jc410\OneDrive\euphoria\watcom/lib386/nt\clib3r.lib(dstrt386)
00405604       __DLLstart_
00405604*      __DLLstartw_
00405604*      _DllMainCRTStartup@12
00405604*      _wDllMainCRTStartup@12
Module: C:\Users\jc410\OneDrive\euphoria\watcom/lib386/nt\clib3r.lib(fltused.c)
00411424       _fltused_
Module: C:\Users\jc410\OneDrive\euphoria\watcom/lib386/nt\emu387.lib(386)
00405660       __init_387_emulator
00405661*      __fini_387_emulator
Module: C:\Users\jc410\OneDrive\euphoria\watcom/lib386/nt\clib3r.lib(_8087)
00411428       __8087
00411429       __real87
Module: C:\Users\jc410\OneDrive\euphoria\watcom/lib386/nt\clib3r.lib(time.c)
00405670       time_
Module: C:\Users\jc410\OneDrive\euphoria\watcom/lib386/nt\clib3r.lib(localtim.c)
004056b0+      _localtime_
00405710       localtime_
Module: C:\Users\jc410\OneDrive\euphoria\watcom/lib386\math387r.lib(fmod87)
00405743       fmod_
00405728*      IF@DFMOD
00405728*      IF@FMOD
Module: C:\Users\jc410\OneDrive\euphoria\watcom/lib386\math387r.lib(pow87)
004058ad       pow_
00405754*      IF@DPOW
00405754*      IF@POW
Module: C:\Users\jc410\OneDrive\euphoria\watcom/lib386\math387r.lib(floor.c)
004058bd       floor_
Module: C:\Users\jc410\OneDrive\euphoria\watcom/lib386\math387r.lib(sqrt87)
004058f8       sqrt_
00405928*      IF@SQRT
00405928*      IF@DSQRT
0040592a*      __@DSQRT
Module: C:\Users\jc410\OneDrive\euphoria\watcom/lib386\math387r.lib(trig87)
004059a9       sin_
0040599d       cos_
004059ca       tan_
0040595c*      IF@COS
0040595c*      IF@DCOS
00405966*      IF@SIN
00405966*      IF@DSIN
004059b5*      IF@TAN
004059b5*      IF@DTAN
Module: C:\Users\jc410\OneDrive\euphoria\watcom/lib386\math387r.lib(atan87)
00405a02       atan_
00405a0e*      atan2_
004059d8*      IF@ATAN
004059d8*      IF@DATAN
004059ed*      IF@ATAN2
004059ed*      IF@DATAN2
Module: C:\Users\jc410\OneDrive\euphoria\watcom/lib386\math387r.lib(log87)
00405a74       log_
00405a8c*      log2_
00405a80*      log10_
00405a20*      IF@LOG
00405a20*      IF@DLOG
00405a60*      IF@LOG2
00405a60*      IF@DLOG2
00405a6a*      IF@LOG10
00405a6a*      IF@DLOG10
Module: C:\Users\jc410\OneDrive\euphoria\watcom/lib386/nt\clib3r.lib(xmsgwnt.c)
00405aa0+      __exit_with_msg_
00405b00       __fatal_runtime_error_
Module: C:\Users\jc410\OneDrive\euphoria\watcom/lib386/nt\clib3r.lib(mainwnt.c)
00411438       ___TlsIndex
0041143c       ___FirstThreadData
00411440       ___GetThreadPtr
00411444       __AccessFileH
00411448       __ReleaseFileH
0041144c       __AccessIOB
00411450       __ReleaseIOB
00411454       __AccessNHeap
00411458       __AccessFHeap
0041145c       __ReleaseNHeap
00405b30*      __threadid_
00405b50+      __sig_null_rtn_
00405b60       __NTInit_
00405d40       __NTFini_
00405da0*      __NTMainInit_
00405e00       __exit_
00411460       __ReleaseFHeap
00411464       __AccessTDList
00411468       __ReleaseTDList
0041146c       __AccessFList
00411470       __ReleaseFList
00411474       __ThreadExitRtn
00411478       ___sig_init_rtn
0041147c       ___sig_fini_rtn
00411480       ___process_fini
00412434       ___Is_DLL
Module: C:\Users\jc410\OneDrive\euphoria\watcom/lib386/nt\clib3r.lib(initrtns.c)
00405e60       __InitRtns
00405eb0       __FiniRtns
Module: C:\Users\jc410\OneDrive\euphoria\watcom/lib386/nt\clib3r.lib(initfile.c)
00405f40       __InitFiles_
Module: C:\Users\jc410\OneDrive\euphoria\watcom/lib386/nt\clib3r.lib(ioexit.c)
00406040*      fcloseall_
00406050       __full_io_exit_
Module: C:\Users\jc410\OneDrive\euphoria\watcom/lib386/nt\clib3r.lib(nmemneed.c)
00406060       __nmemneed_
Module: C:\Users\jc410\OneDrive\euphoria\watcom/lib386/nt\clib3r.lib(mem.c)
00406070       __MemAllocator
00406120       __MemFree
Module: C:\Users\jc410\OneDrive\euphoria\watcom/lib386/nt\clib3r.lib(grownear.c)
004063c0       __ExpandDGROUP_
Module: C:\Users\jc410\OneDrive\euphoria\watcom/lib386/nt\clib3r.lib(nmsize.c)
004063e0       _nmsize_
004063e0*      _msize_
Module: C:\Users\jc410\OneDrive\euphoria\watcom/lib386/nt\clib3r.lib(nexpand.c)
004063f0       _nexpand_
004063f0*      _expand_
00406430+      __HeapManager_expand_
Module: C:\Users\jc410\OneDrive\euphoria\watcom/lib386/nt\clib3r.lib(vsprintf.c)
00406610       vsprintf_
Module: C:\Users\jc410\OneDrive\euphoria\watcom/lib386/nt\clib3r.lib(fputc.c)
00406630       fputc_
Module: C:\Users\jc410\OneDrive\euphoria\watcom/lib386/nt\clib3r.lib(flush.c)
00406710       __flush_
Module: C:\Users\jc410\OneDrive\euphoria\watcom/lib386/nt\clib3r.lib(ioalloc.c)
00406810       __ioalloc_
Module: C:\Users\jc410\OneDrive\euphoria\watcom/lib386/nt\clib3r.lib(dmainwnt.c)
004068c0       __LibMain@12
Module: C:\Users\jc410\OneDrive\euphoria\watcom/lib386/nt\clib3r.lib(segdefns)
00401003       ___begtext
00411000*      __nullarea
00411a3c       __Start_XI
00411a72       __End_XI
00411a72       __Start_YI
00411a96       __End_YI
Module: C:\Users\jc410\OneDrive\euphoria\watcom/lib386/nt\clib3r.lib(setefg.c)
00406a70       __setEFGfmt_
Module: C:\Users\jc410\OneDrive\euphoria\watcom/lib386/nt\clib3r.lib(chk8087.c)
00406ab0*      _fpreset_
00406af0       __chk8087_
00406b00*      __init_8087_
Module: C:\Users\jc410\OneDrive\euphoria\watcom/lib386/nt\clib3r.lib(crwdata)
004114c8       __osmajor
004114c9       __osminor
004114ca       __osbuild
004114cc       __osver
004114d0       __winmajor
004114d4       __winminor
004114d8       __winver
00411494       __LpDllName
00411498       __LpwCmdLine
0041149c       __LpwPgmName
004114a0       __LpwDllName
0041148c       __LpCmdLine
00411490       __LpPgmName
00411484*      __dynend
00411488       __curbrk
004114a4*      __STACKLOW
004114a8       __STACKTOP
004114ac*      __ASTACKSIZ
004114b0*      __ASTACKPTR
004114b4*      __cbyte
004114b8*      __cbyte2
004114bc*      __child
004114c2       __Envptr
004114c6*      __Envseg
004114c0       __no87
004114dc       ___FPE_handler
Module: C:\Users\jc410\OneDrive\euphoria\watcom/lib386/nt\clib3r.lib(gtctmwnt.c)
00406b20       __getctime_
Module: C:\Users\jc410\OneDrive\euphoria\watcom/lib386/nt\clib3r.lib(mktime.c)
00406b90       mktime_
Module: C:\Users\jc410\OneDrive\euphoria\watcom/lib386/nt\clib3r.lib(tzset.c)
004114e0       ___start_dst
00411504       ___end_dst
0041162c*      _tzname
00411634       _timezone
00411638       _daylight
0041163c       ___dst_adjust
00406c70*      __DontCacheOSTZ_
00406c80*      __CacheOSTZ_
00407160+      __parse_tz_
00407550       tzset_
Module: C:\Users\jc410\OneDrive\euphoria\watcom/lib386/nt\clib3r.lib(gmtime.c)
004075c0       __brktime_
004076c0+      _gmtime_
004076e0*      gmtime_
Module: C:\Users\jc410\OneDrive\euphoria\watcom/lib386/nt\clib3r.lib(timeutil.c)
00407840       __isindst_
Module: C:\Users\jc410\OneDrive\euphoria\watcom/lib386/nt\clib3r.lib(chipvar)
00411644       ___chipbug
00411644       __chipbug
Module: C:\Users\jc410\OneDrive\euphoria\watcom/lib386/nt\clib3r.lib(chipr32.asm)
0040f6cf       __fprem_chk
0040f988*      __fprem1_chk
Module: C:\Users\jc410\OneDrive\euphoria\watcom/lib386\math387r.lib(pow87e.c)
00407b70       __pow87_err_
Module: C:\Users\jc410\OneDrive\euphoria\watcom/lib386\math387r.lib(exp87)
00407c5f*      exp_
00407bf8*      __@DEXP1
00407c00*      IF@EXP
00407c00*      IF@DEXP
00407c02       __@DEXP
Module: C:\Users\jc410\OneDrive\euphoria\watcom/lib386/nt\clib3r.lib(chipd32.asm)
00407d83       __fdiv_fpr
00408245*      __fdiv_chk
00408258*      __fdiv_m32
004082a5*      __fdiv_m64
004082f2*      __fdiv_m32r
0040833f*      __fdiv_m64r
Module: C:\Users\jc410\OneDrive\euphoria\watcom/lib386\math387r.lib(modf87)
0040838c       modf_
Module: C:\Users\jc410\OneDrive\euphoria\watcom/lib386\math387r.lib(math87e.c)
004083a5       __math87_err_
Module: C:\Users\jc410\OneDrive\euphoria\watcom/lib386/nt\clib3r.lib(chipt32.asm)
00408410       __fptan_chk
Module: C:\Users\jc410\OneDrive\euphoria\watcom/lib386/nt\clib3r.lib(chipw32.asm)
004084c4       __fpatan_wrap
Module: C:\Users\jc410\OneDrive\euphoria\watcom/lib386\math387r.lib(log87e.c)
004084f9       __log87_err_
Module: C:\Users\jc410\OneDrive\euphoria\watcom/lib386/nt\clib3r.lib(enterdb.c)
00408530       __EnterWVIDEO_
00411658+      ___WD_Present
Module: C:\Users\jc410\OneDrive\euphoria\watcom/lib386/nt\clib3r.lib(hdlman.c)
0041165c+      ___NHandles
00411660+      ___OSHandles
00411664+      ___FakeHandles
00408560+      __growPOSIXHandles_
00408600+      __allocPOSIXHandle_
004086c0       __freePOSIXHandle_
004086e0       __getOSHandle_
004086f0       __setOSHandle_
00408740+      __NTGetFakeHandle_
004087b0       __initPOSIXHandles_
00408890*      __set_handles_
004088a0*      _grow_handles_
Module: C:\Users\jc410\OneDrive\euphoria\watcom/lib386/nt\clib3r.lib(environ.c)
00412a54       ___env_mask
00412a58       _environ
00412a5c       __wenviron
Module: C:\Users\jc410\OneDrive\euphoria\watcom/lib386/nt\clib3r.lib(getmodfn.c)
004088e0       __lib_GetModuleFileNameW_
Module: C:\Users\jc410\OneDrive\euphoria\watcom/lib386/nt\clib3r.lib(strdup.c)
00408980       __clib_strdup_
Module: C:\Users\jc410\OneDrive\euphoria\watcom/lib386/nt\clib3r.lib(istable.c)
004089c0       __IsTable
Module: C:\Users\jc410\OneDrive\euphoria\watcom/lib386/nt\clib3r.lib(ustrdup.c)
00408ac1       __clib_wcsdup_
Module: C:\Users\jc410\OneDrive\euphoria\watcom/lib386/nt\clib3r.lib(excptwnt.c)
00409150+      ___ReportException@4
004095a0       __DefaultExceptionHandler_
004095e0+      ___ExceptionFilter
004097f0       __NewExceptionFilter_
00409820       __DoneExceptionFilter_
00411670       ___oscode_check_func
00411674       ___raise_func
00412a60*      _sw
00412a64+      ___ExceptionHandled
00412a65+      ___ReportInvoked
Module: C:\Users\jc410\OneDrive\euphoria\watcom/lib386/nt\clib3r.lib(stklmwnt.c)
00409860       __init_stack_limits_
Module: C:\Users\jc410\OneDrive\euphoria\watcom/lib386/nt\clib3r.lib(fclose.c)
004098d0+      __doclose_
00409970       __shutdown_stream_
00409990*      fclose_
00412a68+      ___RmTmpFileFn
Module: C:\Users\jc410\OneDrive\euphoria\watcom/lib386/nt\clib3r.lib(freefp.c)
004099e0       __freefp_
00409a30       __purgefp_
Module: C:\Users\jc410\OneDrive\euphoria\watcom/lib386/nt\clib3r.lib(amblksiz.c)
0041168c       __amblksiz
Module: C:\Users\jc410\OneDrive\euphoria\watcom/lib386/nt\clib3r.lib(heapen.c)
00409a60*      _heapenable_
00411690       ___heap_enabled
Module: C:\Users\jc410\OneDrive\euphoria\watcom/lib386/nt\clib3r.lib(nheapmin.c)
00409a90       _nheapshrink_
00409a90*      _nheapmin_
00409a90*      _heapmin_
00409a90       _heapshrink_
Module: C:\Users\jc410\OneDrive\euphoria\watcom/lib386/nt\clib3r.lib(prtf.c)
00409b80       __prtf_
Module: C:\Users\jc410\OneDrive\euphoria\watcom/lib386/nt\clib3r.lib(seterrno.c)
0040a844       __set_errno_
0040a852       __set_EDOM_
0040a860       __set_ERANGE_
0040a86e*      __set_EINVAL_
0040a881       __set_doserrno_
Module: C:\Users\jc410\OneDrive\euphoria\watcom/lib386/nt\clib3r.lib(__lseek.c)
0040a890       __lseek_
Module: C:\Users\jc410\OneDrive\euphoria\watcom/lib386/nt\clib3r.lib(fsync.c)
0040a8d0       fsync_
Module: C:\Users\jc410\OneDrive\euphoria\watcom/lib386/nt\clib3r.lib(qwrit.c)
0040a920       __qwrite_
Module: C:\Users\jc410\OneDrive\euphoria\watcom/lib386/nt\clib3r.lib(chktty.c)
0040aa00       __chktty_
Module: C:\Users\jc410\OneDrive\euphoria\watcom/lib386/nt\clib3r.lib(lmainwnt.c)
0040aa40       _LibMain@12
Module: C:\Users\jc410\OneDrive\euphoria\watcom/lib386/nt\clib3r.lib(rdllmwnt.c)
00411694       __pRawDllMain
Module: C:\Users\jc410\OneDrive\euphoria\watcom/lib386/nt\clib3r.lib(mthread.c)
0040abf0+      __CloseSemaphore_
0040ac30+      __AccessIOB_
0040ac40+      __ReleaseIOB_
0040ac50+      __AccessFileH_
0040ac60+      __ReleaseFileH_
0040ac70+      __AccessNHeap_
0040ac80+      __ReleaseNHeap_
0040ac90+      __AccessFHeap_
0040aca0+      __ReleaseFHeap_
0040acb0+      __AccessTDList_
0040acc0+      __ReleaseTDList_
0040acd0+      __AccessFList_
0040ace0+      __AccessSemaphore_
0040ad40+      __ReleaseFList_
0040ad50+      __ReleaseSemaphore_
0040ad80+      __MultipleThread_
0040add0       __AllocInitThreadData_
0040ae20       __FreeInitThreadData_
0040ae30       __NTThreadInit_
0040aea0       __NTAddThread_
0040aef0       __NTRemoveThread_
0040af80       __InitMultipleThread_
00411698+      ___AccessSema4
0041169c+      ___ReleaseSema4
004116a0+      ___CloseSema4
Module: C:\Users\jc410\OneDrive\euphoria\watcom/lib386/nt\clib3r.lib(ddgrpwnt.c)
0040b230       __disallow_single_dgroup_
Module: C:\Users\jc410\OneDrive\euphoria\watcom/lib386/nt\clib3r.lib(cinit.c)
0040b300       __CommonInit_
Module: C:\Users\jc410\OneDrive\euphoria\watcom/lib386/nt\clib3r.lib(dosseg)
00001234       __DOSseg__
Module: C:\Users\jc410\OneDrive\euphoria\watcom/lib386/nt\clib3r.lib(noefgfmt.c)
004116a4       ___EFG_printf
004116a8       ___EFG_scanf
Module: C:\Users\jc410\OneDrive\euphoria\watcom/lib386\math387r.lib(efgfmt.c)
0040b352       _EFG_Format_
Module: C:\Users\jc410\OneDrive\euphoria\watcom/lib386\math387r.lib(cnvs2d.c)
0040b4bc       __cnvs2d_
Module: C:\Users\jc410\OneDrive\euphoria\watcom/lib386/nt\clib3r.lib(8087cw.c)
004116ac       __8087cw
Module: C:\Users\jc410\OneDrive\euphoria\watcom/lib386/nt\clib3r.lib(save8087.c)
004116b0       ___Save8087
004116b4       ___Rest8087
Module: C:\Users\jc410\OneDrive\euphoria\watcom/lib386/nt\clib3r.lib(init8087)
0040b4d4       __x87id
Module: C:\Users\jc410\OneDrive\euphoria\watcom/lib386/nt\clib3r.lib(locmktim.c)
0040b510       __local_mktime_
Module: C:\Users\jc410\OneDrive\euphoria\watcom/lib386/nt\clib3r.lib(leapyear.c)
0040b650       __leapyear_
00411188       ___diyr
004111a2       ___dilyr
Module: C:\Users\jc410\OneDrive\euphoria\watcom/lib386/nt\clib3r.lib(wcstombs.c)
0040b690       wcstombs_
Module: C:\Users\jc410\OneDrive\euphoria\watcom/lib386/nt\clib3r.lib(getenv.c)
0040b730       getenv_
Module: C:\Users\jc410\OneDrive\euphoria\watcom/lib386/nt\clib3r.lib(chipbug.c)
0040b7c0       __verify_pentium_fdiv_bug_
Module: C:\Users\jc410\OneDrive\euphoria\watcom/lib386\math387r.lib(math2err.c)
0040b882       __math1err_
0040b88c       __math2err_
Module: C:\Users\jc410\OneDrive\euphoria\watcom/lib386/nt\clib3r.lib(chipa32.asm)
0040b990       __fpatan_chk
Module: C:\Users\jc410\OneDrive\euphoria\watcom/lib386/nt\clib3r.lib(iomode.c)
0040bba0       __GetIOMode_
0040bbc0       __SetIOMode_nogrow_
00411714       ___NFiles
00411718       ___init_mode
00411768       ___io_mode
Module: C:\Users\jc410\OneDrive\euphoria\watcom/lib386/nt\clib3r.lib(stiomode.c)
0040bbe0       __grow_iomode_
0040bcb0+      __shrink_iomode_
0040bcf0       __SetIOMode_
Module: C:\Users\jc410\OneDrive\euphoria\watcom/lib386/nt\clib3r.lib(setenvp.c)
0040bd60       __setenvp_
0040be20       __freeenvp_
Module: C:\Users\jc410\OneDrive\euphoria\watcom/lib386/nt\clib3r.lib(ustrlen.c)
0040be6d       wcslen_
Module: C:\Users\jc410\OneDrive\euphoria\watcom/lib386/nt\clib3r.lib(memcpy.c)
0040be80       memcpy_
Module: C:\Users\jc410\OneDrive\euphoria\watcom/lib386/nt\clib3r.lib(conutwnt.c)
0040beb0*      __NTRealKey_
0040bf60*      __NTConsoleInput_
0040bf70       __NTConsoleOutput_
Module: C:\Users\jc410\OneDrive\euphoria\watcom/lib386/nt\clib3r.lib(fclex387.c)
0040bf80       _ClearFPE_
Module: C:\Users\jc410\OneDrive\euphoria\watcom/lib386/nt\clib3r.lib(signlwnt.c)
00411774+      __SignalTable
0040bf90+      __SetSignalFunc_
0040bfe0+      __GetSignalFunc_
0040c010+      __GetSignalOSCode_
0040c040+      __CheckSignalExCode_
0040c180+      __sigabort_
0040c190       __sigfpe_handler_
0040c1e0*      signal_
0040c270+      raise_
0040c2e0+      __SigInit_
0040c330+      __SigFini_
0040c370+      __sig_init_
Module: C:\Users\jc410\OneDrive\euphoria\watcom/lib386/nt\clib3r.lib(_clsewnt.c)
0040c390       __close_
Module: C:\Users\jc410\OneDrive\euphoria\watcom/lib386/nt\clib3r.lib(wctomb.c)
0040c3f0       wctomb_
Module: C:\Users\jc410\OneDrive\euphoria\watcom/lib386/nt\clib3r.lib(itoa.c)
0040c430+      utoa_
0040c480       itoa_
Module: C:\Users\jc410\OneDrive\euphoria\watcom/lib386/nt\clib3r.lib(strupr.c)
0040c4b0       strupr_
Module: C:\Users\jc410\OneDrive\euphoria\watcom/lib386/nt\clib3r.lib(lltoa.c)
0040c4d0       ulltoa_
0040c540*      lltoa_
Module: C:\Users\jc410\OneDrive\euphoria\watcom/lib386/nt\clib3r.lib(ltoa.c)
0040c570       ultoa_
0040c5c0*      ltoa_
Module: C:\Users\jc410\OneDrive\euphoria\watcom/lib386/nt\clib3r.lib(mbisdbcs.c)
004135d8       ___IsDBCS
Module: C:\Users\jc410\OneDrive\euphoria\watcom/lib386/nt\clib3r.lib(mbislead.c)
0040c5f0*      _ismbblead_
004135dc       ___MBCSIsTable
Module: C:\Users\jc410\OneDrive\euphoria\watcom/lib386/nt\clib3r.lib(dosret.c)
0040c610*      _dosretax_
0040c620*      _dosret0_
0040c630       __set_errno_dos_
0040c660*      __set_errno_dos_reterr_
0040c670       __set_errno_nt_
0040c680*      __set_errno_nt_reterr_
Module: C:\Users\jc410\OneDrive\euphoria\watcom/lib386/nt\clib3r.lib(isattwnt.c)
0040c6a0       isatty_
Module: C:\Users\jc410\OneDrive\euphoria\watcom/lib386/nt\clib3r.lib(lmn2wnt.c)
0040c6c0       _DllMain@12
Module: C:\Users\jc410\OneDrive\euphoria\watcom/lib386/nt\clib3r.lib(calloc.c)
0040c6d0       calloc_
Module: C:\Users\jc410\OneDrive\euphoria\watcom/lib386/nt\clib3r.lib(trdlist.c)
0040c740       __GetThreadData_
0040c790       __ReallocThreadData_
0040c880       __AddThreadData_
0040c900       __RemoveThreadData_
0040c960*      __ResizeThreadDataList_
0040c990       __FreeThreadDataList_
0040c9c0*      __ActiveThreads_
Module: C:\Users\jc410\OneDrive\euphoria\watcom/lib386/nt\clib3r.lib(mthrdini.c)
0040c9e0       __InitThreadData_
004118e8       ___ThreadDataSize
Module: C:\Users\jc410\OneDrive\euphoria\watcom/lib386/nt\clib3r.lib(trdalloc.c)
0040ca10       __FiniThreadProcessing_
Module: C:\Users\jc410\OneDrive\euphoria\watcom/lib386/nt\clib3r.lib(rtcntrl.c)
0040ca20*      _SetLD64bit_
0040ca30*      _SetLD80bit_
0040ca40       _LDisDouble_
Module: C:\Users\jc410\OneDrive\euphoria\watcom/lib386\math387r.lib(ldcvt.c)
0040cb2f       _LDScale10x_
0040d0d6       __LDcvt_
Module: C:\Users\jc410\OneDrive\euphoria\watcom/lib386\math387r.lib(strtod.c)
0040da37+      __Strtold_
0040db9e       strtod_
Module: C:\Users\jc410\OneDrive\euphoria\watcom/lib386/nt\clib3r.lib(mbterm.c)
0040dcf0       _mbterm_
Module: C:\Users\jc410\OneDrive\euphoria\watcom/lib386/nt\clib3r.lib(mbsnextc.c)
0040dd30       _mbsnextc_
Module: C:\Users\jc410\OneDrive\euphoria\watcom/lib386/nt\clib3r.lib(mbcupper.c)
0040dd70       _mbctoupper_
Module: C:\Users\jc410\OneDrive\euphoria\watcom/lib386/nt\clib3r.lib(mbsinc.c)
0040dda0       _mbsinc_
Module: C:\Users\jc410\OneDrive\euphoria\watcom/lib386/nt\clib3r.lib(hugeval.c)
0040ddd0       __HugeValue
Module: C:\Users\jc410\OneDrive\euphoria\watcom/lib386\math387r.lib(_matherr.c)
0040de7e*      _set_matherr_
0040de84+      __rterrmsg_
0040decc       _matherr_
00411998+      ___matherr_handler
Module: C:\Users\jc410\OneDrive\euphoria\watcom/lib386/nt\clib3r.lib(memset.c)
0040df00       memset_
Module: C:\Users\jc410\OneDrive\euphoria\watcom/lib386/nt\clib3r.lib(iomodtty.c)
0040df20       __ChkTTYIOMode_
0040df60*      __IOMode_
Module: C:\Users\jc410\OneDrive\euphoria\watcom/lib386/nt\clib3r.lib(dofilstr.c)
0040dfa0       __ParsePosixHandleStr_
Module: C:\Users\jc410\OneDrive\euphoria\watcom/lib386/nt\clib3r.lib(clearenv.c)
0040e0c0       clearenv_
Module: C:\Users\jc410\OneDrive\euphoria\watcom/lib386/nt\clib3r.lib(abort.c)
0040e165*      abort_
0040e177       __terminate_
0041199c       ___abort
Module: C:\Users\jc410\OneDrive\euphoria\watcom/lib386/nt\clib3r.lib(mbinit.c)
0040e1c3       __mbinit_
004119a0       ___MBCodePage
Module: C:\Users\jc410\OneDrive\euphoria\watcom/lib386/nt\clib3r.lib(alphabet.c)
004111c4       ___Alphabet
Module: C:\Users\jc410\OneDrive\euphoria\watcom/lib386/nt\clib3r.lib(register.c)
0040e2d0       __initthread_
0040e2e0*      _beginthread_
0040e2f0       _endthread_
0040e300*      __RegisterThreadData_
Module: C:\Users\jc410\OneDrive\euphoria\watcom/lib386\math387r.lib(ldclass.c)
0040e344       __LDClass_
0040e394*      _FLClass_
Module: C:\Users\jc410\OneDrive\euphoria\watcom/lib386/nt\clib3r.lib(tolower.c)
0040e3b0       tolower_
Module: C:\Users\jc410\OneDrive\euphoria\watcom/lib386\math387r.lib(bufld386)
0040e3c0       __ZBuf2LD
Module: C:\Users\jc410\OneDrive\euphoria\watcom/lib386\math387r.lib(inf_nan.c)
0040e463*      ___f_infinity
0040e467*      ___f_posqnan
0040e46b       ___d_infinity
0040e473       ___d_posqnan
0040e47b*      ___ld_infinity
0040e483*      ___ld_posqnan
Module: C:\Users\jc410\OneDrive\euphoria\watcom/lib386/nt\clib3r.lib(mbconv.c)
0040e490       _mbvtop_
Module: C:\Users\jc410\OneDrive\euphoria\watcom/lib386\math387r.lib(__mtherr)
0040e4ac       __matherr
Module: C:\Users\jc410\OneDrive\euphoria\watcom/lib386/nt\clib3r.lib(iobaddr.c)
0040e4c0       __get_std_stream_
0040e4c0*      __get_std_file_
Module: C:\Users\jc410\OneDrive\euphoria\watcom/lib386/nt\clib3r.lib(__stos)
0040e4e0       __STOSB
0040e517*      __STOSD
Module: C:\Users\jc410\OneDrive\euphoria\watcom/lib386/nt\clib3r.lib(strncpy.c)
0040e590       strncpy_
Module: C:\Users\jc410\OneDrive\euphoria\watcom/lib386/nt\clib3r.lib(strtol.c)
0040e7f0*      strtoul_
0040e800       strtol_
Module: C:\Users\jc410\OneDrive\euphoria\watcom/lib386/nt\clib3r.lib(putenv.c)
0040e810       putenv_
0040eaa0       __putenv_
Module: C:\Users\jc410\OneDrive\euphoria\watcom/lib386/nt\clib3r.lib(thredwnt.c)
0040ecc0       __CBeginThread_
0040ed60       __CEndThread_
Module: C:\Users\jc410\OneDrive\euphoria\watcom/lib386\math387r.lib(matherr.c)
0040ed96       matherr_
Module: C:\Users\jc410\OneDrive\euphoria\watcom/lib386/nt\clib3r.lib(mbschr.c)
0040eda0       _mbschr_
Module: C:\Users\jc410\OneDrive\euphoria\watcom/lib386/nt\clib3r.lib(mbslen.c)
0040ee00       _mbslen_
Module: C:\Users\jc410\OneDrive\euphoria\watcom/lib386/nt\clib3r.lib(mbstowcs.c)
0040ee30       mbstowcs_
Module: C:\Users\jc410\OneDrive\euphoria\watcom/lib386/nt\clib3r.lib(uputenv.c)
0040eeb0*      _wputenv_
0040f0d0       __wputenv_
Module: C:\Users\jc410\OneDrive\euphoria\watcom/lib386/nt\clib3r.lib(toupper.c)
0040f1d0       toupper_
Module: C:\Users\jc410\OneDrive\euphoria\watcom/lib386/nt\clib3r.lib(memmove.c)
0040f1e0       memmove_
Module: C:\Users\jc410\OneDrive\euphoria\watcom/lib386/nt\clib3r.lib(mbclen.c)
0040f240       _mbclen_
Module: C:\Users\jc410\OneDrive\euphoria\watcom/lib386/nt\clib3r.lib(mbccmp.c)
0040f270       _mbccmp_
Module: C:\Users\jc410\OneDrive\euphoria\watcom/lib386/nt\clib3r.lib(mbtowc.c)
0040f2b0       mbtowc_
Module: C:\Users\jc410\OneDrive\euphoria\watcom/lib386/nt\clib3r.lib(ustrchr.c)
0040f340       wcschr_
Module: C:\Users\jc410\OneDrive\euphoria\watcom/lib386/nt\clib3r.lib(setenvar.c)
0040f360       __lib_SetEnvironmentVariableW_
Module: C:\Users\jc410\OneDrive\euphoria\watcom/lib386/nt\clib3r.lib(crtwenv.c)
0040f450       __create_wide_environment_
Module: C:\Users\jc410\OneDrive\euphoria\watcom/lib386/nt\clib3r.lib(utoupper.c)
0040f4b8       towupper_


                        +----------------------+
                        |   Imported Symbols   |
                        +----------------------+

Symbol                              Module
======                              ======

_GetTickCount@0                     KERNEL32.DLL
_GetStdHandle@4                     KERNEL32.DLL
_WriteFile@20                       KERNEL32.DLL
_GetEnvironmentStringsA@0           KERNEL32.DLL
_GetVersion@0                       KERNEL32.DLL
_GetModuleFileNameA@12              KERNEL32.DLL
_GetCommandLineA@0                  KERNEL32.DLL
_GetCommandLineW@0                  KERNEL32.DLL
_FreeEnvironmentStringsA@4          KERNEL32.DLL
_GetModuleHandleA@4                 KERNEL32.DLL
_ExitProcess@4                      KERNEL32.DLL
_VirtualAlloc@16                    KERNEL32.DLL
_GetLocalTime@4                     KERNEL32.DLL
_GetTimeZoneInformation@4           KERNEL32.DLL
_SetStdHandle@8                     KERNEL32.DLL
_CreateEventA@16                    KERNEL32.DLL
_CloseHandle@4                      KERNEL32.DLL
_GetModuleFileNameW@12              KERNEL32.DLL
_MultiByteToWideChar@24             KERNEL32.DLL
_LoadLibraryA@4                     KERNEL32.DLL
_GetProcAddress@8                   KERNEL32.DLL
_SetUnhandledExceptionFilter@4      KERNEL32.DLL
_UnhandledExceptionFilter@4         KERNEL32.DLL
_VirtualQuery@12                    KERNEL32.DLL
_VirtualFree@12                     KERNEL32.DLL
_SetFilePointer@16                  KERNEL32.DLL
_FlushFileBuffers@4                 KERNEL32.DLL
_GetLastError@0                     KERNEL32.DLL
_InitializeCriticalSection@4        KERNEL32.DLL
_DeleteCriticalSection@4            KERNEL32.DLL
_LeaveCriticalSection@4             KERNEL32.DLL
_GetCurrentThreadId@0               KERNEL32.DLL
_EnterCriticalSection@4             KERNEL32.DLL
_TlsGetValue@4                      KERNEL32.DLL
_SetLastError@4                     KERNEL32.DLL
_TlsAlloc@0                         KERNEL32.DLL
_TlsFree@4                          KERNEL32.DLL
_TlsSetValue@8                      KERNEL32.DLL
_MessageBoxA@16                     USER32.DLL
_CreateFileA@28                     KERNEL32.DLL
_SetConsoleCtrlHandler@8            KERNEL32.DLL
_WideCharToMultiByte@32             KERNEL32.DLL
_GetFileType@4                      KERNEL32.DLL
_CharUpperA@4                       USER32.DLL
_GetACP@0                           KERNEL32.DLL
_GetOEMCP@0                         KERNEL32.DLL
_GetCPInfo@8                        KERNEL32.DLL
_SetEnvironmentVariableA@8          KERNEL32.DLL
_CreateThread@24                    KERNEL32.DLL
_ResumeThread@4                     KERNEL32.DLL
_ExitThread@4                       KERNEL32.DLL
_SetEnvironmentVariableW@8          KERNEL32.DLL


                        +--------------------+
                        |   Libraries Used   |
                        +--------------------+

C:\Users\jc410\OneDrive\euphoria\watcom/lib386/nt\kernel32.lib
C:\Users\jc410\OneDrive\euphoria\watcom/lib386/nt\user32.lib
C:\Users\jc410\OneDrive\euphoria\watcom/lib386/nt\clib3r.lib
C:\Users\jc410\OneDrive\euphoria\watcom/lib386\math387r.lib
C:\Users\jc410\OneDrive\euphoria\watcom/lib386/nt\emu387.lib


                        +-----------------------+
                        |   Linker Statistics   |
                        +-----------------------+

Stack size:  0000 (0.)
Memory size:  00011820 (71712.)
Entry point address: 00405604
Link time: 00:00.09
