Open Watcom Linker Version 1.9
Portions Copyright (c) 1985-2002 Sybase, Inc. All Rights Reserved.
Created on:       22/04/03 20:51:20
Executable Image: jceuobj.dll
creating a Windows NT dynamic link library


                        +------------+
                        |   Groups   |
                        +------------+

Group                           Address              Size
=====                           =======              ====

.idata                          0040f000             000005b8
DGROUP                          00410000             000026f0



                        +--------------+
                        |   Segments   |
                        +--------------+

Segment                Class          Group          Address         Size
=======                =====          =====          =======         ====

BEGTEXT                CODE           AUTO           00401000        00000007
_TEXT                  CODE           AUTO           00401010        0000d448
CODE32                 CODE           AUTO           0040e458        00000575
TRANSFER CODE          CODE           AUTO           0040e9d0        00000138
.idata                 .idata         .idata         0040f000        000005b8
_NULL                  BEGDATA        DGROUP         00410000        00000004
_AFTERNULL             BEGDATA        DGROUP         00410004        00000000
CONST                  DATA           DGROUP         00410004        000000e8
CONST2                 DATA           DGROUP         004100ec        00000000
_DATA                  DATA           DGROUP         004100ec        00000850
XIB                    DATA           DGROUP         0041093c        00000000
XI                     DATA           DGROUP         0041093c        00000036
XIE                    DATA           DGROUP         00410972        00000000
YIB                    DATA           DGROUP         00410972        00000000
YI                     DATA           DGROUP         00410972        00000024
YIE                    DATA           DGROUP         00410996        00000000
TIB                    DATA           DGROUP         00410996        00000000
TI                     DATA           DGROUP         00410996        00000000
TIE                    DATA           DGROUP         00410996        00000000
DATA                   DATA           DGROUP         00410996        00000000
DATA32                 DATA           DGROUP         00410998        00000310
CONST32                CONST          DGROUP         00411000        00000000
_BSS                   BSS            DGROUP         00411000        000016e1
BSS32                  BSS            DGROUP         004126e4        00000000
STACK                  STACK          DGROUP         004126f0        00000000


                        +----------------+
                        |   Memory Map   |
                        +----------------+

* = unreferenced symbol
+ = symbol only referenced locally

Address        Symbol
=======        ======

Module: be_eu.obj(C:\Users\jc410\Documents\CPPEuObject\be_eu.c)
00401010+      Cleanup_
0040103c+      UserCleanup_
00401068       SimpleRTFatal_
004010d0+      SpaceMessage_
004010fb+      EMalloc_
0040114c+      ERealloc_
004011a1       NewS1_
00401237+      NewString_
004012ac+      SequenceCopy_
00401369       NewDouble_
004013c5+      Dadd_
00401405+      Dminus_
00401445+      Dmultiply_
00401485+      doChar_
004014f2+      Prepend_
00401647+      Append_
0040182c+      Concat_
00401ae3+      Concat_N_
00401c4c+      Concat_Ni_
00401db9+      RepeatElem_
00401e0d+      Repeat_
00401f8e       de_reference_
0040208b+      DeRef1_
004020cf+      DeRef5_
00402198+      de_reference_i_
004021df+      DoubleToInt_
00402266+      x_
00402291+      add_
004022e7+      minus_
0040233d+      multiply_
00402413+      divide_
00402478+      Ddivide_
004024d6+      eremainder_
00402518+      check_bits_
0040258b+      and_bits_
004025bc+      Dand_bits_
0040264b+      or_bits_
0040267c+      Dor_bits_
0040270b+      xor_bits_
0040273c+      Dxor_bits_
004027cb+      not_bits_
004027fb+      Dnot_bits_
00402896+      equals_
004028d6+      Dequals_
0040291d+      less_
0040295d+      Dless_
004029a4+      greater_
004029e4+      Dgreater_
00402a2b+      noteq_
00402a6b+      Dnoteq_
00402ab2+      lesseq_
00402af2+      Dlesseq_
00402b39+      greatereq_
00402b79+      Dgreatereq_
00402bc0+      Band_
00402c06+      Dand_
00402c68+      Bor_
00402cac+      Dor_
00402d0c+      Bxor_
00402d78+      Dxor_
00402e00+      uminus_
00402e4a+      Duminus_
00402e86+      unot_
00402ec3+      Dnot_
00402f0e+      compare_
00403123+      find_
004032b4+      e_match_
0040341a+      RHS_Slice_
004036c2+      AssignSlice_
004038ce+      MakeCString_
00403976       make_atom32_
004039cc+      find_from_
00403bb8+      e_match_from_
00403d76+      screen_output_
00411000+      _TempBuff
00411410+      _assign_slice_seq
00411414+      _rhs_slice_target
Module: be_funcs.obj(C:\Users\jc410\Documents\CPPEuObject\be_funcs.c)
00403da6+      Date_
00403e64+      setran32_
00403f48+      good_rand32_
0040407e+      Random32_
004040c3+      DRandom32_
00404170+      calc_hash32_
004047dd+      get_int32_
00404868+      get_rand32_
004048c3+      set_rand32_
004100ec+      _rand_was_set
00411418+      _seed2
0041141c+      _seed1
Module: be_math.obj(C:\Users\jc410\Documents\CPPEuObject\be_math.c)
00404a23+      Dremainder_
00404a92+      power_
00404b90+      Dpower_
00404c3f+      e_sqrt_
00404c92+      De_sqrt_
00404ced+      e_sin_
00404d30+      De_sin_
00404d75+      e_cos_
00404db8+      De_cos_
00404dfd+      e_tan_
00404e40+      De_tan_
00404e85+      e_arctan_
00404ec8+      De_arctan_
00404f0d+      e_log_
00404f60+      De_log_
00404fbb+      e_floor_
00404fe8+      De_floor_
Module: C:\Users\jc410\OneDrive\euphoria\watcom/lib386/nt\clib3r.lib(stk)
00405035       __CHK
00405045*      __STK
00405064*      __STKOVERFLOW_
00405074*      __GRO
00405094*      __alloca_probe
Module: C:\Users\jc410\OneDrive\euphoria\watcom/lib386/nt\clib3r.lib(exit.c)
004050a8+      __null_int23_exit_
004050a9       exit_
004050f9*      _exit_
00410104+      ___int23_exit
00410108+      ___FPE_handler_exit
Module: C:\Users\jc410\OneDrive\euphoria\watcom/lib386/nt\clib3r.lib(iob.c)
0041010c       ___iob
00410314*      __fmode
00411420       ___OpenStreams
00411424       ___ClosedStreams
Module: C:\Users\jc410\OneDrive\euphoria\watcom/lib386/nt\clib3r.lib(nmalloc.c)
00405110       _nmalloc_
00405110       malloc_
00410318       ___nheapbeg
0041031c       ___MiniHeapRover
00410320       ___LargestSizeB4MiniHeapRover
Module: C:\Users\jc410\OneDrive\euphoria\watcom/lib386/nt\clib3r.lib(nrealloc.c)
00405210*      _nrealloc_
00405210       realloc_
Module: C:\Users\jc410\OneDrive\euphoria\watcom/lib386/nt\clib3r.lib(strlen.c)
00405290       strlen_
Module: C:\Users\jc410\OneDrive\euphoria\watcom/lib386\math387r.lib(fchop87)
004052a4       __CHP
Module: C:\Users\jc410\OneDrive\euphoria\watcom/lib386/nt\clib3r.lib(nfree.c)
004052c0       _nfree_
004052c0       free_
00411428       ___MiniHeapFreeRover
Module: C:\Users\jc410\OneDrive\euphoria\watcom/lib386/nt\clib3r.lib(fputs.c)
004053d0       fputs_
Module: C:\Users\jc410\OneDrive\euphoria\watcom/lib386/nt\clib3r.lib(dstrt386)
00405464       __DLLstart_
00405464*      __DLLstartw_
00405464*      _DllMainCRTStartup@12
00405464*      _wDllMainCRTStartup@12
Module: C:\Users\jc410\OneDrive\euphoria\watcom/lib386/nt\clib3r.lib(fltused.c)
00410324       _fltused_
Module: C:\Users\jc410\OneDrive\euphoria\watcom/lib386/nt\emu387.lib(386)
004054c0       __init_387_emulator
004054c1*      __fini_387_emulator
Module: C:\Users\jc410\OneDrive\euphoria\watcom/lib386/nt\clib3r.lib(_8087)
00410328       __8087
00410329       __real87
Module: C:\Users\jc410\OneDrive\euphoria\watcom/lib386/nt\clib3r.lib(time.c)
004054d0       time_
Module: C:\Users\jc410\OneDrive\euphoria\watcom/lib386/nt\clib3r.lib(localtim.c)
00405510+      _localtime_
00405570       localtime_
Module: C:\Users\jc410\OneDrive\euphoria\watcom/lib386\math387r.lib(fmod87)
004055a3       fmod_
00405588*      IF@DFMOD
00405588*      IF@FMOD
Module: C:\Users\jc410\OneDrive\euphoria\watcom/lib386\math387r.lib(pow87)
0040570d       pow_
004055b4*      IF@DPOW
004055b4*      IF@POW
Module: C:\Users\jc410\OneDrive\euphoria\watcom/lib386\math387r.lib(floor.c)
0040571d       floor_
Module: C:\Users\jc410\OneDrive\euphoria\watcom/lib386\math387r.lib(sqrt87)
00405758       sqrt_
00405788*      IF@SQRT
00405788*      IF@DSQRT
0040578a*      __@DSQRT
Module: C:\Users\jc410\OneDrive\euphoria\watcom/lib386\math387r.lib(trig87)
00405809       sin_
004057fd       cos_
0040582a       tan_
004057bc*      IF@COS
004057bc*      IF@DCOS
004057c6*      IF@SIN
004057c6*      IF@DSIN
00405815*      IF@TAN
00405815*      IF@DTAN
Module: C:\Users\jc410\OneDrive\euphoria\watcom/lib386\math387r.lib(atan87)
00405862       atan_
0040586e*      atan2_
00405838*      IF@ATAN
00405838*      IF@DATAN
0040584d*      IF@ATAN2
0040584d*      IF@DATAN2
Module: C:\Users\jc410\OneDrive\euphoria\watcom/lib386\math387r.lib(log87)
004058d4       log_
004058ec*      log2_
004058e0*      log10_
00405880*      IF@LOG
00405880*      IF@DLOG
004058c0*      IF@LOG2
004058c0*      IF@DLOG2
004058ca*      IF@LOG10
004058ca*      IF@DLOG10
Module: C:\Users\jc410\OneDrive\euphoria\watcom/lib386/nt\clib3r.lib(xmsgwnt.c)
00405900+      __exit_with_msg_
00405960       __fatal_runtime_error_
Module: C:\Users\jc410\OneDrive\euphoria\watcom/lib386/nt\clib3r.lib(mainwnt.c)
00410338       ___TlsIndex
0041033c       ___FirstThreadData
00410340       ___GetThreadPtr
00410344       __AccessFileH
00410348       __ReleaseFileH
0041034c       __AccessIOB
00410350       __ReleaseIOB
00410354       __AccessNHeap
00410358       __AccessFHeap
0041035c       __ReleaseNHeap
00405990*      __threadid_
004059b0+      __sig_null_rtn_
004059c0       __NTInit_
00405ba0       __NTFini_
00405c00*      __NTMainInit_
00405c60       __exit_
00410360       __ReleaseFHeap
00410364       __AccessTDList
00410368       __ReleaseTDList
0041036c       __AccessFList
00410370       __ReleaseFList
00410374       __ThreadExitRtn
00410378       ___sig_init_rtn
0041037c       ___sig_fini_rtn
00410380       ___process_fini
00411434       ___Is_DLL
Module: C:\Users\jc410\OneDrive\euphoria\watcom/lib386/nt\clib3r.lib(initrtns.c)
00405cc0       __InitRtns
00405d10       __FiniRtns
Module: C:\Users\jc410\OneDrive\euphoria\watcom/lib386/nt\clib3r.lib(initfile.c)
00405da0       __InitFiles_
Module: C:\Users\jc410\OneDrive\euphoria\watcom/lib386/nt\clib3r.lib(ioexit.c)
00405ea0*      fcloseall_
00405eb0       __full_io_exit_
Module: C:\Users\jc410\OneDrive\euphoria\watcom/lib386/nt\clib3r.lib(nmemneed.c)
00405ec0       __nmemneed_
Module: C:\Users\jc410\OneDrive\euphoria\watcom/lib386/nt\clib3r.lib(mem.c)
00405ed0       __MemAllocator
00405f80       __MemFree
Module: C:\Users\jc410\OneDrive\euphoria\watcom/lib386/nt\clib3r.lib(grownear.c)
00406220       __ExpandDGROUP_
Module: C:\Users\jc410\OneDrive\euphoria\watcom/lib386/nt\clib3r.lib(nmsize.c)
00406240       _nmsize_
00406240*      _msize_
Module: C:\Users\jc410\OneDrive\euphoria\watcom/lib386/nt\clib3r.lib(nexpand.c)
00406250       _nexpand_
00406250*      _expand_
00406290+      __HeapManager_expand_
Module: C:\Users\jc410\OneDrive\euphoria\watcom/lib386/nt\clib3r.lib(fputc.c)
00406450       fputc_
Module: C:\Users\jc410\OneDrive\euphoria\watcom/lib386/nt\clib3r.lib(flush.c)
00406530       __flush_
Module: C:\Users\jc410\OneDrive\euphoria\watcom/lib386/nt\clib3r.lib(ioalloc.c)
00406630       __ioalloc_
Module: C:\Users\jc410\OneDrive\euphoria\watcom/lib386/nt\clib3r.lib(dmainwnt.c)
004066e0       __LibMain@12
Module: C:\Users\jc410\OneDrive\euphoria\watcom/lib386/nt\clib3r.lib(segdefns)
00401003       ___begtext
00410000*      __nullarea
0041093c       __Start_XI
00410972       __End_XI
00410972       __Start_YI
00410996       __End_YI
Module: C:\Users\jc410\OneDrive\euphoria\watcom/lib386/nt\clib3r.lib(setefg.c)
00406890       __setEFGfmt_
Module: C:\Users\jc410\OneDrive\euphoria\watcom/lib386/nt\clib3r.lib(chk8087.c)
004068d0*      _fpreset_
00406910       __chk8087_
00406920*      __init_8087_
Module: C:\Users\jc410\OneDrive\euphoria\watcom/lib386/nt\clib3r.lib(crwdata)
004103c8       __osmajor
004103c9       __osminor
004103ca       __osbuild
004103cc       __osver
004103d0       __winmajor
004103d4       __winminor
004103d8       __winver
00410394       __LpDllName
00410398       __LpwCmdLine
0041039c       __LpwPgmName
004103a0       __LpwDllName
0041038c       __LpCmdLine
00410390       __LpPgmName
00410384*      __dynend
00410388       __curbrk
004103a4*      __STACKLOW
004103a8       __STACKTOP
004103ac*      __ASTACKSIZ
004103b0*      __ASTACKPTR
004103b4*      __cbyte
004103b8*      __cbyte2
004103bc*      __child
004103c2       __Envptr
004103c6*      __Envseg
004103c0       __no87
004103dc       ___FPE_handler
Module: C:\Users\jc410\OneDrive\euphoria\watcom/lib386/nt\clib3r.lib(gtctmwnt.c)
00406940       __getctime_
Module: C:\Users\jc410\OneDrive\euphoria\watcom/lib386/nt\clib3r.lib(mktime.c)
004069b0       mktime_
Module: C:\Users\jc410\OneDrive\euphoria\watcom/lib386/nt\clib3r.lib(tzset.c)
004103e0       ___start_dst
00410404       ___end_dst
0041052c*      _tzname
00410534       _timezone
00410538       _daylight
0041053c       ___dst_adjust
00406a90*      __DontCacheOSTZ_
00406aa0*      __CacheOSTZ_
00406f80+      __parse_tz_
00407370       tzset_
Module: C:\Users\jc410\OneDrive\euphoria\watcom/lib386/nt\clib3r.lib(gmtime.c)
004073e0       __brktime_
004074e0+      _gmtime_
00407500*      gmtime_
Module: C:\Users\jc410\OneDrive\euphoria\watcom/lib386/nt\clib3r.lib(timeutil.c)
00407660       __isindst_
Module: C:\Users\jc410\OneDrive\euphoria\watcom/lib386/nt\clib3r.lib(chipvar)
00410544       ___chipbug
00410544       __chipbug
Module: C:\Users\jc410\OneDrive\euphoria\watcom/lib386/nt\clib3r.lib(chipr32.asm)
0040e65f       __fprem_chk
0040e918*      __fprem1_chk
Module: C:\Users\jc410\OneDrive\euphoria\watcom/lib386\math387r.lib(pow87e.c)
00407990       __pow87_err_
Module: C:\Users\jc410\OneDrive\euphoria\watcom/lib386\math387r.lib(exp87)
00407a7f*      exp_
00407a18*      __@DEXP1
00407a20*      IF@EXP
00407a20*      IF@DEXP
00407a22       __@DEXP
Module: C:\Users\jc410\OneDrive\euphoria\watcom/lib386/nt\clib3r.lib(chipd32.asm)
00407ba3       __fdiv_fpr
00408065*      __fdiv_chk
00408078*      __fdiv_m32
004080c5*      __fdiv_m64
00408112*      __fdiv_m32r
0040815f*      __fdiv_m64r
Module: C:\Users\jc410\OneDrive\euphoria\watcom/lib386\math387r.lib(modf87)
004081ac       modf_
Module: C:\Users\jc410\OneDrive\euphoria\watcom/lib386\math387r.lib(math87e.c)
004081c5       __math87_err_
Module: C:\Users\jc410\OneDrive\euphoria\watcom/lib386/nt\clib3r.lib(chipt32.asm)
00408230       __fptan_chk
Module: C:\Users\jc410\OneDrive\euphoria\watcom/lib386/nt\clib3r.lib(chipw32.asm)
004082e4       __fpatan_wrap
Module: C:\Users\jc410\OneDrive\euphoria\watcom/lib386\math387r.lib(log87e.c)
00408319       __log87_err_
Module: C:\Users\jc410\OneDrive\euphoria\watcom/lib386/nt\clib3r.lib(enterdb.c)
00408350       __EnterWVIDEO_
00410558+      ___WD_Present
Module: C:\Users\jc410\OneDrive\euphoria\watcom/lib386/nt\clib3r.lib(hdlman.c)
0041055c+      ___NHandles
00410560+      ___OSHandles
00410564+      ___FakeHandles
00408380+      __growPOSIXHandles_
00408420+      __allocPOSIXHandle_
004084e0       __freePOSIXHandle_
00408500       __getOSHandle_
00408510       __setOSHandle_
00408560+      __NTGetFakeHandle_
004085d0       __initPOSIXHandles_
004086b0*      __set_handles_
004086c0*      _grow_handles_
Module: C:\Users\jc410\OneDrive\euphoria\watcom/lib386/nt\clib3r.lib(environ.c)
00411a54       ___env_mask
00411a58       _environ
00411a5c       __wenviron
Module: C:\Users\jc410\OneDrive\euphoria\watcom/lib386/nt\clib3r.lib(getmodfn.c)
00408700       __lib_GetModuleFileNameW_
Module: C:\Users\jc410\OneDrive\euphoria\watcom/lib386/nt\clib3r.lib(strdup.c)
004087a0       __clib_strdup_
Module: C:\Users\jc410\OneDrive\euphoria\watcom/lib386/nt\clib3r.lib(istable.c)
004087e0       __IsTable
Module: C:\Users\jc410\OneDrive\euphoria\watcom/lib386/nt\clib3r.lib(ustrdup.c)
004088e1       __clib_wcsdup_
Module: C:\Users\jc410\OneDrive\euphoria\watcom/lib386/nt\clib3r.lib(excptwnt.c)
00408f70+      ___ReportException@4
004093c0       __DefaultExceptionHandler_
00409400+      ___ExceptionFilter
00409610       __NewExceptionFilter_
00409640       __DoneExceptionFilter_
00410570       ___oscode_check_func
00410574       ___raise_func
00411a60*      _sw
00411a64+      ___ExceptionHandled
00411a65+      ___ReportInvoked
Module: C:\Users\jc410\OneDrive\euphoria\watcom/lib386/nt\clib3r.lib(stklmwnt.c)
00409680       __init_stack_limits_
Module: C:\Users\jc410\OneDrive\euphoria\watcom/lib386/nt\clib3r.lib(fclose.c)
004096f0+      __doclose_
00409790       __shutdown_stream_
004097b0*      fclose_
00411a68+      ___RmTmpFileFn
Module: C:\Users\jc410\OneDrive\euphoria\watcom/lib386/nt\clib3r.lib(freefp.c)
00409800       __freefp_
00409850       __purgefp_
Module: C:\Users\jc410\OneDrive\euphoria\watcom/lib386/nt\clib3r.lib(amblksiz.c)
0041058c       __amblksiz
Module: C:\Users\jc410\OneDrive\euphoria\watcom/lib386/nt\clib3r.lib(heapen.c)
00409880*      _heapenable_
00410590       ___heap_enabled
Module: C:\Users\jc410\OneDrive\euphoria\watcom/lib386/nt\clib3r.lib(nheapmin.c)
004098b0       _nheapshrink_
004098b0*      _nheapmin_
004098b0*      _heapmin_
004098b0       _heapshrink_
Module: C:\Users\jc410\OneDrive\euphoria\watcom/lib386/nt\clib3r.lib(seterrno.c)
00409992       __set_errno_
004099a0       __set_EDOM_
004099ae       __set_ERANGE_
004099bc*      __set_EINVAL_
004099cf       __set_doserrno_
Module: C:\Users\jc410\OneDrive\euphoria\watcom/lib386/nt\clib3r.lib(__lseek.c)
004099e0       __lseek_
Module: C:\Users\jc410\OneDrive\euphoria\watcom/lib386/nt\clib3r.lib(fsync.c)
00409a20       fsync_
Module: C:\Users\jc410\OneDrive\euphoria\watcom/lib386/nt\clib3r.lib(qwrit.c)
00409a70       __qwrite_
Module: C:\Users\jc410\OneDrive\euphoria\watcom/lib386/nt\clib3r.lib(chktty.c)
00409b50       __chktty_
Module: C:\Users\jc410\OneDrive\euphoria\watcom/lib386/nt\clib3r.lib(lmainwnt.c)
00409b90       _LibMain@12
Module: C:\Users\jc410\OneDrive\euphoria\watcom/lib386/nt\clib3r.lib(rdllmwnt.c)
00410594       __pRawDllMain
Module: C:\Users\jc410\OneDrive\euphoria\watcom/lib386/nt\clib3r.lib(mthread.c)
00409d40+      __CloseSemaphore_
00409d80+      __AccessIOB_
00409d90+      __ReleaseIOB_
00409da0+      __AccessFileH_
00409db0+      __ReleaseFileH_
00409dc0+      __AccessNHeap_
00409dd0+      __ReleaseNHeap_
00409de0+      __AccessFHeap_
00409df0+      __ReleaseFHeap_
00409e00+      __AccessTDList_
00409e10+      __ReleaseTDList_
00409e20+      __AccessFList_
00409e30+      __AccessSemaphore_
00409e90+      __ReleaseFList_
00409ea0+      __ReleaseSemaphore_
00409ed0+      __MultipleThread_
00409f20       __AllocInitThreadData_
00409f70       __FreeInitThreadData_
00409f80       __NTThreadInit_
00409ff0       __NTAddThread_
0040a040       __NTRemoveThread_
0040a0d0       __InitMultipleThread_
00410598+      ___AccessSema4
0041059c+      ___ReleaseSema4
004105a0+      ___CloseSema4
Module: C:\Users\jc410\OneDrive\euphoria\watcom/lib386/nt\clib3r.lib(ddgrpwnt.c)
0040a380       __disallow_single_dgroup_
Module: C:\Users\jc410\OneDrive\euphoria\watcom/lib386/nt\clib3r.lib(cinit.c)
0040a450       __CommonInit_
Module: C:\Users\jc410\OneDrive\euphoria\watcom/lib386/nt\clib3r.lib(dosseg)
00001234       __DOSseg__
Module: C:\Users\jc410\OneDrive\euphoria\watcom/lib386/nt\clib3r.lib(noefgfmt.c)
004105a4       ___EFG_printf
004105a8       ___EFG_scanf
Module: C:\Users\jc410\OneDrive\euphoria\watcom/lib386\math387r.lib(efgfmt.c)
0040a4a2       _EFG_Format_
Module: C:\Users\jc410\OneDrive\euphoria\watcom/lib386\math387r.lib(cnvs2d.c)
0040a60c       __cnvs2d_
Module: C:\Users\jc410\OneDrive\euphoria\watcom/lib386/nt\clib3r.lib(8087cw.c)
004105ac       __8087cw
Module: C:\Users\jc410\OneDrive\euphoria\watcom/lib386/nt\clib3r.lib(save8087.c)
004105b0       ___Save8087
004105b4       ___Rest8087
Module: C:\Users\jc410\OneDrive\euphoria\watcom/lib386/nt\clib3r.lib(init8087)
0040a624       __x87id
Module: C:\Users\jc410\OneDrive\euphoria\watcom/lib386/nt\clib3r.lib(locmktim.c)
0040a660       __local_mktime_
Module: C:\Users\jc410\OneDrive\euphoria\watcom/lib386/nt\clib3r.lib(leapyear.c)
0040a7a0       __leapyear_
004100b0       ___diyr
004100ca       ___dilyr
Module: C:\Users\jc410\OneDrive\euphoria\watcom/lib386/nt\clib3r.lib(wcstombs.c)
0040a7e0       wcstombs_
Module: C:\Users\jc410\OneDrive\euphoria\watcom/lib386/nt\clib3r.lib(getenv.c)
0040a880       getenv_
Module: C:\Users\jc410\OneDrive\euphoria\watcom/lib386/nt\clib3r.lib(chipbug.c)
0040a910       __verify_pentium_fdiv_bug_
Module: C:\Users\jc410\OneDrive\euphoria\watcom/lib386\math387r.lib(math2err.c)
0040a9d2       __math1err_
0040a9dc       __math2err_
Module: C:\Users\jc410\OneDrive\euphoria\watcom/lib386/nt\clib3r.lib(chipa32.asm)
0040aae0       __fpatan_chk
Module: C:\Users\jc410\OneDrive\euphoria\watcom/lib386/nt\clib3r.lib(iomode.c)
0040acf0       __GetIOMode_
0040ad10       __SetIOMode_nogrow_
00410614       ___NFiles
00410618       ___init_mode
00410668       ___io_mode
Module: C:\Users\jc410\OneDrive\euphoria\watcom/lib386/nt\clib3r.lib(stiomode.c)
0040ad30       __grow_iomode_
0040ae00+      __shrink_iomode_
0040ae40       __SetIOMode_
Module: C:\Users\jc410\OneDrive\euphoria\watcom/lib386/nt\clib3r.lib(setenvp.c)
0040aeb0       __setenvp_
0040af70       __freeenvp_
Module: C:\Users\jc410\OneDrive\euphoria\watcom/lib386/nt\clib3r.lib(ustrlen.c)
0040afbd       wcslen_
Module: C:\Users\jc410\OneDrive\euphoria\watcom/lib386/nt\clib3r.lib(memcpy.c)
0040afd0       memcpy_
Module: C:\Users\jc410\OneDrive\euphoria\watcom/lib386/nt\clib3r.lib(conutwnt.c)
0040b000*      __NTRealKey_
0040b0b0*      __NTConsoleInput_
0040b0c0       __NTConsoleOutput_
Module: C:\Users\jc410\OneDrive\euphoria\watcom/lib386/nt\clib3r.lib(fclex387.c)
0040b0d0       _ClearFPE_
Module: C:\Users\jc410\OneDrive\euphoria\watcom/lib386/nt\clib3r.lib(signlwnt.c)
00410674+      __SignalTable
0040b0e0+      __SetSignalFunc_
0040b130+      __GetSignalFunc_
0040b160+      __GetSignalOSCode_
0040b190+      __CheckSignalExCode_
0040b2d0+      __sigabort_
0040b2e0       __sigfpe_handler_
0040b330*      signal_
0040b3c0+      raise_
0040b430+      __SigInit_
0040b480+      __SigFini_
0040b4c0+      __sig_init_
Module: C:\Users\jc410\OneDrive\euphoria\watcom/lib386/nt\clib3r.lib(_clsewnt.c)
0040b4e0       __close_
Module: C:\Users\jc410\OneDrive\euphoria\watcom/lib386/nt\clib3r.lib(dosret.c)
0040b540*      _dosretax_
0040b550*      _dosret0_
0040b560       __set_errno_dos_
0040b590*      __set_errno_dos_reterr_
0040b5a0       __set_errno_nt_
0040b5b0*      __set_errno_nt_reterr_
Module: C:\Users\jc410\OneDrive\euphoria\watcom/lib386/nt\clib3r.lib(isattwnt.c)
0040b5d0       isatty_
Module: C:\Users\jc410\OneDrive\euphoria\watcom/lib386/nt\clib3r.lib(lmn2wnt.c)
0040b5f0       _DllMain@12
Module: C:\Users\jc410\OneDrive\euphoria\watcom/lib386/nt\clib3r.lib(calloc.c)
0040b600       calloc_
Module: C:\Users\jc410\OneDrive\euphoria\watcom/lib386/nt\clib3r.lib(trdlist.c)
0040b670       __GetThreadData_
0040b6c0       __ReallocThreadData_
0040b7b0       __AddThreadData_
0040b830       __RemoveThreadData_
0040b890*      __ResizeThreadDataList_
0040b8c0       __FreeThreadDataList_
0040b8f0*      __ActiveThreads_
Module: C:\Users\jc410\OneDrive\euphoria\watcom/lib386/nt\clib3r.lib(mthrdini.c)
0040b910       __InitThreadData_
004107e8       ___ThreadDataSize
Module: C:\Users\jc410\OneDrive\euphoria\watcom/lib386/nt\clib3r.lib(trdalloc.c)
0040b940       __FiniThreadProcessing_
Module: C:\Users\jc410\OneDrive\euphoria\watcom/lib386/nt\clib3r.lib(rtcntrl.c)
0040b950*      _SetLD64bit_
0040b960*      _SetLD80bit_
0040b970       _LDisDouble_
Module: C:\Users\jc410\OneDrive\euphoria\watcom/lib386\math387r.lib(ldcvt.c)
0040ba5f       _LDScale10x_
0040c006       __LDcvt_
Module: C:\Users\jc410\OneDrive\euphoria\watcom/lib386\math387r.lib(strtod.c)
0040c967+      __Strtold_
0040cace       strtod_
Module: C:\Users\jc410\OneDrive\euphoria\watcom/lib386/nt\clib3r.lib(wctomb.c)
0040cc20       wctomb_
Module: C:\Users\jc410\OneDrive\euphoria\watcom/lib386/nt\clib3r.lib(mbterm.c)
0040cc60       _mbterm_
Module: C:\Users\jc410\OneDrive\euphoria\watcom/lib386/nt\clib3r.lib(mbsnextc.c)
0040cca0       _mbsnextc_
Module: C:\Users\jc410\OneDrive\euphoria\watcom/lib386/nt\clib3r.lib(mbcupper.c)
0040cce0       _mbctoupper_
Module: C:\Users\jc410\OneDrive\euphoria\watcom/lib386/nt\clib3r.lib(mbsinc.c)
0040cd10       _mbsinc_
Module: C:\Users\jc410\OneDrive\euphoria\watcom/lib386/nt\clib3r.lib(hugeval.c)
0040cd40       __HugeValue
Module: C:\Users\jc410\OneDrive\euphoria\watcom/lib386\math387r.lib(_matherr.c)
0040cdee*      _set_matherr_
0040cdf4+      __rterrmsg_
0040ce3c       _matherr_
00410898+      ___matherr_handler
Module: C:\Users\jc410\OneDrive\euphoria\watcom/lib386/nt\clib3r.lib(memset.c)
0040ce70       memset_
Module: C:\Users\jc410\OneDrive\euphoria\watcom/lib386/nt\clib3r.lib(iomodtty.c)
0040ce90       __ChkTTYIOMode_
0040ced0*      __IOMode_
Module: C:\Users\jc410\OneDrive\euphoria\watcom/lib386/nt\clib3r.lib(dofilstr.c)
0040cf10       __ParsePosixHandleStr_
Module: C:\Users\jc410\OneDrive\euphoria\watcom/lib386/nt\clib3r.lib(clearenv.c)
0040d030       clearenv_
Module: C:\Users\jc410\OneDrive\euphoria\watcom/lib386/nt\clib3r.lib(abort.c)
0040d0d5*      abort_
0040d0e7       __terminate_
0041089c       ___abort
Module: C:\Users\jc410\OneDrive\euphoria\watcom/lib386/nt\clib3r.lib(register.c)
0040d110       __initthread_
0040d120*      _beginthread_
0040d130       _endthread_
0040d140*      __RegisterThreadData_
Module: C:\Users\jc410\OneDrive\euphoria\watcom/lib386\math387r.lib(ldclass.c)
0040d184       __LDClass_
0040d1d4*      _FLClass_
Module: C:\Users\jc410\OneDrive\euphoria\watcom/lib386/nt\clib3r.lib(tolower.c)
0040d1f0       tolower_
Module: C:\Users\jc410\OneDrive\euphoria\watcom/lib386\math387r.lib(bufld386)
0040d200       __ZBuf2LD
Module: C:\Users\jc410\OneDrive\euphoria\watcom/lib386\math387r.lib(inf_nan.c)
0040d2a3*      ___f_infinity
0040d2a7*      ___f_posqnan
0040d2ab       ___d_infinity
0040d2b3       ___d_posqnan
0040d2bb*      ___ld_infinity
0040d2c3*      ___ld_posqnan
Module: C:\Users\jc410\OneDrive\euphoria\watcom/lib386/nt\clib3r.lib(mbinit.c)
0040d305       __mbinit_
004108ac       ___MBCodePage
Module: C:\Users\jc410\OneDrive\euphoria\watcom/lib386/nt\clib3r.lib(mbisdbcs.c)
004125dc       ___IsDBCS
Module: C:\Users\jc410\OneDrive\euphoria\watcom/lib386/nt\clib3r.lib(mbislead.c)
0040d400*      _ismbblead_
004125e0       ___MBCSIsTable
Module: C:\Users\jc410\OneDrive\euphoria\watcom/lib386/nt\clib3r.lib(mbconv.c)
0040d420       _mbvtop_
Module: C:\Users\jc410\OneDrive\euphoria\watcom/lib386\math387r.lib(__mtherr)
0040d43c       __matherr
Module: C:\Users\jc410\OneDrive\euphoria\watcom/lib386/nt\clib3r.lib(iobaddr.c)
0040d450       __get_std_stream_
0040d450*      __get_std_file_
Module: C:\Users\jc410\OneDrive\euphoria\watcom/lib386/nt\clib3r.lib(__stos)
0040d470       __STOSB
0040d4a7*      __STOSD
Module: C:\Users\jc410\OneDrive\euphoria\watcom/lib386/nt\clib3r.lib(strncpy.c)
0040d520       strncpy_
Module: C:\Users\jc410\OneDrive\euphoria\watcom/lib386/nt\clib3r.lib(strtol.c)
0040d780*      strtoul_
0040d790       strtol_
Module: C:\Users\jc410\OneDrive\euphoria\watcom/lib386/nt\clib3r.lib(putenv.c)
0040d7a0       putenv_
0040da30       __putenv_
Module: C:\Users\jc410\OneDrive\euphoria\watcom/lib386/nt\clib3r.lib(thredwnt.c)
0040dc50       __CBeginThread_
0040dcf0       __CEndThread_
Module: C:\Users\jc410\OneDrive\euphoria\watcom/lib386\math387r.lib(matherr.c)
0040dd26       matherr_
Module: C:\Users\jc410\OneDrive\euphoria\watcom/lib386/nt\clib3r.lib(mbschr.c)
0040dd30       _mbschr_
Module: C:\Users\jc410\OneDrive\euphoria\watcom/lib386/nt\clib3r.lib(mbslen.c)
0040dd90       _mbslen_
Module: C:\Users\jc410\OneDrive\euphoria\watcom/lib386/nt\clib3r.lib(mbstowcs.c)
0040ddc0       mbstowcs_
Module: C:\Users\jc410\OneDrive\euphoria\watcom/lib386/nt\clib3r.lib(uputenv.c)
0040de40*      _wputenv_
0040e060       __wputenv_
Module: C:\Users\jc410\OneDrive\euphoria\watcom/lib386/nt\clib3r.lib(toupper.c)
0040e160       toupper_
Module: C:\Users\jc410\OneDrive\euphoria\watcom/lib386/nt\clib3r.lib(memmove.c)
0040e170       memmove_
Module: C:\Users\jc410\OneDrive\euphoria\watcom/lib386/nt\clib3r.lib(mbclen.c)
0040e1d0       _mbclen_
Module: C:\Users\jc410\OneDrive\euphoria\watcom/lib386/nt\clib3r.lib(mbccmp.c)
0040e200       _mbccmp_
Module: C:\Users\jc410\OneDrive\euphoria\watcom/lib386/nt\clib3r.lib(mbtowc.c)
0040e240       mbtowc_
Module: C:\Users\jc410\OneDrive\euphoria\watcom/lib386/nt\clib3r.lib(ustrchr.c)
0040e2d0       wcschr_
Module: C:\Users\jc410\OneDrive\euphoria\watcom/lib386/nt\clib3r.lib(setenvar.c)
0040e2f0       __lib_SetEnvironmentVariableW_
Module: C:\Users\jc410\OneDrive\euphoria\watcom/lib386/nt\clib3r.lib(crtwenv.c)
0040e3e0       __create_wide_environment_
Module: C:\Users\jc410\OneDrive\euphoria\watcom/lib386/nt\clib3r.lib(utoupper.c)
0040e448       towupper_


                        +----------------------+
                        |   Imported Symbols   |
                        +----------------------+

Symbol                              Module
======                              ======

_GetTickCount@0                     KERNEL32.DLL
_GetStdHandle@4                     KERNEL32.DLL
_WriteFile@20                       KERNEL32.DLL
_GetEnvironmentStringsA@0           KERNEL32.DLL
_GetVersion@0                       KERNEL32.DLL
_GetModuleFileNameA@12              KERNEL32.DLL
_GetCommandLineA@0                  KERNEL32.DLL
_GetCommandLineW@0                  KERNEL32.DLL
_FreeEnvironmentStringsA@4          KERNEL32.DLL
_GetModuleHandleA@4                 KERNEL32.DLL
_ExitProcess@4                      KERNEL32.DLL
_VirtualAlloc@16                    KERNEL32.DLL
_GetLocalTime@4                     KERNEL32.DLL
_GetTimeZoneInformation@4           KERNEL32.DLL
_SetStdHandle@8                     KERNEL32.DLL
_CreateEventA@16                    KERNEL32.DLL
_CloseHandle@4                      KERNEL32.DLL
_GetModuleFileNameW@12              KERNEL32.DLL
_MultiByteToWideChar@24             KERNEL32.DLL
_LoadLibraryA@4                     KERNEL32.DLL
_GetProcAddress@8                   KERNEL32.DLL
_SetUnhandledExceptionFilter@4      KERNEL32.DLL
_UnhandledExceptionFilter@4         KERNEL32.DLL
_VirtualQuery@12                    KERNEL32.DLL
_VirtualFree@12                     KERNEL32.DLL
_SetFilePointer@16                  KERNEL32.DLL
_FlushFileBuffers@4                 KERNEL32.DLL
_GetLastError@0                     KERNEL32.DLL
_InitializeCriticalSection@4        KERNEL32.DLL
_DeleteCriticalSection@4            KERNEL32.DLL
_LeaveCriticalSection@4             KERNEL32.DLL
_GetCurrentThreadId@0               KERNEL32.DLL
_EnterCriticalSection@4             KERNEL32.DLL
_TlsGetValue@4                      KERNEL32.DLL
_SetLastError@4                     KERNEL32.DLL
_TlsAlloc@0                         KERNEL32.DLL
_TlsFree@4                          KERNEL32.DLL
_TlsSetValue@8                      KERNEL32.DLL
_MessageBoxA@16                     USER32.DLL
_CreateFileA@28                     KERNEL32.DLL
_SetConsoleCtrlHandler@8            KERNEL32.DLL
_GetFileType@4                      KERNEL32.DLL
_WideCharToMultiByte@32             KERNEL32.DLL
_CharUpperA@4                       USER32.DLL
_GetACP@0                           KERNEL32.DLL
_GetOEMCP@0                         KERNEL32.DLL
_GetCPInfo@8                        KERNEL32.DLL
_SetEnvironmentVariableA@8          KERNEL32.DLL
_CreateThread@24                    KERNEL32.DLL
_ResumeThread@4                     KERNEL32.DLL
_ExitThread@4                       KERNEL32.DLL
_SetEnvironmentVariableW@8          KERNEL32.DLL


                        +--------------------+
                        |   Libraries Used   |
                        +--------------------+

C:\Users\jc410\OneDrive\euphoria\watcom/lib386/nt\kernel32.lib
C:\Users\jc410\OneDrive\euphoria\watcom/lib386/nt\user32.lib
C:\Users\jc410\OneDrive\euphoria\watcom/lib386/nt\clib3r.lib
C:\Users\jc410\OneDrive\euphoria\watcom/lib386\math387r.lib
C:\Users\jc410\OneDrive\euphoria\watcom/lib386/nt\emu387.lib


                        +-----------------------+
                        |   Linker Statistics   |
                        +-----------------------+

Stack size:  0000 (0.)
Memory size:  000107b0 (67504.)
Entry point address: 00405464
Link time: 00:00.94
