Open Watcom Linker Version 1.9
Portions Copyright (c) 1985-2002 Sybase, Inc. All Rights Reserved.
Created on:       22/04/02 18:25:05
Executable Image: testdll.exe
creating a Windows NT character-mode executable


                        +------------+
                        |   Groups   |
                        +------------+

Group                           Address              Size
=====                           =======              ====

.idata                          00418000             000008ea
DGROUP                          00419000             000148a0



                        +--------------+
                        |   Segments   |
                        +--------------+

Segment                Class          Group          Address         Size
=======                =====          =====          =======         ====

BEGTEXT                CODE           AUTO           00401000        00000007
_TEXT                  CODE           AUTO           00401010        00016695
TRANSFER CODE          CODE           AUTO           004176a8        0000022e
.idata                 .idata         .idata         00418000        000008ea
_NULL                  BEGDATA        DGROUP         00419000        00000004
_AFTERNULL             BEGDATA        DGROUP         00419004        00000000
CONST                  DATA           DGROUP         00419004        000005f4
CONST2                 DATA           DGROUP         00419600        0000143c
_DATA                  DATA           DGROUP         0041aa40        00001848
XIB                    DATA           DGROUP         0041c288        00000000
XI                     DATA           DGROUP         0041c288        00000048
XIE                    DATA           DGROUP         0041c2d0        00000000
YIB                    DATA           DGROUP         0041c2d0        00000000
YI                     DATA           DGROUP         0041c2d0        00000024
YIE                    DATA           DGROUP         0041c2f4        00000000
TIB                    DATA           DGROUP         0041c2f4        00000000
TI                     DATA           DGROUP         0041c2f4        00000000
TIE                    DATA           DGROUP         0041c2f4        00000000
DATA                   DATA           DGROUP         0041c2f4        00000000
_BSS                   BSS            DGROUP         0041d000        00000898
STACK                  STACK          DGROUP         0041d8a0        00010000


                        +----------------+
                        |   Memory Map   |
                        +----------------+

* = unreferenced symbol
+ = symbol only referenced locally

Address        Symbol
=======        ======

Module: test.obj(C:\Users\jc410\Documents\CPPEuObject\test.cpp)
0040bf4d+      near eu::base_class::~base_class()
0040bfb1+      near eu::Integer::Integer()
0040c008+      near eu::Integer::~Integer()
0040c10c+      near eu::Integer::Integer( eu::Integer const near & )
0040c181+      near eu::Atom::Atom()
0040c1d8+      near eu::Atom::~Atom()
0040c2dc+      near eu::Atom::Atom( eu::Atom const near & )
00401010+      long near eu::is_seq_string( long, long, long )
004010b2+      long near eu::RefRet( long )
004010e8*      int near eu::Version()
00401113*      void near eu::Abort( long )
00401140+      void near eu::print( long, int, int, char const near *, int )
004013b7+      void near eu::println( long, int, int, char const near *, int )
00401403+      long near eu::seq( long, ... )
0040150c*      eu::Atom near eu::A_not_bits( eu::Atom )
0040c351+      near eu::Sequence::Sequence()
0040c3a8+      near eu::Sequence::~Sequence()
0040c4ac+      near eu::Sequence::Sequence( eu::Sequence const near & )
00401a88*      eu::Atom near eu::A_and_bits( eu::Atom, eu::Atom )
004020f0*      eu::Atom near eu::A_or_bits( eu::Atom, eu::Atom )
00402758*      eu::Atom near eu::A_xor_bits( eu::Atom, eu::Atom )
00402dc0*      void near eu::S_concatN( eu::Sequence, eu::Sequence )
00402e04*      long near eu::E_compare( long, long )
00402e3b*      long near eu::E_find( long, eu::Sequence )
00402e74*      long near eu::E_match( eu::Sequence, eu::Sequence )
00402eaf*      long near eu::E_find_from( long, eu::Sequence, long )
00402eec*      long near eu::E_match_from( eu::Sequence, eu::Sequence, long )
00402f2b+      long near eu::Sequence::E_at( long )
00402ff9*      eu::Sequence near eu::S_repeat( long, long )
00403295*      void near eu::Sequence::prepend( long )
004032dd*      void near eu::Sequence::append( long )
00403325*      void near eu::S_prepend( eu::Sequence, eu::Sequence, long )
0040336e*      void near eu::S_append( eu::Sequence, eu::Sequence, long )
0040c521+      near eu::Dbl::Dbl()
0040c578+      near eu::Dbl::~Dbl()
0040c67c+      near eu::Dbl::Dbl( eu::Dbl const near & )
004033b7*      void near eu::S_concat( eu::Sequence, long, long )
00403496*      eu::Dbl near eu::A_remainder( eu::Dbl, eu::Dbl )
00403afe*      eu::Dbl near eu::A_power( eu::Dbl, eu::Dbl )
00404166*      eu::Dbl near eu::A_sqrt( eu::Dbl )
004046e2*      eu::Dbl near eu::A_sin( eu::Dbl )
00404c5e*      eu::Dbl near eu::A_cos( eu::Dbl )
004051da*      eu::Dbl near eu::A_tan( eu::Dbl )
00405756*      eu::Dbl near eu::A_arctan( eu::Dbl )
00405cd2*      eu::Dbl near eu::A_log( eu::Dbl )
0040624e*      eu::Dbl near eu::A_floor( eu::Dbl )
004067ca*      eu::Integer near eu::IntegerRandom32( eu::Integer )
0040686f*      eu::Atom near eu::AtomRandom32( eu::Atom )
004069d9*      eu::Sequence near eu::GetRand32()
00406a62*      void near eu::SetRand32( long )
00406a92       main_
Module: C:\Users\jc410\OneDrive\euphoria\watcom/lib386/nt\clib3r.lib(stk)
0040c6f5       __CHK
0040c705*      __STK
0040c724*      __STKOVERFLOW_
0040c734       __GRO
0040c754*      __alloca_probe
Module: C:\Users\jc410\OneDrive\euphoria\watcom/lib386\math387r.lib(fchop87)
0040c768       __CHP
Module: C:\Users\jc410\OneDrive\euphoria\watcom/lib386/nt\clib3r.lib(printf.c)
0040c780       printf_
Module: C:\Users\jc410\OneDrive\euphoria\watcom/lib386/nt\clib3r.lib(nmalloc.c)
0040c7b0       _nmalloc_
0040c7b0       malloc_
0041aa98       ___nheapbeg
0041aa9c       ___MiniHeapRover
0041aaa0       ___LargestSizeB4MiniHeapRover
Module: C:\Users\jc410\OneDrive\euphoria\watcom/lib386/nt\clib3r.lib(nfree.c)
0040c8b0       _nfree_
0040c8b0       free_
0041d000       ___MiniHeapFreeRover
Module: C:\Users\jc410\OneDrive\euphoria\watcom/lib386/nt\plbx3r.lib(FSHAND)
0040c9b8       ___wcpp_4_fs_handler_
Module: C:\Users\jc410\OneDrive\euphoria\watcom/lib386/nt\plbx3r.lib(stabdtor.cpp)
0040cc70       __wcpp_4_destruct_internal__
0040cc90       __wcpp_4_destruct_all__
0040cc94*      __wcpp_4_destruct__
Module: C:\Users\jc410\OneDrive\euphoria\watcom/lib386/nt\plbx3r.lib(manendl.cpp)
0040ccc0       std::ostream near & near std::endl( std::ostream near & )
Module: C:\Users\jc410\OneDrive\euphoria\watcom/lib386/nt\plbx3r.lib(ioicout.cpp)
0041d048       std::ostream near std::cout
0040cd34+      near cout_initfini::cout_initfini()
0040cd3c+      near cout_initfini::~cout_initfini()
Module: C:\Users\jc410\OneDrive\euphoria\watcom/lib386/nt\plbx3r.lib(ostincch.cpp)
0040cd70       std::ostream near & near std::ostream::operator <<( char const near * )
Module: C:\Users\jc410\OneDrive\euphoria\watcom/lib386/nt\plbx3r.lib(ostinomn.cpp)
0040cdf0       std::ostream near & near std::ostream::operator <<( std::ostream near & (near *)())
Module: C:\Users\jc410\OneDrive\euphoria\watcom/lib386/nt\plbx3r.lib(ostinulo.cpp)
0040ce00       std::ostream near & near std::ostream::operator <<( long unsigned )
Module: C:\Users\jc410\OneDrive\euphoria\watcom/lib386/nt\clib3r.lib(iob.c)
0041ab10       ___iob
0041ad18*      __fmode
0041d084       ___OpenStreams
0041d088       ___ClosedStreams
Module: C:\Users\jc410\OneDrive\euphoria\watcom/lib386/nt\clib3r.lib(puts.c)
0040cf30       puts_
Module: C:\Users\jc410\OneDrive\euphoria\watcom/lib386/nt\plbx3r.lib(ioicin.cpp)
0041d0c8       std::istream near std::cin
0040cfa8*      near cin_initfini::cin_initfini()
Module: C:\Users\jc410\OneDrive\euphoria\watcom/lib386/nt\plbx3r.lib(istexcha.cpp)
0040cfd0       std::istream near & near std::istream::operator >>( char near & )
Module: C:\Users\jc410\OneDrive\euphoria\watcom/lib386/nt\clib3r.lib(cstrtwnt)
0040d05e       _cstart_
0040d05e*      mainCRTStartup
Module: C:\Users\jc410\OneDrive\euphoria\watcom/lib386/nt\clib3r.lib(fltused.c)
0041ad50       _fltused_
Module: C:\Users\jc410\OneDrive\euphoria\watcom/lib386/nt\plbx3r.lib(iofefg.cpp)
0041c2a6       __ppfltused_
Module: C:\Users\jc410\OneDrive\euphoria\watcom/lib386/nt\emu387.lib(386)
0040d0f4       __init_387_emulator
0040d0f5*      __fini_387_emulator
Module: C:\Users\jc410\OneDrive\euphoria\watcom/lib386/nt\clib3r.lib(_8087)
0041ad54       __8087
0041ad55       __real87
Module: C:\Users\jc410\OneDrive\euphoria\watcom/lib386/nt\plbx3r.lib(fsroot.cpp)
0041c2b8       ___wcpp_4_data_init_fs_root_
Module: C:\Users\jc410\OneDrive\euphoria\watcom/lib386/nt\plbx3r.lib(cppdata.cpp)
0041d108       __wint_thread_data
0041d12c       __compiled_under_NT
Module: C:\Users\jc410\OneDrive\euphoria\watcom/lib386/nt\clib3r.lib(xmsgwnt.c)
0040d110       __exit_with_msg_
0040d170       __fatal_runtime_error_
Module: C:\Users\jc410\OneDrive\euphoria\watcom/lib386/nt\clib3r.lib(mainwnt.c)
0041ad58*      ___TlsIndex
0041ad5c+      ___FirstThreadData
0041ad60       ___GetThreadPtr
0041ad64       __AccessFileH
0041ad68       __ReleaseFileH
0041ad6c       __AccessIOB
0041ad70       __ReleaseIOB
0041ad74       __AccessNHeap
0041ad78*      __AccessFHeap
0041ad7c       __ReleaseNHeap
0040d1a0*      __threadid_
0040d1c0+      __sig_null_rtn_
0040d1d0+      __NTInit_
0040d3b0+      __NTFini_
0040d410       __NTMainInit_
0040d470       __exit_
0041ad80*      __ReleaseFHeap
0041ad84*      __AccessTDList
0041ad88*      __ReleaseTDList
0041ad8c       __AccessFList
0041ad90       __ReleaseFList
0041ad94+      __ThreadExitRtn
0041ad98       ___sig_init_rtn
0041ad9c       ___sig_fini_rtn
0041ada0       ___process_fini
0041d138       ___Is_DLL
Module: C:\Users\jc410\OneDrive\euphoria\watcom/lib386/nt\clib3r.lib(fprtf.c)
0040d4e0       __fprtf_
Module: C:\Users\jc410\OneDrive\euphoria\watcom/lib386/nt\clib3r.lib(nmemneed.c)
0040d5a0       __nmemneed_
Module: C:\Users\jc410\OneDrive\euphoria\watcom/lib386/nt\clib3r.lib(mem.c)
0040d5b0       __MemAllocator
0040d660       __MemFree
Module: C:\Users\jc410\OneDrive\euphoria\watcom/lib386/nt\clib3r.lib(grownear.c)
0040d900       __ExpandDGROUP_
Module: C:\Users\jc410\OneDrive\euphoria\watcom/lib386/nt\plbx3r.lib(fsregist.cpp)
0040d920+      char unsigned near * near findHandler( char unsigned near * )
0040d938+      __wcpp_4_dispatch_dummy__
0040d95c       __wcpp_4_fs_lookup__
0040da2c       ___wcpp_4_fs_handler_rtn_
Module: C:\Users\jc410\OneDrive\euphoria\watcom/lib386/nt\plbx3r.lib(stabtrav.cpp)
0040db00       __wcpp_4_stab_entry__
0040db18*      __wcpp_4_stab_trav_comp__
0040dbfc       __wcpp_4_stab_trav_init__
0040dc20       __wcpp_4_stab_trav_next__
0040dc78       __wcpp_4_stab_trav_move__
Module: C:\Users\jc410\OneDrive\euphoria\watcom/lib386/nt\plbx3r.lib(callterm.cpp)
0040dc90       __wcpp_4_corrupted_stack__
0040dca4       __wcpp_4_call_terminate__
Module: C:\Users\jc410\OneDrive\euphoria\watcom/lib386/nt\plbx3r.lib(allocexc.cpp)
0040dcf4       __wcpp_4_alloc_exc__
0040df48       __wcpp_4_free_exc__
0040df80       __wcpp_4_find_active__
0040df9c       __wcpp_4_dtor_free_exc__
Module: C:\Users\jc410\OneDrive\euphoria\watcom/lib386/nt\plbx3r.lib(stabadt.cpp)
0040e060+      void near * near dtor_the_array( _RTARCTOR near * )
0040e0a4+      near _RTARCTOR::~_RTARCTOR()
0040e0bc       __wcpp_4_dtor_array__
Module: C:\Users\jc410\OneDrive\euphoria\watcom/lib386/nt\plbx3r.lib(pgmthrd.cpp)
0040e130       __wcpp_4_pgm_thread__
Module: C:\Users\jc410\OneDrive\euphoria\watcom/lib386/nt\plbx3r.lib(ostput.cpp)
0040e160       std::ostream near & near std::ostream::put( char )
Module: C:\Users\jc410\OneDrive\euphoria\watcom/lib386/nt\plbx3r.lib(ostflush.cpp)
0040e200       std::ostream near & near std::ostream::flush()
Module: C:\Users\jc410\OneDrive\euphoria\watcom/lib386/nt\plbx3r.lib(undefed.cpp)
0040e240       __wcpp_4_undefed_cdtor__
Module: C:\Users\jc410\OneDrive\euphoria\watcom/lib386/nt\clib3r.lib(iobaddr.c)
0040e260       __get_std_stream_
0040e260*      __get_std_file_
Module: C:\Users\jc410\OneDrive\euphoria\watcom/lib386/nt\plbx3r.lib(sdfconfp.cpp)
0040e280       near stdiobuf::stdiobuf( __iobuf near * )
Module: C:\Users\jc410\OneDrive\euphoria\watcom/lib386/nt\plbx3r.lib(stablcl.cpp)
0040e290       __wcpp_4_lcl_register__
Module: C:\Users\jc410\OneDrive\euphoria\watcom/lib386/nt\plbx3r.lib(ostconsf.cpp)
0040e2a0       near std::ostream::ostream( std::streambuf near * )
Module: C:\Users\jc410\OneDrive\euphoria\watcom/lib386/nt\plbx3r.lib(ostdestr.cpp)
0040e360       near std::ostream::~ostream()
Module: C:\Users\jc410\OneDrive\euphoria\watcom/lib386/nt\plbx3r.lib(sdfdestr.cpp)
0040e430       near stdiobuf::~stdiobuf()
Module: C:\Users\jc410\OneDrive\euphoria\watcom/lib386/nt\plbx3r.lib(moddtorr.cpp)
0041c2dc       ___wcpp_4_data_module_dtor_ref_
Module: C:\Users\jc410\OneDrive\euphoria\watcom/lib386/nt\plbx3r.lib(ostopfx.cpp)
0040e510       int near std::ostream::do_opfx()
Module: C:\Users\jc410\OneDrive\euphoria\watcom/lib386/nt\plbx3r.lib(iouwrtit.cpp)
0040e580       int near __WATCOM_ios::writeitem( std::ostream near &, char const near *, int, int )
Module: C:\Users\jc410\OneDrive\euphoria\watcom/lib386/nt\plbx3r.lib(iossetst.cpp)
0040e900+      near std::ios::failure::failure( std::ios::failure const near & )
0040e910+      near std::ios::failure::~failure()
0040e920+      near __WATCOM_exception::__WATCOM_exception( __WATCOM_exception const near & )
0040e930+      near __WATCOM_exception::~__WATCOM_exception()
0040e8d0       void near std::ios::setstate( int )
Module: C:\Users\jc410\OneDrive\euphoria\watcom/lib386/nt\plbx3r.lib(ioufgtba.cpp)
0040e940       int near __FlagsToBase( long )
Module: C:\Users\jc410\OneDrive\euphoria\watcom/lib386/nt\plbx3r.lib(ostadpre.cpp)
0040e970       void near __AddPrefix( char, char near *, int near &, int, long )
Module: C:\Users\jc410\OneDrive\euphoria\watcom/lib386/nt\clib3r.lib(ltoa.c)
0040e9d0       ultoa_
0040ea20*      ltoa_
Module: C:\Users\jc410\OneDrive\euphoria\watcom/lib386/nt\clib3r.lib(strupr.c)
0040ea50       strupr_
Module: C:\Users\jc410\OneDrive\euphoria\watcom/lib386/nt\clib3r.lib(initfile.c)
0040eaa0       __InitFiles_
Module: C:\Users\jc410\OneDrive\euphoria\watcom/lib386/nt\clib3r.lib(ioexit.c)
0040eba0*      fcloseall_
0040ebb0       __full_io_exit_
Module: C:\Users\jc410\OneDrive\euphoria\watcom/lib386/nt\clib3r.lib(fputs.c)
0040ebc0       fputs_
Module: C:\Users\jc410\OneDrive\euphoria\watcom/lib386/nt\clib3r.lib(fputc.c)
0040ec60       fputc_
Module: C:\Users\jc410\OneDrive\euphoria\watcom/lib386/nt\plbx3r.lib(istconsf.cpp)
0040ed40       near std::istream::istream( std::streambuf near * )
Module: C:\Users\jc410\OneDrive\euphoria\watcom/lib386/nt\plbx3r.lib(istdestr.cpp)
0040ee00       near std::istream::~istream()
Module: C:\Users\jc410\OneDrive\euphoria\watcom/lib386/nt\plbx3r.lib(pure_err.cpp)
0040eed0       __wcpp_4_pure_error__
Module: C:\Users\jc410\OneDrive\euphoria\watcom/lib386/nt\plbx3r.lib(istdipfx.cpp)
0040ef00       int near std::istream::do_ipfx( int )
Module: C:\Users\jc410\OneDrive\euphoria\watcom/lib386/nt\plbx3r.lib(istdrshf.cpp)
0040ef90       std::istream near & near std::istream::do_rshift( char near & )
Module: C:\Users\jc410\OneDrive\euphoria\watcom/lib386/nt\clib3r.lib(main2wnt.c)
0040f000       __NTMain
Module: C:\Users\jc410\OneDrive\euphoria\watcom/lib386/nt\clib3r.lib(segdefns)
00401003       ___begtext
00419000*      __nullarea
0041c288       __Start_XI
0041c2d0       __End_XI
0041c2d0       __Start_YI
0041c2f4       __End_YI
Module: C:\Users\jc410\OneDrive\euphoria\watcom/lib386/nt\clib3r.lib(setefg.c)
0040f060       __setEFGfmt_
Module: C:\Users\jc410\OneDrive\euphoria\watcom/lib386/nt\plbx3r.lib(iofnoefg.cpp)
0041ae28       void (near * near __EFG_cnvs2d)( char near *, double near * )
0041ae2c       int (near * near __EFG_cnvd2f)( double near *, float near * )
0041ae30       void (near * near __EFG_LDcvt)( __6ks9tmlong_double near *, cvt_info near *, char near * )
0041ae34       char near * (near * near __EFG_fcvt)( double, int, int near *, int near * )
0041ae38       void (near * near __EFG__FDLD)( double near *, __6ks9tmlong_double near * )
Module: C:\Users\jc410\OneDrive\euphoria\watcom/lib386\math387r.lib(cnvs2d.c)
0040f092       __cnvs2d_
Module: C:\Users\jc410\OneDrive\euphoria\watcom/lib386\math387r.lib(cnvd2f.c)
0040f0a0       __cnvd2f_
Module: C:\Users\jc410\OneDrive\euphoria\watcom/lib386\math387r.lib(ldcvt.c)
0040f1f2       _LDScale10x_
0040f799       __LDcvt_
Module: C:\Users\jc410\OneDrive\euphoria\watcom/lib386\math387r.lib(_i_fcvt_.asm)
0040fbe8       _fcvt_
Module: C:\Users\jc410\OneDrive\euphoria\watcom/lib386\math387r.lib(cnvd2ld.c)
0040fbed       __cnvd2ld_
Module: C:\Users\jc410\OneDrive\euphoria\watcom/lib386/nt\clib3r.lib(chk8087.c)
0040fc20*      _fpreset_
0040fc60       __chk8087_
0040fc70*      __init_8087_
Module: C:\Users\jc410\OneDrive\euphoria\watcom/lib386/nt\clib3r.lib(crwdata)
0041af28       __osmajor
0041af29       __osminor
0041af2a       __osbuild
0041af2c       __osver
0041af30       __winmajor
0041af34       __winminor
0041af38       __winver
0041aef4       __LpDllName
0041aef8       __LpwCmdLine
0041aefc       __LpwPgmName
0041af00       __LpwDllName
0041aeec       __LpCmdLine
0041aef0       __LpPgmName
0041aee4*      __dynend
0041aee8       __curbrk
0041af04*      __STACKLOW
0041af08       __STACKTOP
0041af0c       __ASTACKSIZ
0041af10       __ASTACKPTR
0041af14       __cbyte
0041af18*      __cbyte2
0041af1c*      __child
0041af22       __Envptr
0041af26*      __Envseg
0041af20       __no87
0041af3c       ___FPE_handler
Module: C:\Users\jc410\OneDrive\euphoria\watcom/lib386/nt\clib3r.lib(enterdb.c)
0040fc90       __EnterWVIDEO_
0041af40+      ___WD_Present
Module: C:\Users\jc410\OneDrive\euphoria\watcom/lib386/nt\clib3r.lib(hdlman.c)
0041af44+      ___NHandles
0041af48+      ___OSHandles
0041af4c+      ___FakeHandles
0040fcc0+      __growPOSIXHandles_
0040fd60+      __allocPOSIXHandle_
0040fe20       __freePOSIXHandle_
0040fe40       __getOSHandle_
0040fe50       __setOSHandle_
0040fea0+      __NTGetFakeHandle_
0040ff10       __initPOSIXHandles_
0040fff0*      __set_handles_
00410000*      _grow_handles_
Module: C:\Users\jc410\OneDrive\euphoria\watcom/lib386/nt\clib3r.lib(environ.c)
0041d754       ___env_mask
0041d758       _environ
0041d75c       __wenviron
Module: C:\Users\jc410\OneDrive\euphoria\watcom/lib386/nt\clib3r.lib(getmodfn.c)
00410040       __lib_GetModuleFileNameW_
Module: C:\Users\jc410\OneDrive\euphoria\watcom/lib386/nt\clib3r.lib(strdup.c)
004100e0       __clib_strdup_
Module: C:\Users\jc410\OneDrive\euphoria\watcom/lib386/nt\clib3r.lib(istable.c)
00410120       __IsTable
Module: C:\Users\jc410\OneDrive\euphoria\watcom/lib386/nt\clib3r.lib(ustrdup.c)
00410221       __clib_wcsdup_
Module: C:\Users\jc410\OneDrive\euphoria\watcom/lib386/nt\clib3r.lib(excptwnt.c)
004108b0+      ___ReportException@4
00410d00       __DefaultExceptionHandler_
00410d40+      ___ExceptionFilter
00410f50       __NewExceptionFilter_
00410f80       __DoneExceptionFilter_
0041af58       ___oscode_check_func
0041af5c       ___raise_func
0041d760*      _sw
0041d764+      ___ExceptionHandled
0041d765+      ___ReportInvoked
Module: C:\Users\jc410\OneDrive\euphoria\watcom/lib386/nt\clib3r.lib(stklmwnt.c)
00410fc0       __init_stack_limits_
Module: C:\Users\jc410\OneDrive\euphoria\watcom/lib386/nt\clib3r.lib(initrtns.c)
00411040       __InitRtns
00411090       __FiniRtns
Module: C:\Users\jc410\OneDrive\euphoria\watcom/lib386/nt\clib3r.lib(ioalloc.c)
004110f0       __ioalloc_
Module: C:\Users\jc410\OneDrive\euphoria\watcom/lib386/nt\clib3r.lib(prtf.c)
00411190       __prtf_
Module: C:\Users\jc410\OneDrive\euphoria\watcom/lib386/nt\clib3r.lib(flush.c)
00411e60       __flush_
Module: C:\Users\jc410\OneDrive\euphoria\watcom/lib386/nt\clib3r.lib(amblksiz.c)
0041af74       __amblksiz
Module: C:\Users\jc410\OneDrive\euphoria\watcom/lib386/nt\clib3r.lib(heapen.c)
00411f60*      _heapenable_
0041af78       ___heap_enabled
Module: C:\Users\jc410\OneDrive\euphoria\watcom/lib386/nt\clib3r.lib(nheapmin.c)
00411f90       _nheapshrink_
00411f90*      _nheapmin_
00411f90*      _heapmin_
00411f90*      _heapshrink_
Module: C:\Users\jc410\OneDrive\euphoria\watcom/lib386/nt\plbx3r.lib(stabdisp.cpp)
0041227c       __wcpp_4_dispatchable__
Module: C:\Users\jc410\OneDrive\euphoria\watcom/lib386/nt\plbx3r.lib(bittest.cpp)
004122d0       __wcpp_4_bit_test__
004122f0       __wcpp_4_bit_off__
Module: C:\Users\jc410\OneDrive\euphoria\watcom/lib386/nt\plbx3r.lib(termnate.cpp)
00412310       void near std::terminate()
Module: C:\Users\jc410\OneDrive\euphoria\watcom/lib386/nt\plbx3r.lib(fatalerr.cpp)
00412350       __wcpp_4_fatal_runtime_error__
Module: C:\Users\jc410\OneDrive\euphoria\watcom/lib386/nt\plbx3r.lib(exc_pr.cpp)
00412380       near _EXC_PR::_EXC_PR( _RTCTL near *, RW_DTREG near *, EXCSTATE )
004123ac       near _EXC_PR::~_EXC_PR()
004123bc       near _EXC_PR_FREE::_EXC_PR_FREE( _RTCTL near *, RW_DTREG near *, EXCSTATE, ACTIVE_EXC near * )
004123d0       near _EXC_PR_FREE::~_EXC_PR_FREE()
00412408       near _EXC_PR_DTOR::_EXC_PR_DTOR( _RTCTL near *, RW_DTREG near *, EXCSTATE, ACTIVE_EXC near * )
00412418       near _EXC_PR_FNEXC::_EXC_PR_FNEXC( _RTCTL near *, RW_DTREG near *, RW_DTREG near *, ACTIVE_EXC near * )
00412438       near _EXC_PR_FNEXC::~_EXC_PR_FNEXC()
00412440       near _EXC_PR_DTOR::~_EXC_PR_DTOR()
Module: C:\Users\jc410\OneDrive\euphoria\watcom/lib386/nt\plbx3r.lib(areaexc.cpp)
0041af90       ___EXC_AREA
Module: C:\Users\jc410\OneDrive\euphoria\watcom/lib386/nt\plbx3r.lib(tsequiv.cpp)
00412470       __wcpp_4_ts_refed__
00412488+      __wcpp_4_ts_pnted__
004124bc       __wcpp_4_ts_equiv__
Module: C:\Users\jc410\OneDrive\euphoria\watcom/lib386/nt\plbx3r.lib(tssize.cpp)
004125c4       __wcpp_4_ts_size__
Module: C:\Users\jc410\OneDrive\euphoria\watcom/lib386/nt\plbx3r.lib(vfun_err.cpp)
00412600       __wcpp_4_undef_vfun__
Module: C:\Users\jc410\OneDrive\euphoria\watcom/lib386/nt\plbx3r.lib(stfdsgtn.cpp)
00412630       int near std::streambuf::do_sgetn( char near *, int )
Module: C:\Users\jc410\OneDrive\euphoria\watcom/lib386/nt\plbx3r.lib(stfdspun.cpp)
004126b0       int near std::streambuf::do_sputn( char const near *, int )
Module: C:\Users\jc410\OneDrive\euphoria\watcom/lib386/nt\plbx3r.lib(stfpbfai.cpp)
00412750       int near std::streambuf::pbackfail( int )
Module: C:\Users\jc410\OneDrive\euphoria\watcom/lib386/nt\plbx3r.lib(sdfoverf.cpp)
00412760       int near stdiobuf::overflow( int )
Module: C:\Users\jc410\OneDrive\euphoria\watcom/lib386/nt\plbx3r.lib(sdfundrf.cpp)
004128c0       int near stdiobuf::underflow()
Module: C:\Users\jc410\OneDrive\euphoria\watcom/lib386/nt\plbx3r.lib(stfsbuf.cpp)
004129e0       std::streambuf near * near std::streambuf::setbuf( char near *, int )
Module: C:\Users\jc410\OneDrive\euphoria\watcom/lib386/nt\plbx3r.lib(stfseeko.cpp)
00412a30       long near std::streambuf::seekoff( long, int, int )
Module: C:\Users\jc410\OneDrive\euphoria\watcom/lib386/nt\plbx3r.lib(stfseekp.cpp)
00412a40       long near std::streambuf::seekpos( long, int )
Module: C:\Users\jc410\OneDrive\euphoria\watcom/lib386/nt\plbx3r.lib(sdfsync.cpp)
00412a50       int near stdiobuf::sync()
Module: C:\Users\jc410\OneDrive\euphoria\watcom/lib386/nt\plbx3r.lib(stfdoall.cpp)
00412a80       int near std::streambuf::doallocate()
Module: C:\Users\jc410\OneDrive\euphoria\watcom/lib386/nt\plbx3r.lib(stfconde.cpp)
00412ac0       near std::streambuf::streambuf()
Module: C:\Users\jc410\OneDrive\euphoria\watcom/lib386/nt\plbx3r.lib(stabmod.cpp)
00412b10       __wcpp_4_module_dtor__
00412b3c       __wcpp_4_mod_register__
Module: C:\Users\jc410\OneDrive\euphoria\watcom/lib386/nt\plbx3r.lib(iosinit.cpp)
00412b50       void near std::ios::init( std::streambuf near * )
Module: C:\Users\jc410\OneDrive\euphoria\watcom/lib386/nt\plbx3r.lib(iosconde.cpp)
00412ba0       near std::ios::ios()
Module: C:\Users\jc410\OneDrive\euphoria\watcom/lib386/nt\plbx3r.lib(iosdestr.cpp)
00412bb0       near std::ios::~ios()
Module: C:\Users\jc410\OneDrive\euphoria\watcom/lib386/nt\plbx3r.lib(opdel.cpp)
00412c40       void near operator delete( void near * )
Module: C:\Users\jc410\OneDrive\euphoria\watcom/lib386/nt\plbx3r.lib(dtorarst.cpp)
00412c50       __wcpp_4_dtor_array_store__
Module: C:\Users\jc410\OneDrive\euphoria\watcom/lib386/nt\plbx3r.lib(opdelarr.cpp)
00412c80       void near operator delete []( void near * )
Module: C:\Users\jc410\OneDrive\euphoria\watcom/lib386/nt\plbx3r.lib(stfdestr.cpp)
00412c90       near std::streambuf::~streambuf()
Module: C:\Users\jc410\OneDrive\euphoria\watcom/lib386/nt\plbx3r.lib(opnewarr.cpp)
00412cb0       void near * near operator new []( int unsigned )
Module: C:\Users\jc410\OneDrive\euphoria\watcom/lib386/nt\clib3r.lib(memset.c)
00412cc0       memset_
Module: C:\Users\jc410\OneDrive\euphoria\watcom/lib386/nt\plbx3r.lib(iosfail.cpp)
00412ce0       near std::ios::failure::failure( int )
Module: C:\Users\jc410\OneDrive\euphoria\watcom/lib386/nt\plbx3r.lib(stabthrw.cpp)
004134d0+      near std::exception::exception()
00413520+      near std::exception::exception( std::exception const near & )
00413570+      near std::exception::exception( char const near * )
004135c0+      near std::exception::~exception()
00413650+      char const near * near std::exception::what() const
00413690+      near std::bad_exception::bad_exception()
004136f0+      near std::bad_exception::bad_exception( std::bad_exception const near & )
00413740+      near std::bad_exception::~bad_exception()
00413390*      __wcpp_4_rethrow__
004133d4*      __wcpp_4_catch_done__
0041343c       __wcpp_4_throw__
00413484*      __wcpp_4_throw_zero__
Module: C:\Users\jc410\OneDrive\euphoria\watcom/lib386/nt\clib3r.lib(alphabet.c)
004195ac       ___Alphabet
Module: C:\Users\jc410\OneDrive\euphoria\watcom/lib386/nt\clib3r.lib(fclose.c)
00413820+      __doclose_
004138c0       __shutdown_stream_
004138e0*      fclose_
0041d768+      ___RmTmpFileFn
Module: C:\Users\jc410\OneDrive\euphoria\watcom/lib386/nt\clib3r.lib(freefp.c)
00413930       __freefp_
00413980       __purgefp_
Module: C:\Users\jc410\OneDrive\euphoria\watcom/lib386/nt\clib3r.lib(seterrno.c)
004139ae       __set_errno_
004139bc*      __set_EDOM_
004139ca       __set_ERANGE_
004139d8*      __set_EINVAL_
004139eb       __set_doserrno_
Module: C:\Users\jc410\OneDrive\euphoria\watcom/lib386/nt\plbx3r.lib(prwdata.cpp)
0041d76c       __wint_pure_error_flag
0041d76e       __wint_undef_vfun_flag
0041d770       __wint_module_init
Module: C:\Users\jc410\OneDrive\euphoria\watcom/lib386/nt\plbx3r.lib(manws.cpp)
00413a00       std::istream near & near std::ws( std::istream near & )
Module: C:\Users\jc410\OneDrive\euphoria\watcom/lib386/nt\clib3r.lib(mthrdini.c)
00413a30       __InitThreadData_
0041bff8       ___ThreadDataSize
Module: C:\Users\jc410\OneDrive\euphoria\watcom/lib386/nt\clib3r.lib(cmain386.c)
00413a60       __CMain
Module: C:\Users\jc410\OneDrive\euphoria\watcom/lib386/nt\clib3r.lib(dosseg)
00001234       __DOSseg__
Module: C:\Users\jc410\OneDrive\euphoria\watcom/lib386/nt\clib3r.lib(noefgfmt.c)
0041bffc       ___EFG_printf
0041c000       ___EFG_scanf
Module: C:\Users\jc410\OneDrive\euphoria\watcom/lib386\math387r.lib(efgfmt.c)
00413ae2       _EFG_Format_
Module: C:\Users\jc410\OneDrive\euphoria\watcom/lib386\math387r.lib(strtod.c)
00414160+      __Strtold_
004142c7       strtod_
Module: C:\Users\jc410\OneDrive\euphoria\watcom/lib386\math387r.lib(ldclass.c)
0041440b       __LDClass_
0041445b*      _FLClass_
Module: C:\Users\jc410\OneDrive\euphoria\watcom/lib386\math387r.lib(efcvt.c)
0041449b*      ecvt_
004144d2       fcvt_
Module: C:\Users\jc410\OneDrive\euphoria\watcom/lib386/nt\clib3r.lib(8087cw.c)
0041c004       __8087cw
Module: C:\Users\jc410\OneDrive\euphoria\watcom/lib386/nt\clib3r.lib(save8087.c)
0041c008       ___Save8087
0041c00c       ___Rest8087
Module: C:\Users\jc410\OneDrive\euphoria\watcom/lib386/nt\clib3r.lib(init8087)
00414514       __x87id
Module: C:\Users\jc410\OneDrive\euphoria\watcom/lib386/nt\clib3r.lib(nrealloc.c)
00414550*      _nrealloc_
00414550       realloc_
Module: C:\Users\jc410\OneDrive\euphoria\watcom/lib386/nt\clib3r.lib(iomode.c)
004145d0       __GetIOMode_
004145f0       __SetIOMode_nogrow_
0041c010       ___NFiles
0041c014       ___init_mode
0041c064       ___io_mode
Module: C:\Users\jc410\OneDrive\euphoria\watcom/lib386/nt\clib3r.lib(stiomode.c)
00414610       __grow_iomode_
004146e0+      __shrink_iomode_
00414720       __SetIOMode_
Module: C:\Users\jc410\OneDrive\euphoria\watcom/lib386/nt\clib3r.lib(setenvp.c)
00414790       __setenvp_
00414850       __freeenvp_
Module: C:\Users\jc410\OneDrive\euphoria\watcom/lib386/nt\clib3r.lib(ustrlen.c)
0041489d       wcslen_
Module: C:\Users\jc410\OneDrive\euphoria\watcom/lib386/nt\clib3r.lib(memcpy.c)
004148b0       memcpy_
Module: C:\Users\jc410\OneDrive\euphoria\watcom/lib386/nt\clib3r.lib(conutwnt.c)
004148e0       __NTRealKey_
00414990       __NTConsoleInput_
004149a0       __NTConsoleOutput_
Module: C:\Users\jc410\OneDrive\euphoria\watcom/lib386/nt\clib3r.lib(fclex387.c)
004149b0       _ClearFPE_
Module: C:\Users\jc410\OneDrive\euphoria\watcom/lib386/nt\clib3r.lib(signlwnt.c)
0041c070+      __SignalTable
004149c0+      __SetSignalFunc_
00414a10+      __GetSignalFunc_
00414a40+      __GetSignalOSCode_
00414a70+      __CheckSignalExCode_
00414bb0+      __sigabort_
00414bc0       __sigfpe_handler_
00414c10*      signal_
00414ca0+      raise_
00414d10+      __SigInit_
00414d60+      __SigFini_
00414da0+      __sig_init_
Module: C:\Users\jc410\OneDrive\euphoria\watcom/lib386/nt\clib3r.lib(chktty.c)
00414dc0       __chktty_
Module: C:\Users\jc410\OneDrive\euphoria\watcom/lib386/nt\clib3r.lib(wctomb.c)
00414e00       wctomb_
Module: C:\Users\jc410\OneDrive\euphoria\watcom/lib386/nt\clib3r.lib(itoa.c)
00414e40+      utoa_
00414e90       itoa_
Module: C:\Users\jc410\OneDrive\euphoria\watcom/lib386/nt\clib3r.lib(lltoa.c)
00414ec0       ulltoa_
00414f30*      lltoa_
Module: C:\Users\jc410\OneDrive\euphoria\watcom/lib386/nt\clib3r.lib(mbisdbcs.c)
0041d77c       ___IsDBCS
Module: C:\Users\jc410\OneDrive\euphoria\watcom/lib386/nt\clib3r.lib(mbislead.c)
00414f60*      _ismbblead_
0041d780       ___MBCSIsTable
Module: C:\Users\jc410\OneDrive\euphoria\watcom/lib386/nt\clib3r.lib(__lseek.c)
00414f80       __lseek_
Module: C:\Users\jc410\OneDrive\euphoria\watcom/lib386/nt\clib3r.lib(fsync.c)
00414fc0       fsync_
Module: C:\Users\jc410\OneDrive\euphoria\watcom/lib386/nt\clib3r.lib(qwrit.c)
00415010       __qwrite_
Module: C:\Users\jc410\OneDrive\euphoria\watcom/lib386/nt\clib3r.lib(exit.c)
004150f0+      __null_int23_exit_
004150f1       exit_
00415141*      _exit_
0041c0dc+      ___int23_exit
0041c0e0+      ___FPE_handler_exit
Module: C:\Users\jc410\OneDrive\euphoria\watcom/lib386/nt\clib3r.lib(_strcmp)
00415160       strcmp_
Module: C:\Users\jc410\OneDrive\euphoria\watcom/lib386/nt\clib3r.lib(fwrite.c)
004152a0       fwrite_
Module: C:\Users\jc410\OneDrive\euphoria\watcom/lib386/nt\clib3r.lib(memmove.c)
004154b0       memmove_
Module: C:\Users\jc410\OneDrive\euphoria\watcom/lib386/nt\clib3r.lib(fgetc.c)
00415510+      __fill_buffer_
00415610       fgetc_
Module: C:\Users\jc410\OneDrive\euphoria\watcom/lib386/nt\plbx3r.lib(stfsetb.cpp)
004156d0       void near std::streambuf::setb( char near *, char near *, int )
Module: C:\Users\jc410\OneDrive\euphoria\watcom/lib386/nt\clib3r.lib(liballoc.c)
00415730       _plib_malloc_
00415740       _plib_free_
Module: C:\Users\jc410\OneDrive\euphoria\watcom/lib386/nt\plbx3r.lib(ioufrxal.cpp)
00415750       void near __WATCOM_ios::free_xalloc_storage( std::ios near * )
Module: C:\Users\jc410\OneDrive\euphoria\watcom/lib386/nt\plbx3r.lib(opnew.cpp)
00415770       void near * near operator new( int unsigned )
Module: C:\Users\jc410\OneDrive\euphoria\watcom/lib386/nt\clib3r.lib(__stos)
004157c0       __STOSB
004157f7*      __STOSD
Module: C:\Users\jc410\OneDrive\euphoria\watcom/lib386/nt\plbx3r.lib(unexpect.cpp)
00415870       void near std::unexpected()
Module: C:\Users\jc410\OneDrive\euphoria\watcom/lib386/nt\clib3r.lib(setjmp)
00415908*      _setjmp_
00415941       longjmp_
Module: C:\Users\jc410\OneDrive\euphoria\watcom/lib386/nt\plbx3r.lib(stabinit.cpp)
004159d0       __wcpp_4_exc_setup__
Module: C:\Users\jc410\OneDrive\euphoria\watcom/lib386/nt\clib3r.lib(stackwnt.c)
00415a70       stackavail_
Module: C:\Users\jc410\OneDrive\euphoria\watcom/lib386/nt\clib3r.lib(_clsewnt.c)
00415a80       __close_
Module: C:\Users\jc410\OneDrive\euphoria\watcom/lib386/nt\plbx3r.lib(istpeek.cpp)
00415ae0       int near std::istream::peek()
Module: C:\Users\jc410\OneDrive\euphoria\watcom/lib386/nt\clib3r.lib(isspace.c)
00415b40       isspace_
Module: C:\Users\jc410\OneDrive\euphoria\watcom/lib386/nt\plbx3r.lib(istget.cpp)
00415b50       int near std::istream::get()
Module: C:\Users\jc410\OneDrive\euphoria\watcom/lib386/nt\clib3r.lib(cinit.c)
00415bd0       __CommonInit_
Module: C:\Users\jc410\OneDrive\euphoria\watcom/lib386/nt\clib3r.lib(___argc.c)
0041d884       ____Argc
0041d888       ____Argv
Module: C:\Users\jc410\OneDrive\euphoria\watcom/lib386/nt\clib3r.lib(rtcntrl.c)
00415be0*      _SetLD64bit_
00415bf0*      _SetLD80bit_
00415c00       _LDisDouble_
Module: C:\Users\jc410\OneDrive\euphoria\watcom/lib386/nt\clib3r.lib(tolower.c)
00415c10       tolower_
Module: C:\Users\jc410\OneDrive\euphoria\watcom/lib386\math387r.lib(bufld386)
00415c20       __ZBuf2LD
Module: C:\Users\jc410\OneDrive\euphoria\watcom/lib386\math387r.lib(inf_nan.c)
00415cc3*      ___f_infinity
00415cc7*      ___f_posqnan
00415ccb       ___d_infinity
00415cd3       ___d_posqnan
00415cdb*      ___ld_infinity
00415ce3*      ___ld_posqnan
Module: C:\Users\jc410\OneDrive\euphoria\watcom/lib386/nt\clib3r.lib(hugeval.c)
00415cf0       __HugeValue
Module: C:\Users\jc410\OneDrive\euphoria\watcom/lib386/nt\clib3r.lib(cvtbuf.c)
00415d00       __CVTBuffer_
Module: C:\Users\jc410\OneDrive\euphoria\watcom/lib386\math387r.lib(cvt.c)
00415d0c       __cvt_
Module: C:\Users\jc410\OneDrive\euphoria\watcom/lib386/nt\clib3r.lib(nmsize.c)
00415d90       _nmsize_
00415d90*      _msize_
Module: C:\Users\jc410\OneDrive\euphoria\watcom/lib386/nt\clib3r.lib(nexpand.c)
00415da0       _nexpand_
00415da0*      _expand_
00415de0+      __HeapManager_expand_
Module: C:\Users\jc410\OneDrive\euphoria\watcom/lib386/nt\clib3r.lib(iomodtty.c)
00415fa0       __ChkTTYIOMode_
00415fe0*      __IOMode_
Module: C:\Users\jc410\OneDrive\euphoria\watcom/lib386/nt\clib3r.lib(dofilstr.c)
00416020       __ParsePosixHandleStr_
Module: C:\Users\jc410\OneDrive\euphoria\watcom/lib386/nt\clib3r.lib(clearenv.c)
00416140       clearenv_
Module: C:\Users\jc410\OneDrive\euphoria\watcom/lib386/nt\clib3r.lib(abort.c)
004161e5*      abort_
004161f7       __terminate_
0041c0e8       ___abort
Module: C:\Users\jc410\OneDrive\euphoria\watcom/lib386/nt\clib3r.lib(isattwnt.c)
00416210       isatty_
Module: C:\Users\jc410\OneDrive\euphoria\watcom/lib386/nt\clib3r.lib(mbinit.c)
00416266       __mbinit_
0041c0ec       ___MBCodePage
Module: C:\Users\jc410\OneDrive\euphoria\watcom/lib386/nt\clib3r.lib(dosret.c)
00416360*      _dosretax_
00416370*      _dosret0_
00416380       __set_errno_dos_
004163b0*      __set_errno_dos_reterr_
004163c0       __set_errno_nt_
004163d0*      __set_errno_nt_reterr_
Module: C:\Users\jc410\OneDrive\euphoria\watcom/lib386/nt\clib3r.lib(flushall.c)
004163f0       __flushall_
00416430*      flushall_
Module: C:\Users\jc410\OneDrive\euphoria\watcom/lib386/nt\clib3r.lib(gtchewnt.c)
00416440       getche_
Module: C:\Users\jc410\OneDrive\euphoria\watcom/lib386/nt\clib3r.lib(qread.c)
00416470       __qread_
Module: C:\Users\jc410\OneDrive\euphoria\watcom/lib386/nt\clib3r.lib(ljmphdl.c)
0041c1f4       ___longjmp_handler
Module: C:\Users\jc410\OneDrive\euphoria\watcom/lib386/nt\plbx3r.lib(istipfx.cpp)
004164f0       int near std::istream::ipfx( int )
Module: C:\Users\jc410\OneDrive\euphoria\watcom/lib386/nt\clib3r.lib(getenv.c)
00416530       getenv_
Module: C:\Users\jc410\OneDrive\euphoria\watcom/lib386/nt\clib3r.lib(strncpy.c)
004165c0       strncpy_
Module: C:\Users\jc410\OneDrive\euphoria\watcom/lib386/nt\clib3r.lib(strtol.c)
00416820*      strtoul_
00416830       strtol_
Module: C:\Users\jc410\OneDrive\euphoria\watcom/lib386/nt\clib3r.lib(putenv.c)
00416840       putenv_
00416ad0       __putenv_
Module: C:\Users\jc410\OneDrive\euphoria\watcom/lib386/nt\clib3r.lib(getchwnt.c)
00416d40       getch_
Module: C:\Users\jc410\OneDrive\euphoria\watcom/lib386/nt\clib3r.lib(putchwnt.c)
00416db0       putch_
Module: C:\Users\jc410\OneDrive\euphoria\watcom/lib386/nt\clib3r.lib(mbterm.c)
00416e00       _mbterm_
Module: C:\Users\jc410\OneDrive\euphoria\watcom/lib386/nt\clib3r.lib(mbsnextc.c)
00416e40       _mbsnextc_
Module: C:\Users\jc410\OneDrive\euphoria\watcom/lib386/nt\clib3r.lib(mbcupper.c)
00416e80       _mbctoupper_
Module: C:\Users\jc410\OneDrive\euphoria\watcom/lib386/nt\clib3r.lib(mbsinc.c)
00416eb0       _mbsinc_
Module: C:\Users\jc410\OneDrive\euphoria\watcom/lib386/nt\clib3r.lib(mbschr.c)
00416ee0       _mbschr_
Module: C:\Users\jc410\OneDrive\euphoria\watcom/lib386/nt\clib3r.lib(mbslen.c)
00416f40       _mbslen_
Module: C:\Users\jc410\OneDrive\euphoria\watcom/lib386/nt\clib3r.lib(mbstowcs.c)
00416f70       mbstowcs_
Module: C:\Users\jc410\OneDrive\euphoria\watcom/lib386/nt\clib3r.lib(uputenv.c)
00416ff0*      _wputenv_
00417210       __wputenv_
Module: C:\Users\jc410\OneDrive\euphoria\watcom/lib386/nt\clib3r.lib(toupper.c)
00417310       toupper_
Module: C:\Users\jc410\OneDrive\euphoria\watcom/lib386/nt\clib3r.lib(mbconv.c)
00417320       _mbvtop_
Module: C:\Users\jc410\OneDrive\euphoria\watcom/lib386/nt\clib3r.lib(mbclen.c)
00417340       _mbclen_
Module: C:\Users\jc410\OneDrive\euphoria\watcom/lib386/nt\clib3r.lib(mbccmp.c)
00417370       _mbccmp_
Module: C:\Users\jc410\OneDrive\euphoria\watcom/lib386/nt\clib3r.lib(mbtowc.c)
004173b0       mbtowc_
Module: C:\Users\jc410\OneDrive\euphoria\watcom/lib386/nt\clib3r.lib(ustrchr.c)
00417440       wcschr_
Module: C:\Users\jc410\OneDrive\euphoria\watcom/lib386/nt\clib3r.lib(setenvar.c)
00417460       __lib_SetEnvironmentVariableW_
Module: C:\Users\jc410\OneDrive\euphoria\watcom/lib386/nt\clib3r.lib(crtwenv.c)
00417550       __create_wide_environment_
Module: C:\Users\jc410\OneDrive\euphoria\watcom/lib386/nt\clib3r.lib(wcstombs.c)
004175c0       wcstombs_
Module: C:\Users\jc410\OneDrive\euphoria\watcom/lib386/nt\clib3r.lib(utoupper.c)
0041765f       towupper_
Module: C:\Users\jc410\OneDrive\euphoria\watcom/lib386/nt\plbx3r.lib(stfsync.cpp)
00417670       int near std::streambuf::sync()


                        +----------------------+
                        |   Imported Symbols   |
                        +----------------------+

Symbol                              Module
======                              ======

DoubleToInt_                        jceuobj.dll
UserCleanup_                        jceuobj.dll
doChar_                             jceuobj.dll
MakeCString_                        jceuobj.dll
de_reference_                       jceuobj.dll
NewS1_                              jceuobj.dll
SimpleRTFatal_                      jceuobj.dll
not_bits_                           jceuobj.dll
Dnot_bits_                          jceuobj.dll
and_bits_                           jceuobj.dll
NewDouble_                          jceuobj.dll
Dand_bits_                          jceuobj.dll
or_bits_                            jceuobj.dll
Dor_bits_                           jceuobj.dll
xor_bits_                           jceuobj.dll
Dxor_bits_                          jceuobj.dll
Concat_N_                           jceuobj.dll
compare_                            jceuobj.dll
find_                               jceuobj.dll
e_match_                            jceuobj.dll
find_from_                          jceuobj.dll
e_match_from_                       jceuobj.dll
Repeat_                             jceuobj.dll
Prepend_                            jceuobj.dll
Append_                             jceuobj.dll
Concat_                             jceuobj.dll
eremainder_                         jceuobj.dll
Dremainder_                         jceuobj.dll
power_                              jceuobj.dll
Dpower_                             jceuobj.dll
e_sqrt_                             jceuobj.dll
De_sqrt_                            jceuobj.dll
e_sin_                              jceuobj.dll
De_sin_                             jceuobj.dll
e_cos_                              jceuobj.dll
De_cos_                             jceuobj.dll
e_tan_                              jceuobj.dll
De_tan_                             jceuobj.dll
e_arctan_                           jceuobj.dll
De_arctan_                          jceuobj.dll
e_log_                              jceuobj.dll
De_log_                             jceuobj.dll
e_floor_                            jceuobj.dll
De_floor_                           jceuobj.dll
Random32_                           jceuobj.dll
DRandom32_                          jceuobj.dll
get_rand32_                         jceuobj.dll
set_rand32_                         jceuobj.dll
NewString_                          jceuobj.dll
screen_output_                      jceuobj.dll
_GetStdHandle@4                     KERNEL32.DLL
_WriteFile@20                       KERNEL32.DLL
_GetEnvironmentStringsA@0           KERNEL32.DLL
_GetVersion@0                       KERNEL32.DLL
_GetModuleFileNameA@12              KERNEL32.DLL
_GetCommandLineA@0                  KERNEL32.DLL
_GetCommandLineW@0                  KERNEL32.DLL
_FreeEnvironmentStringsA@4          KERNEL32.DLL
_GetModuleHandleA@4                 KERNEL32.DLL
_ExitProcess@4                      KERNEL32.DLL
_VirtualAlloc@16                    KERNEL32.DLL
_SetStdHandle@8                     KERNEL32.DLL
_CreateEventA@16                    KERNEL32.DLL
_CloseHandle@4                      KERNEL32.DLL
_GetModuleFileNameW@12              KERNEL32.DLL
_MultiByteToWideChar@24             KERNEL32.DLL
_LoadLibraryA@4                     KERNEL32.DLL
_GetProcAddress@8                   KERNEL32.DLL
_SetUnhandledExceptionFilter@4      KERNEL32.DLL
_UnhandledExceptionFilter@4         KERNEL32.DLL
_VirtualQuery@12                    KERNEL32.DLL
_VirtualFree@12                     KERNEL32.DLL
_RtlUnwind@16                       KERNEL32.DLL
_RaiseException@16                  KERNEL32.DLL
_GetCurrentThreadId@0               KERNEL32.DLL
_CreateFileA@28                     KERNEL32.DLL
_SetConsoleCtrlHandler@8            KERNEL32.DLL
_WideCharToMultiByte@32             KERNEL32.DLL
_SetFilePointer@16                  KERNEL32.DLL
_FlushFileBuffers@4                 KERNEL32.DLL
_GetLastError@0                     KERNEL32.DLL
_GetFileType@4                      KERNEL32.DLL
_GetACP@0                           KERNEL32.DLL
_GetOEMCP@0                         KERNEL32.DLL
_GetCPInfo@8                        KERNEL32.DLL
_ReadFile@20                        KERNEL32.DLL
_SetEnvironmentVariableA@8          KERNEL32.DLL
_ReadConsoleInputA@16               KERNEL32.DLL
_GetConsoleMode@8                   KERNEL32.DLL
_SetConsoleMode@8                   KERNEL32.DLL
_WriteConsoleA@20                   KERNEL32.DLL
_CharUpperA@4                       USER32.DLL
_SetEnvironmentVariableW@8          KERNEL32.DLL


                        +--------------------+
                        |   Libraries Used   |
                        +--------------------+

C:\Users\jc410\OneDrive\euphoria\watcom/lib386/nt\kernel32.lib
C:\Users\jc410\OneDrive\euphoria\watcom/lib386/nt\user32.lib
jceuobj.lib
C:\Users\jc410\OneDrive\euphoria\watcom/lib386/nt\clib3r.lib
C:\Users\jc410\OneDrive\euphoria\watcom/lib386/nt\plbx3r.lib
C:\Users\jc410\OneDrive\euphoria\watcom/lib386\math387r.lib
C:\Users\jc410\OneDrive\euphoria\watcom/lib386/nt\emu387.lib


                        +-----------------------+
                        |   Linker Statistics   |
                        +-----------------------+

Stack size:  00010000 (65536.)
Memory size:  0002ba60 (178784.)
Entry point address: 0040d05e
Link time: 00:00.50
